******************************************************************************
               TMS320C6x Linker Unix v8.1.3                    
******************************************************************************
>> Linked Thu Apr 26 16:01:50 2018

OUTPUT FILE NAME:   <xwr16xx/xwr16xx_data_path_dss.xe674>
ENTRY POINT SYMBOL: "_c_int00"  address: 007f7dc0


MEMORY CONFIGURATION

         name            origin    length      used     unused   attr    fill
----------------------  --------  ---------  --------  --------  ----  --------
PAGE 0:
  L2SRAM_UMAP1          007e0000   00020000  0001bd60  000042a0  RWIX
  L2SRAM_UMAP0          00800000   00020000  0001ef7d  00001083  RWIX
  L1PSRAM               00e00000   00004000  00003da0  00000260  RWIX
  L1DSRAM               00f00000   00004000  00004000  00000000  RWIX
  L3SRAM                20000000   000c0000  000c0000  00000000  RWIX
  HSRAM                 21080000   00008000  00000000  00008000  RWIX

PAGE 1:
  L3SRAM                20000000   000c0000  00000000  000c0000  RWIX


SEGMENT ALLOCATION MAP

run origin  load origin   length   init length attrs members
----------  ----------- ---------- ----------- ----- -------
007e0000    007e0000    0001bd60   0001bd60    r-x
  007e0000    007e0000    00000200   00000200    r-x .vecs
  007e0200    007e0200    0001bb60   0001bb60    r-x .text
00800000    00800000    00018000   00000000    rw-
  00800000    00800000    0000c000   00000000    rw- .l2data
  0080c000    0080c000    00008000   00000000    rw- systemHeap
  00814000    00814000    00004000   00000000    rw- .MCPILogBuffer
00818000    00818000    00003694   00003694    r--
  00818000    00818000    00003694   00003694    r-- .const
0081b698    0081b698    000017b0   00000000    rw-
  0081b698    0081b698    000017b0   00000000    rw- .far
0081ce48    0081ce48    000020c0   00000f9c    rw-
  0081ce48    0081ce48    00000f9c   00000f9c    rw- .fardata
  0081dde8    0081dde8    00001000   00000000    rw- .stack
  0081ede8    0081ede8    00000120   00000000    rw- .cio
0081ef08    0081ef08    00000058   00000058    r--
  0081ef08    0081ef08    00000058   00000058    r-- .switch
0081ef60    0081ef60    00000025   00000020    rw-
  0081ef60    0081ef60    00000020   00000020    rw- .neardata
  0081ef80    0081ef80    00000005   00000000    rw- .bss
00e00000    00e00000    00001760   00001760    r-x
  00e00000    00e00000    00001760   00001760    r-x .fastCode.1
00e017a0    00e017a0    00001480   00001480    r-x
  00e017a0    00e017a0    00001480   00001480    r-x .fastCode.2
00e02c40    00e02c40    00000500   00000500    r-x
  00e02c40    00e02c40    00000500   00000500    r-x .fastCode.3
00e03180    00e03180    00000200   00000200    r-x
  00e03180    00e03180    00000200   00000200    r-x .fastCode.4
00e033a0    00e033a0    00000ac0   00000ac0    r-x
  00e033a0    00e033a0    00000ac0   00000ac0    r-x .fastCode.5
00f00000    00f00000    00004000   00000000    rw-
  00f00000    00f00000    00004000   00000000    rw- .l1data
20000000    20000000    000c0000   00000000    rw-
  20000000    20000000    000c0000   00000000    rw- .l3data


SECTION ALLOCATION MAP

 output                                  attributes/
section   page    origin      length       input sections
--------  ----  ----------  ----------   ----------------
xdc.meta   0    00000000    00000110     COPY SECTION
                  00000000    00000110     test_pe674.oe674 (xdc.meta)

.vecs      0    007e0000    00000200     
                  007e0000    00000200     test_pe674.oe674 (.vecs)

.MCPILogBuffer 
*          0    00814000    00004000     UNINITIALIZED
                  00814000    00004000     main.oe674 (.MCPILogBuffer)

.stack     0    0081dde8    00001000     UNINITIALIZED
                  0081dde8    00000008     boot.ae674 : boot.oe674 (.stack)
                  0081ddf0    00000ff8     --HOLE--

.neardata 
*          0    0081ef60    00000020     
                  0081ef60    0000000d     main.oe674 (.neardata)
                  0081ef6d    00000003     --HOLE-- [fill = 0]
                  0081ef70    00000008     gen_frame_data.oe674 (.neardata)
                  0081ef78    00000004     libedma_xwr16xx.ae674 : edma_low_level.oe674 (.neardata)
                  0081ef7c    00000004     libtestlogger_xwr16xx.ae674 : logger.oe674 (.neardata)

.bss       0    0081ef80    00000005     UNINITIALIZED
                  0081ef80    00000004     (.common:MCPI_FailSignature)
                  0081ef84    00000001     (.common:MCPI_Result)

.cinit     0    00800000    00000000     UNINITIALIZED

.far       0    0081b698    000017b0     UNINITIALIZED
                  0081b698    00000800     test_pe674.oe674 (.far:taskStackSection)
                  0081be98    00000550     (.common:gDataPathObj)
                  0081c3e8    00000538     (.common:EDMA_object)
                  0081c920    00000140     (.common:__TI_tmpnams)
                  0081ca60    00000120     (.common:gCliCfg)
                  0081cb80    000000fc     (.common:gCfg)
                  0081cc7c    000000e0     (.common:gGenFrameDataObj)
                  0081cd5c    000000b4     (.common:gCliCommonCfg)
                  0081ce10    00000010     (.common:edmaDbg)
                  0081ce20    00000010     (.common:gCycleLog)
                  0081ce30    00000010     (.common:gMmwDemo_dataPathContext)
                  0081ce40    00000008     (.common:parmbuf)

.l1data    0    00f00000    00004000     UNINITIALIZED
                  00f00000    00004000     dss_data_path.oe674 (.l1data)

.l3data    0    20000000    000c0000     UNINITIALIZED
                  20000000    000c0000     dss_data_path.oe674 (.l3data)

.text      0    007e0200    0001bb60     
                  007e0200    000008a0     ti.targets.rts6000.ae674 : System.oe674 (.text:xdc_runtime_System_doPrint__I)
                  007e0aa0    00000860     rts6740_elf.lib : _printfi.obj (.text:_pproc_diouxp)
                  007e1300    000007e0     main.oe674 (.text:Test_task)
                  007e1ae0    000007e0     rts6740_elf.lib : pow.obj (.text:pow)
                  007e22c0    000007e0     sysbios.ae674 : BIOS.obj (.text:ti_sysbios_knl_Semaphore_pend__E)
                  007e2aa0    00000780     rts6740_elf.lib : _printfi.obj (.text:__TI_printfi)
                  007e3220    00000780     sysbios.ae674 : BIOS.obj (.text:ti_sysbios_family_c64p_Exception_handler__I)
                  007e39a0    00000640                   : BIOS.obj (.text:ti_sysbios_heaps_HeapMem_allocUnprotected__E)
                  007e3fe0    000005c0     rts6740_elf.lib : divd.obj (.text:__c6xabi_divd)
                  007e45a0    000005c0     gen_frame_data.oe674 (.text:genChirpData)
                  007e4b60    000005c0     sysbios.ae674 : BIOS.obj (.text:ti_sysbios_heaps_HeapMem_freeUnprotected__E)
                  007e5120    000005a0     dss_data_path.oe674 (.text:MmwDemo_dataPathConfigEdma)
                  007e56c0    000005a0     rts6740_elf.lib : _printfi.obj (.text:_pconv_g)
                  007e5c60    000005a0                     : _printfi.obj (.text:_setfield)
                  007e6200    00000580     sysbios.ae674 : BIOS.obj (.text:ti_sysbios_knl_Task_Instance_finalize__E)
                  007e6780    00000560     dss_data_path.oe674 (.text:MmwDemo_cfarPeakGroupingCfarQualified)
                  007e6ce0    00000500     dss_data_path.oe674 (.text:MmwDemo_dataPathConfigBuffers)
                  007e71e0    00000500     rx_ch_bias_measure.oe674 (.text:MmwDemo_rangeBiasRxChPhaseMeasure)
                  007e76e0    000004a0     rts6740_elf.lib : _printfi.obj (.text:_pconv_e)
                  007e7b80    00000460     dss_data_path.oe674 (.text:MmwDemo_gen_twiddle_fft16x16_fast)
                  007e7fe0    00000420     rts6740_elf.lib : _printfi.obj (.text:_pconv_a)
                  007e8400    000003c0     sysbios.ae674 : BIOS.obj (.text:ti_sysbios_knl_Task_Module_startup__E)
                  007e87c0    000003a0     dss_data_path.oe674 (.text:MmwDemo_dcRangeSignatureCompensation)
                  007e8b60    00000380     sysbios.ae674 : BIOS.obj (.text:ti_sysbios_knl_Task_Instance_init__E)
                  007e8ee0    00000380                   : BIOS.obj (.text:ti_sysbios_timers_rti_Timer_Module_startup__E)
                  007e9260    00000360     rts6740_elf.lib : _printfi.obj (.text:acvt)
                  007e95c0    00000360                     : fputs.obj (.text:fputs)
                  007e9920    00000320     dss_data_path.oe674 (.text:MmwDemo_nearFieldCorrection)
                  007e9c40    00000320     rts6740_elf.lib : _printfi.obj (.text:_pproc_fgea)
                  007e9f60    00000320                     : cos.obj (.text:cos)
                  007ea280    000002e0     libedma_xwr16xx.ae674 : edma.oe674 (.text:EDMA_error_isr)
                  007ea560    000002e0     rts6740_elf.lib : sin.obj (.text:sin)
                  007ea840    000002e0     sysbios.ae674 : BIOS.obj (.text:ti_sysbios_heaps_HeapMem_Instance_init__E)
                  007eab20    000002c0     dss_data_path.oe674 (.text:MmwDemo_genWindow)
                  007eade0    000002c0     main.oe674 (.text:Test_setProfile)
                  007eb0a0    000002c0     rts6740_elf.lib : fread.obj (.text:fread)
                  007eb360    000002a0                     : divf.obj (.text:__c6xabi_divf)
                  007eb600    000002a0                     : _printfi.obj (.text:_pconv_f)
                  007eb8a0    000002a0                     : _printfi.obj (.text:_pproc_fwp)
                  007ebb40    000002a0                     : _printfi.obj (.text:fcvt)
                  007ebde0    000002a0     gen_frame_data.oe674 (.text:initFrameData)
                  007ec080    000002a0     sysbios.ae674 : BIOS.obj (.text:ti_sysbios_family_c64p_Cache_Module_startup__E)
                  007ec320    000002a0                   : BIOS.obj (.text:ti_sysbios_knl_Clock_workFunc__E)
                  007ec5c0    000002a0                   : BIOS.obj (.text:ti_sysbios_knl_Semaphore_post__E)
                  007ec860    00000280     libedma_xwr16xx.ae674 : edma.oe674 (.text:EDMA_configChannel)
                  007ecae0    00000260                           : edma.oe674 (.text:EDMA_open)
                  007ecd40    00000260     libtestlogger_xwr16xx.ae674 : logger.oe674 (.text:MCPI_setFeatureTestResult)
                  007ecfa0    00000260     rts6740_elf.lib : imath64.obj (.text:__c6xabi_divull)
                  007ed200    00000260     sysbios.ae674 : BIOS.obj (.text:ti_sysbios_family_c64p_Hwi_dispatchCore__I)
                  007ed460    00000260     ti.targets.rts6000.ae674 : Startup.oe674 (.text:xdc_runtime_Startup_startMods__I)
                  007ed6c0    00000240     libedma_xwr16xx.ae674 : edma.oe674 (.text:EDMA_configErrorMonitoring)
                  007ed900    00000240     rts6740_elf.lib : setvbuf.obj (.text:setvbuf)
                  007edb40    00000240     sysbios.ae674 : BIOS.obj (.text:ti_sysbios_family_c64p_Exception_internalHandler__I)
                  007edd80    00000240                   : BIOS.obj (.text:ti_sysbios_timers_rti_Timer_getFreq__E)
                  007edfc0    00000240     ti.targets.rts6000.ae674 : Core-mem.oe674 (.text:xdc_runtime_Core_createObject__I)
                  007ee200    00000240     test_pe674.oe674 (.text:xdc_runtime_System_printfExtend__I)
                  007ee440    00000220     libedma_xwr16xx.ae674 : edma.oe674 (.text:EDMA_transferComplete_isr)
                  007ee660    00000220     dss_data_path.oe674 (.text:MmwDemo_EDMA_CQTransferCompletionCallbackFxn)
                  007ee880    00000220     rts6740_elf.lib : fputc.obj (.text:fputc)
                  007eeaa0    00000220                     : lowlev.obj (.text:open)
                  007eecc0    00000220     sysbios.ae674 : BIOS.obj (.text:ti_sysbios_family_c64p_Cache_block__I)
                  007eeee0    00000220                   : BIOS.obj (.text:ti_sysbios_family_c64p_Hwi_reconfig__E)
                  007ef100    00000220                   : BIOS.obj (.text:ti_sysbios_knl_Swi_run__I)
                  007ef320    00000200     rts6740_elf.lib : _printfi.obj (.text:_ltostr)
                  007ef520    00000200     sysbios.ae674 : c64p_Hwi_disp_always.obj (.text:_ti_sysbios_family_c64p_Hwi_dispatchAlways)
                  007ef720    00000200                   : BIOS.obj (.text:ti_sysbios_family_c64p_EventCombiner_dispatchPlug__E)
                  007ef920    00000200                   : BIOS.obj (.text:ti_sysbios_family_c64p_EventCombiner_dispatch__E)
                  007efb20    00000200     ti.targets.rts6000.ae674 : Error.oe674 (.text:xdc_runtime_Error_policyDefault__E)
                  007efd20    000001e0     libedma_xwr16xx.ae674 : edma.oe674 (.text:EDMA_init)
                  007eff00    000001e0     dss_data_path.oe674 (.text:MmwDemo_gen_twiddle_fft32x32_fast)
                  007f00e0    000001e0     main.oe674 (.text:Test_CompareToRef)
                  007f02c0    000001e0     rts6740_elf.lib : log.obj (.text:log)
                  007f04a0    000001e0     sysbios.ae674 : BIOS.obj (.text:ti_sysbios_gates_GateMutex_enter__E)
                  007f0680    000001e0                   : BIOS.obj (.text:ti_sysbios_knl_Task_checkStacks__E)
                  007f0860    000001e0                   : BIOS.obj (.text:ti_sysbios_knl_Task_exit__E)
                  007f0a40    000001e0     ti.targets.rts6000.ae674 : Text.oe674 (.text:xdc_runtime_Text_putSite__E)
                  007f0c20    000001c0     dss_data_path.oe674 (.text:MmwDemo_XYcalc)
                  007f0de0    000001c0     dss_data_path.oe674 (.text:MmwDemo_genDftSinCosTable)
                  007f0fa0    000001c0     rts6740_elf.lib : imath40.obj (.text:__c6xabi_divul)
                  007f1160    000001c0                     : fopen.obj (.text:_openfile)
                  007f1320    000001c0                     : frexp.obj (.text:frexp)
                  007f14e0    000001a0     libedma_xwr16xx.ae674 : edma.oe674 (.text:EDMA_paramConfig_assist)
                  007f1680    000001a0     dss_config_edma_util.oe674 (.text:EDMAutil_configType2b)
                  007f1820    000001a0     rts6740_elf.lib : trgdrv.obj (.text:HOSTrename)
                  007f19c0    000001a0     dss_data_path.oe674 (.text:MmwDemo_dataPathConfigFFTs)
                  007f1b60    000001a0     main.oe674 (.text:Test_printResults)
                  007f1d00    000001a0     rts6740_elf.lib : lowlev.obj (.text:getdevice)
                  007f1ea0    000001a0     sysbios.ae674 : BIOS.obj (.text:ti_sysbios_family_c64p_Cache_getL2InitSize__I)
                  007f2040    000001a0                   : BIOS.obj (.text:ti_sysbios_knl_Task_schedule__I)
                  007f21e0    000001a0                   : BIOS.obj (.text:ti_sysbios_timers_rti_Timer_startup__E)
                  007f2380    000001a0     ti.targets.rts6000.ae674 : Core-smem.oe674 (.text:xdc_runtime_Core_constructObject__I)
                  007f2520    00000180     gen_frame_data.oe674 (.text:GaussianNoise)
                  007f26a0    00000180     rts6740_elf.lib : ldexp.obj (.text:ldexp)
                  007f2820    00000180     sysbios.ae674 : c64p_Exception_asm.obj (.text)
                  007f29a0    00000180                   : BIOS.obj (.text:ti_sysbios_knl_Task_postInit__I)
                  007f2b20    00000180                   : BIOS.obj (.text:ti_sysbios_knl_Task_startCore__E)
                  007f2ca0    00000160     dss_config_edma_util.oe674 (.text:EDMAutil_configType1)
                  007f2e00    00000160     dss_config_edma_util.oe674 (.text:EDMAutil_configType3)
                  007f2f60    00000160     rx_ch_bias_measure.oe674 (.text:MmwDemo_quadFit)
                  007f30c0    00000160     rts6740_elf.lib : sqrt.obj (.text:sqrt)
                  007f3220    00000160     sysbios.ae674 : BIOS.obj (.text:ti_sysbios_knl_Swi_post__E)
                  007f3380    00000160     ti.targets.rts6000.ae674 : Text.oe674 (.text:xdc_runtime_Text_putMod__E)
                  007f34e0    00000140     libedma_xwr16xx.ae674 : edma_low_level.oe674 (.text:EDMA3Init)
                  007f3620    00000140                           : edma.oe674 (.text:EDMA_transferController_error_isr)
                  007f3760    00000140     dss_data_path.oe674 (.text:MmwDemo_dataPathInitEdma)
                  007f38a0    00000140     rts6740_elf.lib : _bufread.obj (.text:__TI_buff_read)
                  007f39e0    00000140                     : fclose.obj (.text:__TI_closefile)
                  007f3b20    00000140                     : imath64.obj (.text:__c6xabi_divlli)
                  007f3c60    00000140                     : fflush.obj (.text:fflush)
                  007f3da0    00000140                     : fopen.obj (.text:fopen)
                  007f3ee0    00000140     sysbios.ae674 : BIOS.obj (.text:ti_sysbios_family_c64p_Cache_getL1DInitSize__I)
                  007f4020    00000140                   : BIOS.obj (.text:ti_sysbios_family_c64p_Cache_getL1PInitSize__I)
                  007f4160    00000140                   : BIOS.obj (.text:ti_sysbios_family_c64p_Hwi_Module_startup__E)
                  007f42a0    00000140                   : BIOS.obj (.text:ti_sysbios_knl_Semaphore_Instance_init__E)
                  007f43e0    00000140                   : BIOS.obj (.text:ti_sysbios_knl_Task_blockI__E)
                  007f4520    00000140                   : BIOS.obj (.text:ti_sysbios_timers_rti_Timer_initDevice__I)
                  007f4660    00000140     ti.targets.rts6000.ae674 : Core-mem.oe674 (.text:xdc_runtime_Core_deleteObject__I)
                  007f47a0    00000140                              : Text.oe674 (.text:xdc_runtime_Text_putLab__E)
                  007f48e0    00000120     dss_data_path.oe674 (.text:MmwDemo_dataPathConfigCQEdma)
                  007f4a00    00000120     boot.ae674 : autoinit.oe674 (.text:_auto_init_elf)
                  007f4b20    00000120     rts6740_elf.lib : fseek.obj (.text:fseek)
                  007f4c40    00000120     sysbios.ae674 : BIOS.obj (.text:ti_sysbios_family_c64p_Hwi_Instance_init__E)
                  007f4d60    00000120                   : BIOS.obj (.text:ti_sysbios_knl_Swi_restoreHwi__E)
                  007f4e80    00000120                   : BIOS.obj (.text:ti_sysbios_knl_Task_unblockI__E)
                  007f4fa0    00000100     rts6740_elf.lib : trgdrv.obj (.text:HOSTlseek)
                  007f50a0    00000100     dss_data_path.oe674 (.text:MmwDemo_getDopplerLine)
                  007f51a0    00000100     libsoc_xwr16xx.ae674 : soc_xwr16xx.oe674 (.text:SOC_translateAddress)
                  007f52a0    00000100     rts6740_elf.lib : _io_perm.obj (.text:__TI_wrt_ok)
                  007f53a0    00000100                     : atoi.obj (.text:atoi)
                  007f54a0    00000100     main.oe674 (.text:main)
                  007f55a0    00000100     sysbios.ae674 : BIOS.obj (.text:ti_sysbios_family_c64p_Hwi_Instance_finalize__E)
                  007f56a0    00000100                   : BIOS.obj (.text:ti_sysbios_knl_Swi_schedule__I)
                  007f57a0    00000100     ti.targets.rts6000.ae674 : Error.oe674 (.text:xdc_runtime_Error_print__E)
                  007f58a0    00000100                              : Memory.oe674 (.text:xdc_runtime_Memory_alloc__E)
                  007f59a0    00000100                              : Startup.oe674 (.text:xdc_runtime_Startup_exec__E)
                  007f5aa0    000000e0     libedma_xwr16xx.ae674 : edma.oe674 (.text:EDMA_configParamSet)
                  007f5b80    000000e0                           : edma.oe674 (.text:EDMA_isTransferComplete)
                  007f5c60    000000e0     dss_config_edma_util.oe674 (.text:EDMA_setup_shadow_link)
                  007f5d40    000000e0     dss_config_edma_util.oe674 (.text:EDMAutil_triggerType3)
                  007f5e20    000000e0     rts6740_elf.lib : trgdrv.obj (.text:HOSTopen)
                  007f5f00    000000e0                     : trgdrv.obj (.text:HOSTwrite)
                  007f5fe0    000000e0     dss_data_path.oe674 (.text:MmwDemo_log2AbsAccum)
                  007f60c0    000000e0     rts6740_elf.lib : divi.obj (.text:__divi)
                  007f61a0    000000e0                     : lowlev.obj (.text:close)
                  007f6280    000000e0                     : ltoa.obj (.text:ltoa)
                  007f6360    000000e0                     : memset.obj (.text:memset)
                  007f6440    000000e0                     : printf.obj (.text:printf)
                  007f6520    000000e0     sysbios.ae674 : BIOS.obj (.text:ti_sysbios_knl_Swi_runLoop__I)
                  007f6600    000000e0                   : BIOS.obj (.text:ti_sysbios_knl_Swi_startup__E)
                  007f66e0    000000e0     ti.targets.rts6000.ae674 : Text.oe674 (.text:xdc_runtime_Text_visitRope2__I)
                  007f67c0    000000c0     libedma_xwr16xx.ae674 : edma.oe674 (.text:EDMA_startDmaTransfer)
                  007f6880    000000c0     rts6740_elf.lib : trgdrv.obj (.text:HOSTread)
                  007f6940    000000c0                     : trgdrv.obj (.text:HOSTunlink)
                  007f6a00    000000c0     dss_data_path.oe674 (.text:MmwDemo_decodeBPM)
                  007f6ac0    000000c0     rts6740_elf.lib : fflush.obj (.text:__TI_doflush)
                  007f6b80    000000c0                     : divu.obj (.text:__divu)
                  007f6c40    000000c0                     : exit.obj (.text:exit)
                  007f6d00    000000c0     test_pe674.oe674 (.text:ti_sysbios_family_c64p_Hwi_create)
                  007f6dc0    000000c0     sysbios.ae674 : BIOS.obj (.text:ti_sysbios_heaps_HeapMem_alloc__E)
                  007f6e80    000000c0                   : BIOS.obj (.text:ti_sysbios_heaps_HeapMem_getStats__E)
                  007f6f40    000000c0                   : BIOS.obj (.text:ti_sysbios_knl_Clock_logTick__E)
                  007f7000    000000c0                   : BIOS.obj (.text:ti_sysbios_knl_Task_allBlockedFunction__I)
                  007f70c0    000000c0     test_pe674.oe674 (.text:ti_sysbios_knl_Task_create)
                  007f7180    000000c0     rts6740_elf.lib : tls.obj (.text:tls:init:__TI_tls_init)
                  007f7240    000000c0     ti.targets.rts6000.ae674 : Assert.oe674 (.text:xdc_runtime_Assert_raise__I)
                  007f7300    000000c0                              : Error.oe674 (.text:xdc_runtime_Error_setX__E)
                  007f73c0    000000a0     libedma_xwr16xx.ae674 : edma_low_level.oe674 (.text:EDMA3EnableChInShadowReg)
                  007f7460    000000a0                           : edma.oe674 (.text:EDMA_disableChannel)
                  007f7500    000000a0     rts6740_elf.lib : trgdrv.obj (.text:HOSTclose)
                  007f75a0    000000a0     dss_data_path.oe674 (.text:MmwDemo_Yestimation)
                  007f7640    000000a0     dss_data_path.oe674 (.text:MmwDemo_addDopplerCompensation)
                  007f76e0    000000a0     dss_data_path.oe674 (.text:MmwDemo_dataPathWait1DInputData)
                  007f7780    000000a0     dss_data_path.oe674 (.text:MmwDemo_dataPathWait1DOutputData)
                  007f7820    000000a0     dss_data_path.oe674 (.text:MmwDemo_dataPathWait2DInputData)
                  007f78c0    000000a0     dss_data_path.oe674 (.text:MmwDemo_dataPathWait3DInputData)
                  007f7960    000000a0     dss_data_path.oe674 (.text:MmwDemo_dataPathWaitTransDetMatrix2)
                  007f7a00    000000a0     dss_data_path.oe674 (.text:MmwDemo_dataPathWaitTransDetMatrix)
                  007f7aa0    000000a0     rts6740_elf.lib : fopen.obj (.text:__TI_cleanup)
                  007f7b40    000000a0                     : _io_perm.obj (.text:__TI_rd_ok)
                  007f7be0    000000a0                     : fixfu.obj (.text:__c6xabi_fixfu)
                  007f7c80    000000a0                     : round.obj (.text:__c6xabi_nround)
                  007f7d20    000000a0                     : remu.obj (.text:__remu)
                  007f7dc0    000000a0     boot.ae674 : boot.oe674 (.text:_c_int00)
                  007f7e60    000000a0     sysbios.ae674 : c64p_Hwi_asm.obj (.text:_ti_sysbios_family_c64p_Hwi_plug__E)
                  007f7f00    000000a0     rts6740_elf.lib : memcpy64.obj (.text:memcpy)
                  007f7fa0    000000a0                     : modf.obj (.text:modf)
                  007f8040    000000a0                     : snprintf.obj (.text:snprintf)
                  007f80e0    000000a0     sysbios.ae674 : BIOS.obj (.text:ti_sysbios_family_c64p_Exception_Module_startup__E)
                  007f8180    000000a0                   : BIOS.obj (.text:ti_sysbios_family_c64p_Hwi_dispatchC__I)
                  007f8220    000000a0                   : BIOS.obj (.text:ti_sysbios_family_c64p_Hwi_eventMap__E)
                  007f82c0    000000a0                   : BIOS.obj (.text:ti_sysbios_family_c64p_Hwi_getStackInfo__E)
                  007f8360    000000a0                   : BIOS.obj (.text:ti_sysbios_heaps_HeapMem_init__I)
                  007f8400    000000a0     ti.targets.rts6000.ae674 : Core-params.oe674 (.text:xdc_runtime_Core_assignParams__I)
                  007f84a0    000000a0                              : System.oe674 (.text:xdc_runtime_System_formatNum__I)
                  007f8540    000000a0                              : System.oe674 (.text:xdc_runtime_System_putchar__I)
                  007f85e0    000000a0                              : Text.oe674 (.text:xdc_runtime_Text_printVisFxn__I)
                  007f8680    000000a0                              : Text.oe674 (.text:xdc_runtime_Text_xprintf__I)
                  007f8720    00000080     libedma_xwr16xx.ae674 : edma_low_level.oe674 (.text:EDMA3MapChToEvtQ)
                  007f87a0    00000080                           : edma.oe674 (.text:EDMA_linkParamSets)
                  007f8820    00000080     dss_data_path.oe674 (.text:MmwDemo_dataPathComputeDerivedConfig)
                  007f88a0    00000080     main.oe674 (.text:Test_processFrame)
                  007f8920    00000080     rts6740_elf.lib : trgmsg.obj (.text:__TI_readmsg)
                  007f89a0    00000080                     : trgmsg.obj (.text:__TI_writemsg)
                  007f8a20    00000080                     : llshift.obj (.text:__c6xabi_llshl)
                  007f8aa0    00000080                     : snprintf.obj (.text:_outs)
                  007f8b20    00000080     sysbios.ae674 : c62_TaskSupport_asm.obj (.text:_ti_sysbios_family_c62_TaskSupport_swap__E)
                  007f8ba0    00000080     rts6740_elf.lib : fclose.obj (.text:fclose)
                  007f8c20    00000080     test_pe674.oe674 (.text:ti_sysbios_BIOS_atExitFunc__I)
                  007f8ca0    00000080     test_pe674.oe674 (.text:ti_sysbios_BIOS_registerRTSLock__I)
                  007f8d20    00000080     sysbios.ae674 : BIOS.obj (.text:ti_sysbios_family_c64p_Cache_invL1pAll__E)
                  007f8da0    00000080     test_pe674.oe674 (.text:ti_sysbios_gates_GateHwi_Object__create__S)
                  007f8e20    00000080     test_pe674.oe674 (.text:ti_sysbios_gates_GateMutex_Object__create__S)
                  007f8ea0    00000080     sysbios.ae674 : BIOS.obj (.text:ti_sysbios_hal_Hwi_checkStack)
                  007f8f20    00000080                   : BIOS.obj (.text:ti_sysbios_hal_Hwi_initStack)
                  007f8fa0    00000080     test_pe674.oe674 (.text:ti_sysbios_heaps_HeapMem_Object__create__S)
                  007f9020    00000080     test_pe674.oe674 (.text:ti_sysbios_knl_Clock_doTick__I)
                  007f90a0    00000080     sysbios.ae674 : BIOS.obj (.text:ti_sysbios_knl_Idle_run__E)
                  007f9120    00000080                   : BIOS.obj (.text:ti_sysbios_knl_Semaphore_pendTimeout__I)
                  007f91a0    00000080                   : BIOS.obj (.text:ti_sysbios_timers_rti_Timer_setPeriod__E)
                  007f9220    00000080                   : BIOS.obj (.text:ti_sysbios_timers_rti_Timer_stop__E)
                  007f92a0    00000080     rts6740_elf.lib : lowlev.obj (.text:unlink)
                  007f9320    00000080     ti.targets.rts6000.ae674 : Core-label.oe674 (.text:xdc_runtime_Core_assignLabel__I)
                  007f93a0    00000080                              : SysStd.oe674 (.text:xdc_runtime_SysStd_abort__E)
                  007f9420    00000080                              : System.oe674 (.text:xdc_runtime_System_atexit__E)
                  007f94a0    00000080                              : System.oe674 (.text:xdc_runtime_System_avprintf__E)
                  007f9520    00000080                              : System.oe674 (.text:xdc_runtime_System_processAtExit__E)
                  007f95a0    00000080                              : System.oe674 (.text:xdc_runtime_System_vprintf__E)
                  007f9620    00000060     libedma_xwr16xx.ae674 : edma_low_level.oe674 (.text:EDMA3ClrEvt)
                  007f9680    00000060                           : edma_low_level.oe674 (.text:EDMA3ClrIntr)
                  007f96e0    00000060                           : edma_low_level.oe674 (.text:EDMA3ClrMissEvt)
                  007f9740    00000060                           : edma_low_level.oe674 (.text:EDMA3DisableEvtIntr)
                  007f97a0    00000060                           : edma_low_level.oe674 (.text:EDMA3EnableDmaEvt)
                  007f9800    00000060                           : edma_low_level.oe674 (.text:EDMA3EnableEvtIntr)
                  007f9860    00000060                           : edma_low_level.oe674 (.text:EDMA3SetEvt)
                  007f98c0    00000060                           : edma.oe674 (.text:EDMA_configTransferControllerError)
                  007f9920    00000060                           : edma.oe674 (.text:EDMA_setDestinationAddress)
                  007f9980    00000060                           : edma.oe674 (.text:EDMA_setSourceAddress)
                  007f99e0    00000060                           : edma.oe674 (.text:EDMA_validate_channelIdchannelType)
                  007f9a40    00000060     main.oe674 (.text:MmwDemo_CliCommonCfgInit)
                  007f9aa0    00000060     dss_data_path.oe674 (.text:MmwDemo_dataPathObjInit)
                  007f9b00    00000060     dss_data_path.oe674 (.text:MmwDemo_waitEndOfChirps)
                  007f9b60    00000060     gen_frame_data.oe674 (.text:RandSimple)
                  007f9bc0    00000060     rts6740_elf.lib : llshift.obj (.text:__c6xabi_llshru)
                  007f9c20    00000060                     : imath64.obj (.text:__c6xabi_remlli)
                  007f9c80    00000060                     : imath64.obj (.text:_subcull)
                  007f9ce0    00000060     sysbios.ae674 : c64p_Hwi_asm_switch.obj (.text:_ti_sysbios_family_c64p_Hwi_switchAndDispatch__I)
                  007f9d40    00000060                   : c64p_Hwi_asm_switch.obj (.text:_ti_sysbios_family_xxx_Hwi_switchAndRunFunc)
                  007f9da0    00000060     rts6740_elf.lib : lowlev.obj (.text:lseek)
                  007f9e00    00000060                     : memccpy.obj (.text:memccpy)
                  007f9e60    00000060                     : lowlev.obj (.text:read)
                  007f9ec0    00000060                     : sprintf.obj (.text:sprintf)
                  007f9f20    00000060     test_pe674.oe674 (.text:ti_sysbios_BIOS_errorRaiseHook__I)
                  007f9f80    00000060     test_pe674.oe674 (.text:ti_sysbios_BIOS_removeRTSLock__I)
                  007f9fe0    00000060     test_pe674.oe674 (.text:ti_sysbios_BIOS_startFunc__I)
                  007fa040    00000060     sysbios.ae674 : BIOS.obj (.text:ti_sysbios_family_c62_TaskSupport_start__E)
                  007fa0a0    00000060                   : BIOS.obj (.text:ti_sysbios_family_c64p_Cache_setMar__E)
                  007fa100    00000060                   : BIOS.obj (.text:ti_sysbios_family_c64p_EventCombiner_Module_startup__E)
                  007fa160    00000060                   : BIOS.obj (.text:ti_sysbios_family_c64p_EventCombiner_unused__E)
                  007fa1c0    00000060     test_pe674.oe674 (.text:ti_sysbios_gates_GateMutex_Object__delete__S)
                  007fa220    00000060     sysbios.ae674 : BIOS.obj (.text:ti_sysbios_heaps_HeapMem_free__E)
                  007fa280    00000060                   : BIOS.obj (.text:ti_sysbios_knl_Clock_Module_startup__E)
                  007fa2e0    00000060     test_pe674.oe674 (.text:ti_sysbios_knl_Queue_construct)
                  007fa340    00000060     test_pe674.oe674 (.text:ti_sysbios_knl_Semaphore_construct)
                  007fa3a0    00000060     sysbios.ae674 : BIOS.obj (.text:ti_sysbios_knl_Swi_Module_startup__E)
                  007fa400    00000060                   : BIOS.obj (.text:ti_sysbios_knl_Task_enter__I)
                  007fa460    00000060     test_pe674.oe674 (.text:ti_sysbios_rts_gnu_MemAlloc_alloc)
                  007fa4c0    00000060     rts6740_elf.lib : lowlev.obj (.text:write)
                  007fa520    00000060     ti.targets.rts6000.ae674 : Memory.oe674 (.text:xdc_runtime_Memory_valloc__E)
                  007fa580    00000060                              : Text.oe674 (.text:xdc_runtime_Text_cordText__E)
                  007fa5e0    00000040     libedma_xwr16xx.ae674 : edma_low_level.oe674 (.text:EDMA3DisableDmaEvt)
                  007fa620    00000040                           : edma_low_level.oe674 (.text:EDMA3MapQdmaChToPaRAM)
                  007fa660    00000040                           : edma_low_level.oe674 (.text:EDMA3SetPaRAM)
                  007fa6a0    00000040                           : edma_low_level.oe674 (.text:EDMA3SetQdmaTrigWord)
                  007fa6e0    00000040     libosal_xwr16xx.ae674 : HwiP_tirtos.oe674 (.text:HwiP_create)
                  007fa720    00000040     libtestlogger_xwr16xx.ae674 : logger.oe674 (.text:MCPI_Initialize)
                  007fa760    00000040     dss_data_path.oe674 (.text:MmwDemo_dataPathInit1Dstate)
                  007fa7a0    00000040     dss_data_path.oe674 (.text:MmwDemo_edmaErrorCallbackFxn)
                  007fa7e0    00000040     dss_data_path.oe674 (.text:MmwDemo_edmaTransferControllerErrorCallbackFxn)
                  007fa820    00000040     dss_data_path.oe674 (.text:MmwDemo_pow2roundup)
                  007fa860    00000040     libsoc_xwr16xx.ae674 : soc_xwr16xx_dss.oe674 (.text:SOC_getInAddr_LUTType)
                  007fa8a0    00000040                          : soc_xwr16xx_dss.oe674 (.text:SOC_getOutAddr_LUTType)
                  007fa8e0    00000040     main.oe674 (.text:_MmwDemo_dssAssert)
                  007fa920    00000040     rts6740_elf.lib : frcmpyd_div.obj (.text:__TI_frcmpyd_div)
                  007fa960    00000040                     : isinf.obj (.text:__c6xabi_isinf)
                  007fa9a0    00000040                     : _printfi.obj (.text:__c6xabi_isnan)
                  007fa9e0    00000040                     : args_main.obj (.text:_args_main)
                  007faa20    00000040                     : snprintf.obj (.text:_outc)
                  007faa60    00000040                     : sprintf.obj (.text:_outs)
                  007faaa0    00000040     sysbios.ae674 : c62_TaskSupport_asm.obj (.text:_ti_sysbios_family_c62_TaskSupport_buildTaskStack)
                  007faae0    00000040     test_pe674.oe674 (.text:free)
                  007fab20    00000040     test_pe674.oe674 (.text:ti_sysbios_BIOS_exitFunc__I)
                  007fab60    00000040     test_pe674.oe674 (.text:ti_sysbios_BIOS_rtsLock__I)
                  007faba0    00000040     test_pe674.oe674 (.text:ti_sysbios_BIOS_rtsUnlock__I)
                  007fabe0    00000040     sysbios.ae674 : BIOS.obj (.text:ti_sysbios_family_c64p_Hwi_disableInterrupt__E)
                  007fac20    00000040                   : BIOS.obj (.text:ti_sysbios_family_c64p_Hwi_enableInterrupt__E)
                  007fac60    00000040     test_pe674.oe674 (.text:ti_sysbios_gates_GateHwi_Handle__label__S)
                  007faca0    00000040     test_pe674.oe674 (.text:ti_sysbios_gates_GateHwi_Object__delete__S)
                  007face0    00000040     test_pe674.oe674 (.text:ti_sysbios_gates_GateMutex_Handle__label__S)
                  007fad20    00000040     sysbios.ae674 : BIOS.obj (.text:ti_sysbios_gates_GateMutex_Instance_init__E)
                  007fad60    00000040                   : BIOS.obj (.text:ti_sysbios_gates_GateMutex_leave__E)
                  007fada0    00000040     test_pe674.oe674 (.text:ti_sysbios_heaps_HeapMem_Handle__label__S)
                  007fade0    00000040     test_pe674.oe674 (.text:ti_sysbios_heaps_HeapMem_Object__delete__S)
                  007fae20    00000040     test_pe674.oe674 (.text:ti_sysbios_heaps_HeapMem_Object__get__S)
                  007fae60    00000040     test_pe674.oe674 (.text:ti_sysbios_knl_Semaphore_destruct)
                  007faea0    00000040     test_pe674.oe674 (.text:ti_sysbios_knl_Swi_Object__get__S)
                  007faee0    00000040     test_pe674.oe674 (.text:ti_sysbios_knl_Task_Object__get__S)
                  007faf20    00000040     sysbios.ae674 : BIOS.obj (.text:ti_sysbios_timers_rti_Timer_periodicStub__E)
                  007faf60    00000040     ti.targets.rts6000.ae674 : Error.oe674 (.text:xdc_runtime_Error_check__E)
                  007fafa0    00000040                              : Error.oe674 (.text:xdc_runtime_Error_init__E)
                  007fafe0    00000040                              : Registry.oe674 (.text:xdc_runtime_Registry_findById__E)
                  007fb020    00000040                              : System.oe674 (.text:xdc_runtime_System_abort__E)
                  007fb060    00000040     test_pe674.oe674 (.text:xdc_runtime_System_aprintf__E)
                  007fb0a0    00000040     ti.targets.rts6000.ae674 : System.oe674 (.text:xdc_runtime_System_exit__E)
                  007fb0e0    00000040     test_pe674.oe674 (.text:xdc_runtime_System_printf__E)
                  007fb120    00000020     libedma_xwr16xx.ae674 : edma_low_level.oe674 (.text:EDMA3ChannelToParamMap)
                  007fb140    00000020                           : edma_low_level.oe674 (.text:EDMA3ClrCCErr)
                  007fb160    00000020                           : edma_low_level.oe674 (.text:EDMA3DisableQdmaEvt)
                  007fb180    00000020                           : edma_low_level.oe674 (.text:EDMA3EnableQdmaEvt)
                  007fb1a0    00000020                           : edma_low_level.oe674 (.text:EDMA3ErrIntrHighStatusGet)
                  007fb1c0    00000020                           : edma_low_level.oe674 (.text:EDMA3GetCCErrStatus)
                  007fb1e0    00000020                           : edma_low_level.oe674 (.text:EDMA3GetErrIntrStatus)
                  007fb200    00000020                           : edma_low_level.oe674 (.text:EDMA3GetIntrStatus)
                  007fb220    00000020                           : edma_low_level.oe674 (.text:EDMA3IntrStatusHighGet)
                  007fb240    00000020                           : edma_low_level.oe674 (.text:EDMA3QdmaClrMissEvt)
                  007fb260    00000020                           : edma_low_level.oe674 (.text:EDMA3QdmaGetErrIntrStatus)
                  007fb280    00000020                           : edma.oe674 (.text:EDMA_getNumInstances)
                  007fb2a0    00000020                           : edma_low_level.oe674 (.text:EDMAsetRegion)
                  007fb2c0    00000020     libosal_xwr16xx.ae674 : HwiP_tirtos.oe674 (.text:HwiP_Params_init)
                  007fb2e0    00000020     libtestlogger_xwr16xx.ae674 : logger.oe674 (.text:MCPI_setTestResult)
                  007fb300    00000020     dss_data_path.oe674 (.text:MmwDemo_dataPathDeleteSemaphore)
                  007fb320    00000020     libosal_xwr16xx.ae674 : DebugP_tirtos.oe674 (.text:_DebugP_assert)
                  007fb340    00000020     rts6740_elf.lib : errno.obj (.text:__c6xabi_errno_addr)
                  007fb360    00000020                     : trunc.obj (.text:__c6xabi_trunc)
                  007fb380    00000020                     : push.obj (.text:__pop_rts)
                  007fb3a0    00000020                     : push.obj (.text:__push_rts)
                  007fb3c0    00000020     ti.targets.rts6000.ae674 : xdc_noinit.oe674 (.text:__xdc__init)
                  007fb3e0    00000020     rts6740_elf.lib : _lock.obj (.text:_nop)
                  007fb400    00000020                     : printf.obj (.text:_outc)
                  007fb420    00000020                     : sprintf.obj (.text:_outc)
                  007fb440    00000020                     : printf.obj (.text:_outs)
                  007fb460    00000020                     : _lock.obj (.text:_register_lock)
                  007fb480    00000020                     : _lock.obj (.text:_register_unlock)
                  007fb4a0    00000020     sysbios.ae674 : c62_TaskSupport_asm.obj (.text:_ti_sysbios_family_c62_TaskSupport_glue)
                  007fb4c0    00000020     rts6740_elf.lib : exit.obj (.text:abort)
                  007fb4e0    00000020                     : llabs.obj (.text:llabs)
                  007fb500    00000020                     : fputc.obj (.text:putchar)
                  007fb520    00000020     test_pe674.oe674 (.text:ti_sysbios_BIOS_RtsGateProxy_enter__E)
                  007fb540    00000020     test_pe674.oe674 (.text:ti_sysbios_BIOS_RtsGateProxy_leave__E)
                  007fb560    00000020     sysbios.ae674 : BIOS.obj (.text:ti_sysbios_BIOS_exit__E)
                  007fb580    00000020                   : BIOS.obj (.text:ti_sysbios_BIOS_linkedWithIncorrectBootLibrary__E)
                  007fb5a0    00000020     test_pe674.oe674 (.text:ti_sysbios_BIOS_nullFunc__I)
                  007fb5c0    00000020     sysbios.ae674 : BIOS.obj (.text:ti_sysbios_BIOS_setThreadType__E)
                  007fb5e0    00000020                   : BIOS.obj (.text:ti_sysbios_BIOS_start__E)
                  007fb600    00000020     test_pe674.oe674 (.text:ti_sysbios_family_c62_TaskSupport_Module__startupDone__S)
                  007fb620    00000020     sysbios.ae674 : BIOS.obj (.text:ti_sysbios_family_c62_TaskSupport_checkStack__E)
                  007fb640    00000020                   : BIOS.obj (.text:ti_sysbios_family_c62_TaskSupport_getStackAlignment__E)
                  007fb660    00000020                   : BIOS.obj (.text:ti_sysbios_family_c64p_Cache_wbInv__E)
                  007fb680    00000020     test_pe674.oe674 (.text:ti_sysbios_family_c64p_Hwi_Module__startupDone__F)
                  007fb6a0    00000020     test_pe674.oe674 (.text:ti_sysbios_family_c64p_Hwi_Params__init__S)
                  007fb6c0    00000020     sysbios.ae674 : BIOS.obj (.text:ti_sysbios_family_c64p_Hwi_clearInterrupt__E)
                  007fb6e0    00000020                   : BIOS.obj (.text:ti_sysbios_family_c64p_Hwi_startup__E)
                  007fb700    00000020                   : BIOS.obj (.text:ti_sysbios_family_c64p_Hwi_switchFromBootStack__E)
                  007fb720    00000020                   : BIOS.obj (.text:ti_sysbios_family_c64p_Hwi_unPluggedInterrupt__I)
                  007fb740    00000020                   : BIOS.obj (.text:ti_sysbios_gates_GateHwi_Instance_init__E)
                  007fb760    00000020                   : BIOS.obj (.text:ti_sysbios_gates_GateHwi_enter__E)
                  007fb780    00000020                   : BIOS.obj (.text:ti_sysbios_gates_GateHwi_leave__E)
                  007fb7a0    00000020                   : BIOS.obj (.text:ti_sysbios_gates_GateHwi_query__E)
                  007fb7c0    00000020                   : BIOS.obj (.text:ti_sysbios_gates_GateMutex_Instance_finalize__E)
                  007fb7e0    00000020                   : BIOS.obj (.text:ti_sysbios_gates_GateMutex_query__E)
                  007fb800    00000020                   : BIOS.obj (.text:ti_sysbios_hal_Hwi_Module_startup__E)
                  007fb820    00000020     test_pe674.oe674 (.text:ti_sysbios_heaps_HeapMem_Module_GateProxy_enter__E)
                  007fb840    00000020     test_pe674.oe674 (.text:ti_sysbios_heaps_HeapMem_Module_GateProxy_leave__E)
                  007fb860    00000020     sysbios.ae674 : BIOS.obj (.text:ti_sysbios_heaps_HeapMem_isBlocking__E)
                  007fb880    00000020     test_pe674.oe674 (.text:ti_sysbios_knl_Clock_TimerProxy_getMaxTicks__E)
                  007fb8a0    00000020     sysbios.ae674 : BIOS.obj (.text:ti_sysbios_knl_Idle_loop__E)
                  007fb8c0    00000020                   : BIOS.obj (.text:ti_sysbios_knl_Queue_Instance_init__E)
                  007fb8e0    00000020     test_pe674.oe674 (.text:ti_sysbios_knl_Queue_Object__get__S)
                  007fb900    00000020     test_pe674.oe674 (.text:ti_sysbios_knl_Queue_destruct)
                  007fb920    00000020     sysbios.ae674 : BIOS.obj (.text:ti_sysbios_knl_Queue_empty__E)
                  007fb940    00000020                   : BIOS.obj (.text:ti_sysbios_knl_Semaphore_Instance_finalize__E)
                  007fb960    00000020     test_pe674.oe674 (.text:ti_sysbios_knl_Semaphore_Params__init__S)
                  007fb980    00000020     sysbios.ae674 : BIOS.obj (.text:ti_sysbios_knl_Swi_disable__E)
                  007fb9a0    00000020     test_pe674.oe674 (.text:ti_sysbios_knl_Task_Params__init__S)
                  007fb9c0    00000020     sysbios.ae674 : BIOS.obj (.text:ti_sysbios_knl_Task_disable__E)
                  007fb9e0    00000020                   : BIOS.obj (.text:ti_sysbios_knl_Task_startup__E)
                  007fba00    00000020     test_pe674.oe674 (.text:ti_sysbios_timers_rti_Timer_Module__startupDone__F)
                  007fba20    00000020     sysbios.ae674 : BIOS.obj (.text:ti_sysbios_timers_rti_Timer_getMaxTicks__E)
                  007fba40    00000020     ti.targets.rts6000.ae674 : Error.oe674 (.text:xdc_runtime_Error_getSite__E)
                  007fba60    00000020                              : Error.oe674 (.text:xdc_runtime_Error_raiseX__E)
                  007fba80    00000020                              : Gate.oe674 (.text:xdc_runtime_Gate_enterSystem__E)
                  007fbaa0    00000020                              : Gate.oe674 (.text:xdc_runtime_Gate_leaveSystem__E)
                  007fbac0    00000020     test_pe674.oe674 (.text:xdc_runtime_IHeap_alloc)
                  007fbae0    00000020     test_pe674.oe674 (.text:xdc_runtime_IHeap_free)
                  007fbb00    00000020     ti.targets.rts6000.ae674 : Memory.oe674 (.text:xdc_runtime_Memory_calloc__E)
                  007fbb20    00000020                              : Memory.oe674 (.text:xdc_runtime_Memory_free__E)
                  007fbb40    00000020                              : Memory.oe674 (.text:xdc_runtime_Memory_getMaxDefaultTypeAlign__E)
                  007fbb60    00000020     test_pe674.oe674 (.text:xdc_runtime_Startup_exec__I)
                  007fbb80    00000020     test_pe674.oe674 (.text:xdc_runtime_Startup_reset__I)
                  007fbba0    00000020     ti.targets.rts6000.ae674 : Startup.oe674 (.text:xdc_runtime_Startup_rtsDone__E)
                  007fbbc0    00000020                              : SysStd.oe674 (.text:xdc_runtime_SysStd_exit__E)
                  007fbbe0    00000020                              : SysStd.oe674 (.text:xdc_runtime_SysStd_putch__E)
                  007fbc00    00000020                              : SysStd.oe674 (.text:xdc_runtime_SysStd_ready__E)
                  007fbc20    00000020     test_pe674.oe674 (.text:xdc_runtime_System_Module_GateProxy_enter__E)
                  007fbc40    00000020     test_pe674.oe674 (.text:xdc_runtime_System_Module_GateProxy_leave__E)
                  007fbc60    00000020     ti.targets.rts6000.ae674 : System.oe674 (.text:xdc_runtime_System_Module_startup__E)
                  007fbc80    00000020                              : System.oe674 (.text:xdc_runtime_System_vsnprintf__E)
                  007fbca0    00000020                              : Text.oe674 (.text:xdc_runtime_Text_ropeText__E)
                  007fbcc0    00000020     test_pe674.oe674 (.text:xdc_runtime_Text_visitRope__I)
                  007fbce0    00000010     dss_data_path.oe674 ($Tramp$S$$MmwDemo_interFrameProcessing)
                  007fbcf0    00000010     dss_data_path.oe674 ($Tramp$S$$MmwDemo_processChirp)
                  007fbd00    00000010     libmmwavealg_xwr16xx.ae674 : mmwavelib_miscutils.oe674 ($Tramp$S$$mmwavelib_accum16)
                  007fbd10    00000010                                : mmwavelib_log2abs.oe674 ($Tramp$S$$mmwavelib_log2Abs32)
                  007fbd20    00000010     mathlib.ae674 : divsp.oe674 ($Tramp$S$$divsp)
                  007fbd30    00000010                   : sinsp.oe674 ($Tramp$S$$sinsp)
                  007fbd40    00000010                   : cossp.oe674 ($Tramp$S$$cossp)
                  007fbd50    00000010                   : sqrtsp.oe674 ($Tramp$S$$sqrtsp)

.l2data    0    00800000    0000c000     UNINITIALIZED
                  00800000    0000c000     dss_data_path.oe674 (.l2data)

systemHeap 
*          0    0080c000    00008000     UNINITIALIZED
                  0080c000    00008000     test_pe674.oe674 (systemHeap)

.const     0    00818000    00003694     
                  00818000    00001925     test_pe674.oe674 (.const:xdc_runtime_Text_charTab__A)
                  00819925    00000001     --HOLE-- [fill = 0]
                  00819926    00000002     test_pe674.oe674 (.const:ti_sysbios_family_c64p_Cache_Module__id__C)
                  00819928    00000800     dss_data_path.oe674 (.const:twiddleTableCommon)
                  0081a128    00000518     sysbios.ae674 : BIOS.obj (.const:.string)
                  0081a640    00000388     main.oe674 (.const:.string)
                  0081a9c8    00000164     dss_config_edma_util.oe674 (.const:.string)
                  0081ab2c    00000108     dss_data_path.oe674 (.const:.string)
                  0081ac34    00000004     ti.targets.rts6000.ae674 : Assert.oe674 (.const:.string)
                  0081ac38    00000101     rts6740_elf.lib : ctype.obj (.const:.string:_ctypes_)
                  0081ad39    00000001     --HOLE-- [fill = 0]
                  0081ad3a    00000002     test_pe674.oe674 (.const:ti_sysbios_family_c64p_EventCombiner_Module__id__C)
                  0081ad3c    00000004     test_pe674.oe674 (.const:ti_sysbios_family_c62_TaskSupport_stackAlignment__C)
                  0081ad40    000000c8     test_pe674.oe674 (.const:xdc_runtime_Text_nodeTab__A)
                  0081ae08    00000094     libtestlogger_xwr16xx.ae674 : logger.oe674 (.const:.string)
                  0081ae9c    00000004     test_pe674.oe674 (.const:ti_sysbios_family_c64p_Cache_EMIFA_BASE__C)
                  0081aea0    00000068     libedma_xwr16xx.ae674 : edma_xwr1xxx.oe674 (.const:gEdmaHwAttrs)
                  0081af08    00000064     test_pe674.oe674 (.const:.string)
                  0081af6c    00000058     libedma_xwr16xx.ae674 : edma.oe674 (.const:.string)
                  0081afc4    00000058     ti.targets.rts6000.ae674 : Error.oe674 (.const:.string)
                  0081b01c    00000004     test_pe674.oe674 (.const:ti_sysbios_family_c64p_Cache_EMIFA_CFG__C)
                  0081b020    00000040     libmmwavealg_xwr16xx.ae674 : mmwavelib_log2abs.oe674 (.const:.string:c_Log2LookUp)
                  0081b060    00000040     ti.targets.rts6000.ae674 : Text.oe674 (.const:.string)
                  0081b0a0    0000003c     test_pe674.oe674 (.const:ti_sysbios_knl_Task_Object__PARAMS__C)
                  0081b0dc    00000030     test_pe674.oe674 (.const:ti_sysbios_family_c64p_Hwi_Object__PARAMS__C)
                  0081b10c    0000002c     gen_frame_data.oe674 (.const:.string)
                  0081b138    0000002c     ti.targets.rts6000.ae674 : Startup.oe674 (.const:.string)
                  0081b164    00000028     test_pe674.oe674 (.const:ti_sysbios_heaps_HeapMem_Module__FXNS__C)
                  0081b18c    00000004     test_pe674.oe674 (.const:ti_sysbios_family_c64p_Cache_EMIFA_LENGTH__C)
                  0081b190    00000028     test_pe674.oe674 (.const:xdc_runtime_Startup_sfxnTab__A)
                  0081b1b8    00000024     rts6740_elf.lib : _printfi.obj (.const:.string)
                  0081b1dc    00000024     test_pe674.oe674 (.const:ti_sysbios_gates_GateHwi_Module__FXNS__C)
                  0081b200    00000024     test_pe674.oe674 (.const:ti_sysbios_gates_GateMutex_Module__FXNS__C)
                  0081b224    00000024     test_pe674.oe674 (.const:ti_sysbios_heaps_HeapMem_Object__PARAMS__C)
                  0081b248    00000024     test_pe674.oe674 (.const:ti_sysbios_knl_Semaphore_Object__PARAMS__C)
                  0081b26c    00000020     test_pe674.oe674 (.const:ti_sysbios_family_c64p_Hwi_Object__DESC__C)
                  0081b28c    00000020     test_pe674.oe674 (.const:ti_sysbios_gates_GateHwi_Object__DESC__C)
                  0081b2ac    00000020     test_pe674.oe674 (.const:ti_sysbios_gates_GateMutex_Object__DESC__C)
                  0081b2cc    00000020     test_pe674.oe674 (.const:ti_sysbios_heaps_HeapMem_Object__DESC__C)
                  0081b2ec    00000020     test_pe674.oe674 (.const:ti_sysbios_knl_Queue_Object__DESC__C)
                  0081b30c    00000020     test_pe674.oe674 (.const:ti_sysbios_knl_Semaphore_Object__DESC__C)
                  0081b32c    00000020     test_pe674.oe674 (.const:ti_sysbios_knl_Task_Object__DESC__C)
                  0081b34c    00000018     ti.targets.rts6000.ae674 : System.oe674 (.const:.string)
                  0081b364    00000018     test_pe674.oe674 (.const:ti_sysbios_gates_GateHwi_Object__PARAMS__C)
                  0081b37c    00000018     test_pe674.oe674 (.const:ti_sysbios_gates_GateMutex_Object__PARAMS__C)
                  0081b394    00000018     test_pe674.oe674 (.const:ti_sysbios_knl_Queue_Object__PARAMS__C)
                  0081b3ac    00000004     test_pe674.oe674 (.const:ti_sysbios_family_c64p_Cache_EMIFB_BASE__C)
                  0081b3b0    00000014     test_pe674.oe674 (.const:xdc_runtime_Startup_sfxnRts__A)
                  0081b3c4    00000004     test_pe674.oe674 (.const:ti_sysbios_family_c64p_Cache_EMIFB_CFG__C)
                  0081b3c8    00000010     libedma_xwr16xx.ae674 : edma.oe674 (.const:EDMA_config$1)
                  0081b3d8    00000010     test_pe674.oe674 (.const:ti_sysbios_family_c64p_EventCombiner_EVTMASK__C)
                  0081b3e8    00000008     dss_data_path.oe674 (.const:$P$T0$1)
                  0081b3f0    00000008     test_pe674.oe674 (.const:ti_sysbios_knl_Idle_funcList__C)
                  0081b3f8    00000008     test_pe674.oe674 (.const:xdc_runtime_Startup_firstFxns__A)
                  0081b400    00000008     test_pe674.oe674 (.const:xdc_runtime_Startup_firstFxns__C)
                  0081b408    00000008     test_pe674.oe674 (.const:xdc_runtime_Startup_lastFxns__C)
                  0081b410    00000004     test_pe674.oe674 (.const:ti_sysbios_family_c64p_Cache_EMIFB_LENGTH__C)
                  0081b414    00000004     test_pe674.oe674 (.const:ti_sysbios_family_c64p_Cache_EMIFC_BASE__C)
                  0081b418    00000004     test_pe674.oe674 (.const:ti_sysbios_family_c64p_Cache_EMIFC_CFG__C)
                  0081b41c    00000004     test_pe674.oe674 (.const:ti_sysbios_family_c64p_Cache_EMIFC_LENGTH__C)
                  0081b420    00000004     test_pe674.oe674 (.const:ti_sysbios_family_c64p_Cache_E_invalidL1CacheSize__C)
                  0081b424    00000004     test_pe674.oe674 (.const:ti_sysbios_family_c64p_Cache_E_invalidL2CacheSize__C)
                  0081b428    00000004     test_pe674.oe674 (.const:ti_sysbios_family_c64p_Cache_MAR0_31__C)
                  0081b42c    00000004     test_pe674.oe674 (.const:ti_sysbios_family_c64p_Cache_MAR128_159__C)
                  0081b430    00000004     test_pe674.oe674 (.const:ti_sysbios_family_c64p_Cache_MAR160_191__C)
                  0081b434    00000004     test_pe674.oe674 (.const:ti_sysbios_family_c64p_Cache_MAR192_223__C)
                  0081b438    00000004     test_pe674.oe674 (.const:ti_sysbios_family_c64p_Cache_MAR224_255__C)
                  0081b43c    00000004     test_pe674.oe674 (.const:ti_sysbios_family_c64p_Cache_MAR32_63__C)
                  0081b440    00000004     test_pe674.oe674 (.const:ti_sysbios_family_c64p_Cache_MAR64_95__C)
                  0081b444    00000004     test_pe674.oe674 (.const:ti_sysbios_family_c64p_Cache_MAR96_127__C)
                  0081b448    00000004     test_pe674.oe674 (.const:ti_sysbios_family_c64p_EventCombiner_A_invalidEventId__C)
                  0081b44c    00000004     test_pe674.oe674 (.const:ti_sysbios_family_c64p_EventCombiner_E_unpluggedEvent__C)
                  0081b450    00000004     test_pe674.oe674 (.const:ti_sysbios_family_c64p_EventCombiner_Module__diagsEnabled__C)
                  0081b454    00000004     test_pe674.oe674 (.const:ti_sysbios_family_c64p_EventCombiner_Module__diagsIncluded__C)
                  0081b458    00000004     test_pe674.oe674 (.const:ti_sysbios_family_c64p_EventCombiner_Module__diagsMask__C)
                  0081b45c    00000004     test_pe674.oe674 (.const:ti_sysbios_family_c64p_Exception_E_exceptionMax__C)
                  0081b460    00000004     test_pe674.oe674 (.const:ti_sysbios_family_c64p_Exception_exceptionHook__C)
                  0081b464    00000004     test_pe674.oe674 (.const:ti_sysbios_family_c64p_Exception_externalHook__C)
                  0081b468    00000004     test_pe674.oe674 (.const:ti_sysbios_family_c64p_Exception_internalHook__C)
                  0081b46c    00000004     test_pe674.oe674 (.const:ti_sysbios_family_c64p_Exception_nmiHook__C)
                  0081b470    00000004     test_pe674.oe674 (.const:ti_sysbios_family_c64p_Hwi_E_alreadyDefined__C)
                  0081b474    00000004     test_pe674.oe674 (.const:ti_sysbios_family_c64p_Hwi_E_handleNotFound__C)
                  0081b478    00000004     test_pe674.oe674 (.const:ti_sysbios_family_c64p_Hwi_E_invalidIntNum__C)
                  0081b47c    00000004     test_pe674.oe674 (.const:ti_sysbios_family_c64p_Hwi_LD_end__C)
                  0081b480    00000004     test_pe674.oe674 (.const:ti_sysbios_family_c64p_Hwi_LM_begin__C)
                  0081b484    00000004     test_pe674.oe674 (.const:ti_sysbios_family_c64p_Hwi_Module__diagsEnabled__C)
                  0081b488    00000004     test_pe674.oe674 (.const:ti_sysbios_family_c64p_Hwi_Module__diagsIncluded__C)
                  0081b48c    00000004     test_pe674.oe674 (.const:ti_sysbios_family_c64p_Hwi_Module__diagsMask__C)
                  0081b490    00000004     test_pe674.oe674 (.const:ti_sysbios_family_c64p_Hwi_Module__loggerFxn1__C)
                  0081b494    00000004     test_pe674.oe674 (.const:ti_sysbios_family_c64p_Hwi_Module__loggerFxn8__C)
                  0081b498    00000004     test_pe674.oe674 (.const:ti_sysbios_family_c64p_Hwi_Module__loggerObj__C)
                  0081b49c    00000004     test_pe674.oe674 (.const:ti_sysbios_gates_GateMutex_A_badContext__C)
                  0081b4a0    00000004     test_pe674.oe674 (.const:ti_sysbios_gates_GateMutex_Instance_State_sem__O)
                  0081b4a4    00000004     test_pe674.oe674 (.const:ti_sysbios_gates_GateMutex_Module__diagsEnabled__C)
                  0081b4a8    00000004     test_pe674.oe674 (.const:ti_sysbios_gates_GateMutex_Module__diagsIncluded__C)
                  0081b4ac    00000004     test_pe674.oe674 (.const:ti_sysbios_gates_GateMutex_Module__diagsMask__C)
                  0081b4b0    00000004     test_pe674.oe674 (.const:ti_sysbios_hal_Hwi_E_stackOverflow__C)
                  0081b4b4    00000004     test_pe674.oe674 (.const:ti_sysbios_heaps_HeapMem_A_align__C)
                  0081b4b8    00000004     test_pe674.oe674 (.const:ti_sysbios_heaps_HeapMem_A_heapSize__C)
                  0081b4bc    00000004     test_pe674.oe674 (.const:ti_sysbios_heaps_HeapMem_A_invalidFree__C)
                  0081b4c0    00000004     test_pe674.oe674 (.const:ti_sysbios_heaps_HeapMem_A_zeroBlock__C)
                  0081b4c4    00000004     test_pe674.oe674 (.const:ti_sysbios_heaps_HeapMem_E_memory__C)
                  0081b4c8    00000004     test_pe674.oe674 (.const:ti_sysbios_heaps_HeapMem_Module__diagsEnabled__C)
                  0081b4cc    00000004     test_pe674.oe674 (.const:ti_sysbios_heaps_HeapMem_Module__diagsIncluded__C)
                  0081b4d0    00000004     test_pe674.oe674 (.const:ti_sysbios_heaps_HeapMem_Module__diagsMask__C)
                  0081b4d4    00000004     test_pe674.oe674 (.const:ti_sysbios_heaps_HeapMem_Module__gateObj__C)
                  0081b4d8    00000004     test_pe674.oe674 (.const:ti_sysbios_heaps_HeapMem_Object__count__C)
                  0081b4dc    00000004     test_pe674.oe674 (.const:ti_sysbios_heaps_HeapMem_reqAlign__C)
                  0081b4e0    00000004     test_pe674.oe674 (.const:ti_sysbios_knl_Clock_LM_begin__C)
                  0081b4e4    00000004     test_pe674.oe674 (.const:ti_sysbios_knl_Clock_LM_tick__C)
                  0081b4e8    00000004     test_pe674.oe674 (.const:ti_sysbios_knl_Clock_LW_delayed__C)
                  0081b4ec    00000004     test_pe674.oe674 (.const:ti_sysbios_knl_Clock_Module_State_clockQ__O)
                  0081b4f0    00000004     test_pe674.oe674 (.const:ti_sysbios_knl_Clock_Module__diagsEnabled__C)
                  0081b4f4    00000004     test_pe674.oe674 (.const:ti_sysbios_knl_Clock_Module__diagsIncluded__C)
                  0081b4f8    00000004     test_pe674.oe674 (.const:ti_sysbios_knl_Clock_Module__diagsMask__C)
                  0081b4fc    00000004     test_pe674.oe674 (.const:ti_sysbios_knl_Clock_Module__loggerFxn1__C)
                  0081b500    00000004     test_pe674.oe674 (.const:ti_sysbios_knl_Clock_Module__loggerFxn2__C)
                  0081b504    00000004     test_pe674.oe674 (.const:ti_sysbios_knl_Clock_Module__loggerObj__C)
                  0081b508    00000004     test_pe674.oe674 (.const:ti_sysbios_knl_Idle_funcList__A)
                  0081b50c    00000004     test_pe674.oe674 (.const:ti_sysbios_knl_Semaphore_A_badContext__C)
                  0081b510    00000004     test_pe674.oe674 (.const:ti_sysbios_knl_Semaphore_A_noEvents__C)
                  0081b514    00000004     test_pe674.oe674 (.const:ti_sysbios_knl_Semaphore_A_overflow__C)
                  0081b518    00000004     test_pe674.oe674 (.const:ti_sysbios_knl_Semaphore_A_pendTaskDisabled__C)
                  0081b51c    00000004     test_pe674.oe674 (.const:ti_sysbios_knl_Semaphore_Instance_State_pendQ__O)
                  0081b520    00000004     test_pe674.oe674 (.const:ti_sysbios_knl_Semaphore_LM_pend__C)
                  0081b524    00000004     test_pe674.oe674 (.const:ti_sysbios_knl_Semaphore_LM_post__C)
                  0081b528    00000004     test_pe674.oe674 (.const:ti_sysbios_knl_Semaphore_Module__diagsEnabled__C)
                  0081b52c    00000004     test_pe674.oe674 (.const:ti_sysbios_knl_Semaphore_Module__diagsIncluded__C)
                  0081b530    00000004     test_pe674.oe674 (.const:ti_sysbios_knl_Semaphore_Module__diagsMask__C)
                  0081b534    00000004     test_pe674.oe674 (.const:ti_sysbios_knl_Semaphore_Module__loggerFxn2__C)
                  0081b538    00000004     test_pe674.oe674 (.const:ti_sysbios_knl_Semaphore_Module__loggerFxn4__C)
                  0081b53c    00000004     test_pe674.oe674 (.const:ti_sysbios_knl_Semaphore_Module__loggerObj__C)
                  0081b540    00000004     test_pe674.oe674 (.const:ti_sysbios_knl_Swi_LD_end__C)
                  0081b544    00000004     test_pe674.oe674 (.const:ti_sysbios_knl_Swi_LM_begin__C)
                  0081b548    00000004     test_pe674.oe674 (.const:ti_sysbios_knl_Swi_LM_post__C)
                  0081b54c    00000004     test_pe674.oe674 (.const:ti_sysbios_knl_Swi_Module__diagsEnabled__C)
                  0081b550    00000004     test_pe674.oe674 (.const:ti_sysbios_knl_Swi_Module__diagsIncluded__C)
                  0081b554    00000004     test_pe674.oe674 (.const:ti_sysbios_knl_Swi_Module__diagsMask__C)
                  0081b558    00000004     test_pe674.oe674 (.const:ti_sysbios_knl_Swi_Module__loggerFxn1__C)
                  0081b55c    00000004     test_pe674.oe674 (.const:ti_sysbios_knl_Swi_Module__loggerFxn4__C)
                  0081b560    00000004     test_pe674.oe674 (.const:ti_sysbios_knl_Swi_Module__loggerObj__C)
                  0081b564    00000004     test_pe674.oe674 (.const:ti_sysbios_knl_Swi_Object__count__C)
                  0081b568    00000004     test_pe674.oe674 (.const:ti_sysbios_knl_Task_A_badPriority__C)
                  0081b56c    00000004     test_pe674.oe674 (.const:ti_sysbios_knl_Task_A_badTaskState__C)
                  0081b570    00000004     test_pe674.oe674 (.const:ti_sysbios_knl_Task_A_badThreadType__C)
                  0081b574    00000004     test_pe674.oe674 (.const:ti_sysbios_knl_Task_A_noPendElem__C)
                  0081b578    00000004     test_pe674.oe674 (.const:ti_sysbios_knl_Task_E_spOutOfBounds__C)
                  0081b57c    00000004     test_pe674.oe674 (.const:ti_sysbios_knl_Task_E_stackOverflow__C)
                  0081b580    00000004     test_pe674.oe674 (.const:ti_sysbios_knl_Task_LD_block__C)
                  0081b584    00000004     test_pe674.oe674 (.const:ti_sysbios_knl_Task_LD_exit__C)
                  0081b588    00000004     test_pe674.oe674 (.const:ti_sysbios_knl_Task_LD_ready__C)
                  0081b58c    00000004     test_pe674.oe674 (.const:ti_sysbios_knl_Task_LM_switch__C)
                  0081b590    00000004     test_pe674.oe674 (.const:ti_sysbios_knl_Task_Module_State_inactiveQ__O)
                  0081b594    00000004     test_pe674.oe674 (.const:ti_sysbios_knl_Task_Module__diagsEnabled__C)
                  0081b598    00000004     test_pe674.oe674 (.const:ti_sysbios_knl_Task_Module__diagsIncluded__C)
                  0081b59c    00000004     test_pe674.oe674 (.const:ti_sysbios_knl_Task_Module__diagsMask__C)
                  0081b5a0    00000004     test_pe674.oe674 (.const:ti_sysbios_knl_Task_Module__loggerFxn2__C)
                  0081b5a4    00000004     test_pe674.oe674 (.const:ti_sysbios_knl_Task_Module__loggerFxn4__C)
                  0081b5a8    00000004     test_pe674.oe674 (.const:ti_sysbios_knl_Task_Module__loggerObj__C)
                  0081b5ac    00000004     test_pe674.oe674 (.const:ti_sysbios_knl_Task_Object__count__C)
                  0081b5b0    00000004     test_pe674.oe674 (.const:ti_sysbios_knl_Task_allBlockedFunc__C)
                  0081b5b4    00000004     test_pe674.oe674 (.const:ti_sysbios_knl_Task_defaultStackHeap__C)
                  0081b5b8    00000004     test_pe674.oe674 (.const:ti_sysbios_knl_Task_defaultStackSize__C)
                  0081b5bc    00000004     test_pe674.oe674 (.const:ti_sysbios_knl_Task_numConstructedTasks__C)
                  0081b5c0    00000004     test_pe674.oe674 (.const:ti_sysbios_timers_rti_Timer_E_cannotSupport__C)
                  0081b5c4    00000004     test_pe674.oe674 (.const:ti_sysbios_timers_rti_Timer_Module__diagsEnabled__C)
                  0081b5c8    00000004     test_pe674.oe674 (.const:ti_sysbios_timers_rti_Timer_Module__diagsIncluded__C)
                  0081b5cc    00000004     test_pe674.oe674 (.const:ti_sysbios_timers_rti_Timer_Module__diagsMask__C)
                  0081b5d0    00000004     test_pe674.oe674 (.const:ti_sysbios_timers_rti_Timer_numTimerDevices__C)
                  0081b5d4    00000004     test_pe674.oe674 (.const:ti_sysbios_timers_rti_Timer_startupNeeded__C)
                  0081b5d8    00000004     test_pe674.oe674 (.const:xdc_runtime_Assert_E_assertFailed__C)
                  0081b5dc    00000004     test_pe674.oe674 (.const:xdc_runtime_Core_A_initializedParams__C)
                  0081b5e0    00000004     test_pe674.oe674 (.const:xdc_runtime_Core_Module__diagsEnabled__C)
                  0081b5e4    00000004     test_pe674.oe674 (.const:xdc_runtime_Core_Module__diagsIncluded__C)
                  0081b5e8    00000004     test_pe674.oe674 (.const:xdc_runtime_Core_Module__diagsMask__C)
                  0081b5ec    00000004     test_pe674.oe674 (.const:xdc_runtime_Error_E_memory__C)
                  0081b5f0    00000004     test_pe674.oe674 (.const:xdc_runtime_Error_Module__diagsEnabled__C)
                  0081b5f4    00000004     test_pe674.oe674 (.const:xdc_runtime_Error_Module__diagsIncluded__C)
                  0081b5f8    00000004     test_pe674.oe674 (.const:xdc_runtime_Error_Module__diagsMask__C)
                  0081b5fc    00000004     test_pe674.oe674 (.const:xdc_runtime_Error_Module__loggerFxn8__C)
                  0081b600    00000004     test_pe674.oe674 (.const:xdc_runtime_Error_Module__loggerObj__C)
                  0081b604    00000004     test_pe674.oe674 (.const:xdc_runtime_Error_policyFxn__C)
                  0081b608    00000004     test_pe674.oe674 (.const:xdc_runtime_Error_policy__C)
                  0081b60c    00000004     test_pe674.oe674 (.const:xdc_runtime_Error_raiseHook__C)
                  0081b610    00000004     test_pe674.oe674 (.const:xdc_runtime_IGateProvider_Interface__BASE__C)
                  0081b614    00000004     test_pe674.oe674 (.const:xdc_runtime_IHeap_Interface__BASE__C)
                  0081b618    00000004     test_pe674.oe674 (.const:xdc_runtime_IModule_Interface__BASE__C)
                  0081b61c    00000004     test_pe674.oe674 (.const:xdc_runtime_Log_L_error__C)
                  0081b620    00000004     test_pe674.oe674 (.const:xdc_runtime_Memory_defaultHeapInstance__C)
                  0081b624    00000004     test_pe674.oe674 (.const:xdc_runtime_Startup_execImpl__C)
                  0081b628    00000004     test_pe674.oe674 (.const:xdc_runtime_Startup_maxPasses__C)
                  0081b62c    00000004     test_pe674.oe674 (.const:xdc_runtime_Startup_sfxnRts__C)
                  0081b630    00000004     test_pe674.oe674 (.const:xdc_runtime_Startup_sfxnTab__C)
                  0081b634    00000004     test_pe674.oe674 (.const:xdc_runtime_System_Module__gateObj__C)
                  0081b638    00000004     test_pe674.oe674 (.const:xdc_runtime_System_abortFxn__C)
                  0081b63c    00000004     test_pe674.oe674 (.const:xdc_runtime_System_exitFxn__C)
                  0081b640    00000004     test_pe674.oe674 (.const:xdc_runtime_System_extendFxn__C)
                  0081b644    00000004     test_pe674.oe674 (.const:xdc_runtime_System_maxAtexitHandlers__C)
                  0081b648    00000004     test_pe674.oe674 (.const:xdc_runtime_Text_charTab__C)
                  0081b64c    00000004     test_pe674.oe674 (.const:xdc_runtime_Text_nameEmpty__C)
                  0081b650    00000004     test_pe674.oe674 (.const:xdc_runtime_Text_nameStatic__C)
                  0081b654    00000004     test_pe674.oe674 (.const:xdc_runtime_Text_nameUnknown__C)
                  0081b658    00000004     test_pe674.oe674 (.const:xdc_runtime_Text_nodeTab__C)
                  0081b65c    00000004     test_pe674.oe674 (.const:xdc_runtime_Text_visitRopeFxn__C)
                  0081b660    00000002     test_pe674.oe674 (.const:ti_sysbios_family_c64p_Exception_Module__id__C)
                  0081b662    00000002     test_pe674.oe674 (.const:ti_sysbios_family_c64p_Exception_useInternalBuffer__C)
                  0081b664    00000002     test_pe674.oe674 (.const:ti_sysbios_family_c64p_Hwi_Module__id__C)
                  0081b666    00000002     test_pe674.oe674 (.const:ti_sysbios_family_c64p_Hwi_Module__loggerDefined__C)
                  0081b668    00000002     test_pe674.oe674 (.const:ti_sysbios_gates_GateMutex_Module__id__C)
                  0081b66a    00000002     test_pe674.oe674 (.const:ti_sysbios_hal_Hwi_Module__id__C)
                  0081b66c    00000002     test_pe674.oe674 (.const:ti_sysbios_heaps_HeapMem_Module__id__C)
                  0081b66e    00000002     test_pe674.oe674 (.const:ti_sysbios_knl_Clock_Module__id__C)
                  0081b670    00000002     test_pe674.oe674 (.const:ti_sysbios_knl_Clock_Module__loggerDefined__C)
                  0081b672    00000002     test_pe674.oe674 (.const:ti_sysbios_knl_Semaphore_Module__id__C)
                  0081b674    00000002     test_pe674.oe674 (.const:ti_sysbios_knl_Semaphore_Module__loggerDefined__C)
                  0081b676    00000002     test_pe674.oe674 (.const:ti_sysbios_knl_Swi_Module__id__C)
                  0081b678    00000002     test_pe674.oe674 (.const:ti_sysbios_knl_Swi_Module__loggerDefined__C)
                  0081b67a    00000002     test_pe674.oe674 (.const:ti_sysbios_knl_Task_Module__id__C)
                  0081b67c    00000002     test_pe674.oe674 (.const:ti_sysbios_knl_Task_Module__loggerDefined__C)
                  0081b67e    00000002     test_pe674.oe674 (.const:ti_sysbios_timers_rti_Timer_Module__id__C)
                  0081b680    00000002     test_pe674.oe674 (.const:ti_sysbios_timers_rti_Timer_continueOnSuspend__C)
                  0081b682    00000002     test_pe674.oe674 (.const:xdc_runtime_Core_Module__id__C)
                  0081b684    00000002     test_pe674.oe674 (.const:xdc_runtime_Error_Module__loggerDefined__C)
                  0081b686    00000002     test_pe674.oe674 (.const:xdc_runtime_Error_maxDepth__C)
                  0081b688    00000002     test_pe674.oe674 (.const:xdc_runtime_Main_Module__id__C)
                  0081b68a    00000002     test_pe674.oe674 (.const:xdc_runtime_Memory_Module__id__C)
                  0081b68c    00000002     test_pe674.oe674 (.const:xdc_runtime_Text_charCnt__C)
                  0081b68e    00000002     test_pe674.oe674 (.const:xdc_runtime_Text_isLoaded__C)
                  0081b690    00000002     test_pe674.oe674 (.const:xdc_runtime_Text_registryModsLastId__C)
                  0081b692    00000002     test_pe674.oe674 (.const:xdc_runtime_Text_unnamedModsLastId__C)

.fardata   0    0081ce48    00000f9c     
                  0081ce48    00000620     test_pe674.oe674 (.fardata)
                  0081d468    000001e0     rts6740_elf.lib : defs.obj (.fardata:_ftable)
                  0081d648    000001c0     main.oe674 (.fardata:gSubFrameConfig)
                  0081d808    000000a0     rts6740_elf.lib : lowlev.obj (.fardata:_stream)
                  0081d8a8    00000088                     : pow.obj (.fardata:A1$1)
                  0081d930    00000080     test_pe674.oe674 (.fardata:ti_sysbios_knl_Swi_Module_State_0_readyQ__A)
                  0081d9b0    00000080     test_pe674.oe674 (.fardata:ti_sysbios_knl_Task_Module_State_0_readyQ__A)
                  0081da30    00000078     rts6740_elf.lib : lowlev.obj (.fardata:_device)
                  0081daa8    0000004c     test_pe674.oe674 (.fardata:ti_sysbios_knl_Task_Object__table__V)
                  0081daf4    00000004     rts6740_elf.lib : _lock.obj (.fardata:_lock)
                  0081daf8    00000040                     : pow.obj (.fardata:A2$2)
                  0081db38    00000040                     : cos.obj (.fardata:R$1)
                  0081db78    00000040                     : sin.obj (.fardata:R$1)
                  0081dbb8    00000040     libsoc_xwr16xx.ae674 : soc_xwr16xx.oe674 (.fardata:SOC_TranslateAddr_LUT)
                  0081dbf8    00000040     test_pe674.oe674 (.fardata:ti_sysbios_gates_GateMutex_Object__table__V)
                  0081dc38    0000003c     test_pe674.oe674 (.fardata:ti_sysbios_timers_rti_Timer_Object__table__V)
                  0081dc74    00000004     rts6740_elf.lib : _lock.obj (.fardata:_unlock)
                  0081dc78    00000038                     : pow.obj (.fardata:Q$4)
                  0081dcb0    00000030     test_pe674.oe674 (.fardata:ti_sysbios_knl_Swi_Object__table__V)
                  0081dce0    00000020     rts6740_elf.lib : pow.obj (.fardata:P$3)
                  0081dd00    00000020     test_pe674.oe674 (.fardata:xdc_runtime_System_Module_State_0_atexitHandlers__A)
                  0081dd20    00000018     rts6740_elf.lib : log.obj (.fardata:A$1)
                  0081dd38    00000018                     : log.obj (.fardata:B$2)
                  0081dd50    00000018     test_pe674.oe674 (.fardata:ti_sysbios_family_c64p_Hwi_Object__table__V)
                  0081dd68    00000018     test_pe674.oe674 (.fardata:ti_sysbios_heaps_HeapMem_Object__table__V)
                  0081dd80    00000018     test_pe674.oe674 (.fardata:ti_sysbios_timers_rti_Timer_Module_State_0_device__A)
                  0081dd98    00000010     test_pe674.oe674 (.fardata:ti_sysbios_timers_rti_Timer_Module_State_0_intFreqs__A)
                  0081dda8    0000000c     rts6740_elf.lib : exit.obj (.fardata)
                  0081ddb4    00000008                     : lowlev.obj (.fardata)
                  0081ddbc    00000004                     : defs.obj (.fardata)
                  0081ddc0    00000008     test_pe674.oe674 (.fardata:ti_sysbios_hal_Hwi_Object__table__V)
                  0081ddc8    00000008     test_pe674.oe674 (.fardata:ti_sysbios_timers_rti_Timer_Module_State_0_handles__A)
                  0081ddd0    00000004     rts6740_elf.lib : errno.obj (.fardata)
                  0081ddd4    00000004                     : fopen.obj (.fardata)
                  0081ddd8    00000004     test_pe674.oe674 (.fardata:ti_sysbios_gates_GateHwi_Object__table__V)
                  0081dddc    00000004     --HOLE-- [fill = 0]
                  0081dde0    00000004     test_pe674.oe674 (.fardata:ti_sysbios_knl_Task_Module_State_0_idleTask__A)

.cio       0    0081ede8    00000120     UNINITIALIZED
                  0081ede8    00000120     rts6740_elf.lib : trgmsg.obj (.cio)

.switch    0    0081ef08    00000058     
                  0081ef08    00000038     rts6740_elf.lib : _printfi.obj (.switch:_pproc_fgea)
                  0081ef40    00000010     libsoc_xwr16xx.ae674 : soc_xwr16xx_dss.oe674 (.switch:SOC_getInAddr_LUTType)
                  0081ef50    00000010                          : soc_xwr16xx_dss.oe674 (.switch:SOC_getOutAddr_LUTType)

.fastCode.1 
*          0    00e00000    00001760     
                  00e00000    000015a0     dss_data_path.oe674 (.text:MmwDemo_interFrameProcessing)
                  00e015a0    00000010     rts6740_elf.lib : push.obj ($Tramp$S$$__c6xabi_push_rts)
                  00e015b0    00000010     libedma_xwr16xx.ae674 : edma.oe674 ($Tramp$S$$EDMA_startDmaTransfer)
                  00e015c0    00000010     rts6740_elf.lib : memset.obj ($Tramp$S$$memset)
                  00e015d0    00000010     dss_data_path.oe674 ($Tramp$S$$MmwDemo_dataPathWait2DInputData)
                  00e015e0    00000010     libedma_xwr16xx.ae674 : edma.oe674 ($Tramp$S$$EDMA_setSourceAddress)
                  00e015f0    00000010     dss_data_path.oe674 ($Tramp$S$$MmwDemo_addDopplerCompensation)
                  00e01600    00000010     dss_data_path.oe674 ($Tramp$S$$MmwDemo_log2AbsAccum)
[...]
0081b43c  ti_sysbios_family_c64p_Cache_MAR32_63__C                     
0081b440  ti_sysbios_family_c64p_Cache_MAR64_95__C                     
0081b444  ti_sysbios_family_c64p_Cache_MAR96_127__C                    
0081b448  ti_sysbios_family_c64p_EventCombiner_A_invalidEventId__C     
0081b44c  ti_sysbios_family_c64p_EventCombiner_E_unpluggedEvent__C     
0081b450  ti_sysbios_family_c64p_EventCombiner_Module__diagsEnabled__C 
0081b454  ti_sysbios_family_c64p_EventCombiner_Module__diagsIncluded__C
0081b458  ti_sysbios_family_c64p_EventCombiner_Module__diagsMask__C    
0081b45c  ti_sysbios_family_c64p_Exception_E_exceptionMax__C           
0081b460  ti_sysbios_family_c64p_Exception_exceptionHook__C            
0081b464  ti_sysbios_family_c64p_Exception_externalHook__C             
0081b468  ti_sysbios_family_c64p_Exception_internalHook__C             
0081b46c  ti_sysbios_family_c64p_Exception_nmiHook__C                  
0081b470  ti_sysbios_family_c64p_Hwi_E_alreadyDefined__C               
0081b474  ti_sysbios_family_c64p_Hwi_E_handleNotFound__C               
0081b478  ti_sysbios_family_c64p_Hwi_E_invalidIntNum__C                
0081b47c  ti_sysbios_family_c64p_Hwi_LD_end__C                         
0081b480  ti_sysbios_family_c64p_Hwi_LM_begin__C                       
0081b484  ti_sysbios_family_c64p_Hwi_Module__diagsEnabled__C           
0081b488  ti_sysbios_family_c64p_Hwi_Module__diagsIncluded__C          
0081b48c  ti_sysbios_family_c64p_Hwi_Module__diagsMask__C              
0081b490  ti_sysbios_family_c64p_Hwi_Module__loggerFxn1__C             
0081b494  ti_sysbios_family_c64p_Hwi_Module__loggerFxn8__C             
0081b498  ti_sysbios_family_c64p_Hwi_Module__loggerObj__C              
0081b49c  ti_sysbios_gates_GateMutex_A_badContext__C                   
0081b4a0  ti_sysbios_gates_GateMutex_Instance_State_sem__O             
0081b4a4  ti_sysbios_gates_GateMutex_Module__diagsEnabled__C           
0081b4a8  ti_sysbios_gates_GateMutex_Module__diagsIncluded__C          
0081b4ac  ti_sysbios_gates_GateMutex_Module__diagsMask__C              
0081b4b0  ti_sysbios_hal_Hwi_E_stackOverflow__C                        
0081b4b4  ti_sysbios_heaps_HeapMem_A_align__C                          
0081b4b8  ti_sysbios_heaps_HeapMem_A_heapSize__C                       
0081b4bc  ti_sysbios_heaps_HeapMem_A_invalidFree__C                    
0081b4c0  ti_sysbios_heaps_HeapMem_A_zeroBlock__C                      
0081b4c4  ti_sysbios_heaps_HeapMem_E_memory__C                         
0081b4c8  ti_sysbios_heaps_HeapMem_Module__diagsEnabled__C             
0081b4cc  ti_sysbios_heaps_HeapMem_Module__diagsIncluded__C            
0081b4d0  ti_sysbios_heaps_HeapMem_Module__diagsMask__C                
0081b4d4  ti_sysbios_heaps_HeapMem_Module__gateObj__C                  
0081b4d8  ti_sysbios_heaps_HeapMem_Object__count__C                    
0081b4dc  ti_sysbios_heaps_HeapMem_reqAlign__C                         
0081b4e0  ti_sysbios_knl_Clock_LM_begin__C                             
0081b4e4  ti_sysbios_knl_Clock_LM_tick__C                              
0081b4e8  ti_sysbios_knl_Clock_LW_delayed__C                           
0081b4ec  ti_sysbios_knl_Clock_Module_State_clockQ__O                  
0081b4f0  ti_sysbios_knl_Clock_Module__diagsEnabled__C                 
0081b4f4  ti_sysbios_knl_Clock_Module__diagsIncluded__C                
0081b4f8  ti_sysbios_knl_Clock_Module__diagsMask__C                    
0081b4fc  ti_sysbios_knl_Clock_Module__loggerFxn1__C                   
0081b500  ti_sysbios_knl_Clock_Module__loggerFxn2__C                   
0081b504  ti_sysbios_knl_Clock_Module__loggerObj__C                    
0081b508  ti_sysbios_knl_Idle_funcList__A                              
0081b50c  ti_sysbios_knl_Semaphore_A_badContext__C                     
0081b510  ti_sysbios_knl_Semaphore_A_noEvents__C                       
0081b514  ti_sysbios_knl_Semaphore_A_overflow__C                       
0081b518  ti_sysbios_knl_Semaphore_A_pendTaskDisabled__C               
0081b51c  ti_sysbios_knl_Semaphore_Instance_State_pendQ__O             
0081b520  ti_sysbios_knl_Semaphore_LM_pend__C                          
0081b524  ti_sysbios_knl_Semaphore_LM_post__C                          
0081b528  ti_sysbios_knl_Semaphore_Module__diagsEnabled__C             
0081b52c  ti_sysbios_knl_Semaphore_Module__diagsIncluded__C            
0081b530  ti_sysbios_knl_Semaphore_Module__diagsMask__C                
0081b534  ti_sysbios_knl_Semaphore_Module__loggerFxn2__C               
0081b538  ti_sysbios_knl_Semaphore_Module__loggerFxn4__C               
0081b53c  ti_sysbios_knl_Semaphore_Module__loggerObj__C                
0081b540  ti_sysbios_knl_Swi_LD_end__C                                 
0081b544  ti_sysbios_knl_Swi_LM_begin__C                               
0081b548  ti_sysbios_knl_Swi_LM_post__C                                
0081b54c  ti_sysbios_knl_Swi_Module__diagsEnabled__C                   
0081b550  ti_sysbios_knl_Swi_Module__diagsIncluded__C                  
0081b554  ti_sysbios_knl_Swi_Module__diagsMask__C                      
0081b558  ti_sysbios_knl_Swi_Module__loggerFxn1__C                     
0081b55c  ti_sysbios_knl_Swi_Module__loggerFxn4__C                     
0081b560  ti_sysbios_knl_Swi_Module__loggerObj__C                      
0081b564  ti_sysbios_knl_Swi_Object__count__C                          
0081b568  ti_sysbios_knl_Task_A_badPriority__C                         
0081b56c  ti_sysbios_knl_Task_A_badTaskState__C                        
0081b570  ti_sysbios_knl_Task_A_badThreadType__C                       
0081b574  ti_sysbios_knl_Task_A_noPendElem__C                          
0081b578  ti_sysbios_knl_Task_E_spOutOfBounds__C                       
0081b57c  ti_sysbios_knl_Task_E_stackOverflow__C                       
0081b580  ti_sysbios_knl_Task_LD_block__C                              
0081b584  ti_sysbios_knl_Task_LD_exit__C                               
0081b588  ti_sysbios_knl_Task_LD_ready__C                              
0081b58c  ti_sysbios_knl_Task_LM_switch__C                             
0081b590  ti_sysbios_knl_Task_Module_State_inactiveQ__O                
0081b594  ti_sysbios_knl_Task_Module__diagsEnabled__C                  
0081b598  ti_sysbios_knl_Task_Module__diagsIncluded__C                 
0081b59c  ti_sysbios_knl_Task_Module__diagsMask__C                     
0081b5a0  ti_sysbios_knl_Task_Module__loggerFxn2__C                    
0081b5a4  ti_sysbios_knl_Task_Module__loggerFxn4__C                    
0081b5a8  ti_sysbios_knl_Task_Module__loggerObj__C                     
0081b5ac  ti_sysbios_knl_Task_Object__count__C                         
0081b5b0  ti_sysbios_knl_Task_allBlockedFunc__C                        
0081b5b4  ti_sysbios_knl_Task_defaultStackHeap__C                      
0081b5b8  ti_sysbios_knl_Task_defaultStackSize__C                      
0081b5bc  ti_sysbios_knl_Task_numConstructedTasks__C                   
0081b5c0  ti_sysbios_timers_rti_Timer_E_cannotSupport__C               
0081b5c4  ti_sysbios_timers_rti_Timer_Module__diagsEnabled__C          
0081b5c8  ti_sysbios_timers_rti_Timer_Module__diagsIncluded__C         
0081b5cc  ti_sysbios_timers_rti_Timer_Module__diagsMask__C             
0081b5d0  ti_sysbios_timers_rti_Timer_numTimerDevices__C               
0081b5d4  ti_sysbios_timers_rti_Timer_startupNeeded__C                 
0081b5d8  xdc_runtime_Assert_E_assertFailed__C                         
0081b5dc  xdc_runtime_Core_A_initializedParams__C                      
0081b5e0  xdc_runtime_Core_Module__diagsEnabled__C                     
0081b5e4  xdc_runtime_Core_Module__diagsIncluded__C                    
0081b5e8  xdc_runtime_Core_Module__diagsMask__C                        
0081b5ec  xdc_runtime_Error_E_memory__C                                
0081b5f0  xdc_runtime_Error_Module__diagsEnabled__C                    
0081b5f4  xdc_runtime_Error_Module__diagsIncluded__C                   
0081b5f8  xdc_runtime_Error_Module__diagsMask__C                       
0081b5fc  xdc_runtime_Error_Module__loggerFxn8__C                      
0081b600  xdc_runtime_Error_Module__loggerObj__C                       
0081b604  xdc_runtime_Error_policyFxn__C                               
0081b608  xdc_runtime_Error_policy__C                                  
0081b60c  xdc_runtime_Error_raiseHook__C                               
0081b610  xdc_runtime_IGateProvider_Interface__BASE__C                 
0081b614  xdc_runtime_IHeap_Interface__BASE__C                         
0081b618  xdc_runtime_IModule_Interface__BASE__C                       
0081b61c  xdc_runtime_Log_L_error__C                                   
0081b620  xdc_runtime_Memory_defaultHeapInstance__C                    
0081b624  xdc_runtime_Startup_execImpl__C                              
0081b628  xdc_runtime_Startup_maxPasses__C                             
0081b62c  xdc_runtime_Startup_sfxnRts__C                               
0081b630  xdc_runtime_Startup_sfxnTab__C                               
0081b634  xdc_runtime_System_Module__gateObj__C                        
0081b638  xdc_runtime_System_abortFxn__C                               
0081b63c  xdc_runtime_System_exitFxn__C                                
0081b640  xdc_runtime_System_extendFxn__C                              
0081b644  xdc_runtime_System_maxAtexitHandlers__C                      
0081b648  xdc_runtime_Text_charTab__C                                  
0081b64c  xdc_runtime_Text_nameEmpty__C                                
0081b650  xdc_runtime_Text_nameStatic__C                               
0081b654  xdc_runtime_Text_nameUnknown__C                              
0081b658  xdc_runtime_Text_nodeTab__C                                  
0081b65c  xdc_runtime_Text_visitRopeFxn__C                             
0081b660  ti_sysbios_family_c64p_Exception_Module__id__C               
0081b662  ti_sysbios_family_c64p_Exception_useInternalBuffer__C        
0081b664  ti_sysbios_family_c64p_Hwi_Module__id__C                     
0081b666  ti_sysbios_family_c64p_Hwi_Module__loggerDefined__C          
0081b668  ti_sysbios_gates_GateMutex_Module__id__C                     
0081b66a  ti_sysbios_hal_Hwi_Module__id__C                             
0081b66c  ti_sysbios_heaps_HeapMem_Module__id__C                       
0081b66e  ti_sysbios_knl_Clock_Module__id__C                           
0081b670  ti_sysbios_knl_Clock_Module__loggerDefined__C                
0081b672  ti_sysbios_knl_Semaphore_Module__id__C                       
0081b674  ti_sysbios_knl_Semaphore_Module__loggerDefined__C            
0081b676  ti_sysbios_knl_Swi_Module__id__C                             
0081b678  ti_sysbios_knl_Swi_Module__loggerDefined__C                  
0081b67a  ti_sysbios_knl_Task_Module__id__C                            
0081b67c  ti_sysbios_knl_Task_Module__loggerDefined__C                 
0081b67e  ti_sysbios_timers_rti_Timer_Module__id__C                    
0081b680  ti_sysbios_timers_rti_Timer_continueOnSuspend__C             
0081b682  xdc_runtime_Core_Module__id__C                               
0081b684  xdc_runtime_Error_Module__loggerDefined__C                   
0081b686  xdc_runtime_Error_maxDepth__C                                
0081b688  xdc_runtime_Main_Module__id__C                               
0081b68a  xdc_runtime_Memory_Module__id__C                             
0081b68c  xdc_runtime_Text_charCnt__C                                  
0081b68e  xdc_runtime_Text_isLoaded__C                                 
0081b690  xdc_runtime_Text_registryModsLastId__C                       
0081b692  xdc_runtime_Text_unnamedModsLastId__C                        
0081b698  ti_sysbios_knl_Task_Instance_State_0_stack__A                
0081be98  gDataPathObj                                                 
0081c920  __TI_tmpnams                                                 
0081ca60  gCliCfg                                                      
0081cb80  gCfg                                                         
0081cc7c  gGenFrameDataObj                                             
0081cd5c  gCliCommonCfg                                                
0081ce10  edmaDbg                                                      
0081ce20  gCycleLog                                                    
0081ce30  gMmwDemo_dataPathContext                                     
0081ce48  xdc_runtime_Error_IgnoreBlock                                
0081ce68  ti_sysbios_BIOS_Module__state__V                             
0081ce8c  ti_sysbios_family_c64p_Cache_Module__state__V                
0081ce90  ti_sysbios_family_c64p_EventCombiner_Module__state__V        
0081d290  ti_sysbios_family_c64p_Exception_Module__state__V            
0081d2c0  ti_sysbios_family_c64p_Hwi_Module__root__V                   
0081d2c8  ti_sysbios_family_c64p_Hwi_Module__state__V                  
0081d334  ti_sysbios_gates_GateHwi_Module__root__V                     
0081d33c  ti_sysbios_gates_GateMutex_Module__root__V                   
0081d344  ti_sysbios_hal_Hwi_Module__root__V                           
0081d34c  ti_sysbios_heaps_HeapMem_Module__root__V                     
0081d354  ti_sysbios_knl_Clock_Module__root__V                         
0081d35c  ti_sysbios_knl_Clock_Module__state__V                        
0081d388  ti_sysbios_knl_Event_Module__root__V                         
0081d390  ti_sysbios_knl_Queue_Module__root__V                         
0081d398  ti_sysbios_knl_Semaphore_Module__root__V                     
0081d3a0  ti_sysbios_knl_Swi_Module__root__V                           
0081d3a8  ti_sysbios_knl_Swi_Module__state__V                          
0081d3c4  ti_sysbios_knl_Task_Module__root__V                          
0081d3cc  ti_sysbios_knl_Task_Module__state__V                         
0081d410  ti_sysbios_rts_ti_ThreadLocalStorage_Module__state__V        
0081d41c  ti_sysbios_timers_rti_Timer_Module__root__V                  
0081d424  ti_sysbios_timers_rti_Timer_Module__state__V                 
0081d434  xdc_runtime_Error_Module__state__V                           
0081d438  xdc_runtime_HeapMin_Module__root__V                          
0081d440  xdc_runtime_Memory_Module__state__V                          
0081d444  xdc_runtime_Registry_Module__state__V                        
0081d44c  xdc_runtime_Startup_Module__state__V                         
0081d454  xdc_runtime_System_Module__state__V                          
0081d45c  xdc_runtime_Text_Module__state__V                            
0081d464  __xdc__init__addr                                            
0081d468  _ftable                                                      
0081d648  gSubFrameConfig                                              
0081d930  ti_sysbios_knl_Swi_Module_State_0_readyQ__A                  
0081d9b0  ti_sysbios_knl_Task_Module_State_0_readyQ__A                 
0081daa8  ti_sysbios_knl_Task_Object__table__V                         
0081daf4  _lock                                                        
0081dbb8  SOC_TranslateAddr_LUT                                        
0081dbf8  ti_sysbios_gates_GateMutex_Object__table__V                  
0081dc38  ti_sysbios_timers_rti_Timer_Object__table__V                 
0081dc74  _unlock                                                      
0081dcb0  ti_sysbios_knl_Swi_Object__table__V                          
0081dd00  xdc_runtime_System_Module_State_0_atexitHandlers__A          
0081dd50  ti_sysbios_family_c64p_Hwi_Object__table__V                  
0081dd68  ti_sysbios_heaps_HeapMem_Object__table__V                    
0081dd80  ti_sysbios_timers_rti_Timer_Module_State_0_device__A         
0081dd98  ti_sysbios_timers_rti_Timer_Module_State_0_intFreqs__A       
0081dda8  __TI_cleanup_ptr                                             
0081ddac  __TI_dtors_ptr                                               
0081ddb0  __TI_enable_exit_profile_output                              
0081ddbc  __TI_ft_end                                                  
0081ddc0  ti_sysbios_hal_Hwi_Object__table__V                          
0081ddc8  ti_sysbios_timers_rti_Timer_Module_State_0_handles__A        
0081ddd0  __errno                                                      
0081ddd0  errno                                                        
0081ddd8  ti_sysbios_gates_GateHwi_Object__table__V                    
0081dde0  ti_sysbios_knl_Task_Module_State_0_idleTask__A               
0081dde8  _stack                                                       
0081ede8  __CIOBUF_                                                    
0081ede8  __TI_STACK_END                                               
0081ef60  __TI_STATIC_BASE                                             
0081ef60  gMCPILogMessageSize                                          
0081ef64  gReadTestConfigFromBinFile                                   
0081ef68  gSubFrameSwitchingCycles                                     
0081ef6c  gNumSubFrames                                                
0081ef78  regionId                                                     
0081ef80  MCPI_FailSignature                                           
0081ef84  MCPI_Result                                                  
00e00000  MmwDemo_interFrameProcessing                                 
00e017a0  mmwavelib_cfarCadB_SOGO                                      
00e01d80  MmwDemo_cfarPeakGrouping                                     
00e021a0  mmwavelib_cfarCadBwrap                                       
00e025a0  DSP_fft32x32                                                 
00e02920  MmwDemo_XYestimation                                         
00e02c40  DSP_fft16x16                                                 
00e02f40  MmwDemo_interChirpProcessing                                 
00e03180  MmwDemo_processChirp                                         
00e033a0  mmwavelib_log2Abs32                                          
00e035a0  mmwavelib_windowing16x16_evenlen                             
00e03780  mmwavelib_dftSingleBinWithWindow                             
00e03920  cossp                                                        
00e03a54  sinsp                                                        
00e03b60  mmwavelib_vecsum                                             
00e03c00  mmwavelib_windowing16x32                                     
00e03ca0  sqrtsp                                                       
00e03d40  mmwavelib_accum16                                            
00e03da0  mmwavelib_vecsubc                                            
00e03e00  divsp                                                        
00f00000  gMmwL1                                                       
20000000  gMmwL3                                                       
ffffffff  __TI_pprof_out_hndl                                          
ffffffff  __TI_prof_data_size                                          
ffffffff  __TI_prof_data_start                                         
ffffffff  __binit__                                                    
ffffffff  __c_args__                                                   
ffffffff  binit                                                        
UNDEFED   __TI_CINIT_Base                                              
UNDEFED   __TI_CINIT_Limit                                             
UNDEFED   __TI_Handler_Table_Base                                      
UNDEFED   __TI_Handler_Table_Limit                                     
UNDEFED   __TI_INITARRAY_Base                                          
UNDEFED   __TI_INITARRAY_Limit                                         
UNDEFED   __TI_TLS_INIT_Base                                           
UNDEFED   __TI_TLS_INIT_Limit                                          

[794 symbols]
