******************************************************************************
                  TI ARM Linker Unix v16.9.6                   
******************************************************************************
>> Linked Thu Apr 26 15:45:59 2018

OUTPUT FILE NAME:   <test/xwr16xx/xwr16xx_cbuff_mss.xer4f>
ENTRY POINT SYMBOL: "_c_int00"  address: 0000af78


MEMORY CONFIGURATION

         name            origin    length      used     unused   attr    fill
----------------------  --------  ---------  --------  --------  ----  --------
  VECTORS               00000000   00000100  0000003c  000000c4     X
  PROG_RAM              00000100   0003ff00  00010386  0002fb7a  R  X
  DATA_RAM              08000000   00030000  00015440  0001abc0  RW  
  L3_RAM                51000000   000c0000  00000080  000bff80  RW  
  HS_RAM                52080000   00008000  00000000  00008000  RW  


SEGMENT ALLOCATION MAP

run origin  load origin   length   init length attrs members
----------  ----------- ---------- ----------- ----- -------
00000000    00000000    0000003c   0000003c    r--
  00000000    00000000    0000003c   0000003c    r-- .vecs
00000100    00000100    00010390   00010390    r-x
  00000100    00000100    0000dae2   0000dae2    r-x .text
  0000dbe8    0000dbe8    00002494   00002494    r-- .const
  00010080    00010080    00000410   00000410    r-- .cinit
08000000    08000000    000139b4   00000000    rw-
  08000000    08000000    00008000   00000000    rw- .MCPILogBuffer
  08008000    08008000    00008000   00000000    rw- systemHeap
  08010000    08010000    000039b4   00000000    rw- .bss
080139c0    080139c0    00001a8c   00000000    rw-
  080139c0    080139c0    00001000   00000000    rw- .stack
  080149c0    080149c0    00000a8c   00000000    rw- .data
51000000    51000000    00000080   00000000    rw-
  51000000    51000000    00000080   00000000    rw- .cbuffL3Memory


SECTION ALLOCATION MAP

 output                                  attributes/
section   page    origin      length       input sections
--------  ----  ----------  ----------   ----------------
.vecs      0    00000000    0000003c     
                  00000000    0000003c     mss_per4ft.oer4ft (.vecs)

xdc.meta   0    00000000    00000106     COPY SECTION
                  00000000    00000106     mss_per4ft.oer4ft (xdc.meta)

.text      0    00000100    0000dae2     
                  00000100    0000107a     rtsv7R4_T_le_v3D16_eabi.lib : _printfi.obj (.text)
                  0000117a    00000002     libadcbuf_xwr16xx.aer4f : adcbuf_mmwave.oer4f (.text:ADCBUF_MMWave_init)
                  0000117c    00000572     test_common.oer4f (.text:Test_MultipleSessions)
                  000016ee    00000002     rtsv7R4_T_le_v3D16_eabi.lib : i_div0.obj (.text)
                  000016f0    000004d9     sysbios.aer4ft : BIOS.obj (.text:xdc_runtime_System_doPrint__I)
                  00001bc9    00000001     --HOLE-- [fill = 0]
                  00001bca    00000002     mss_per4ft.oer4ft (.text:ti_sysbios_BIOS_nullFunc__I)
                  00001bcc    00000490     libadcbuf_xwr16xx.aer4f : adcbuf_mmwave.oer4f (.text:ADCBUF_MMWave_control)
                  0000205c    00000454     test_common.oer4f (.text:Test_dataFormats)
                  000024b0    0000042c     test_common.oer4f (.text:Test_MultipleChirpMode)
                  000028dc    00000004     cbuff_lvds.oer4f (.text:CBUFF_deinitLVDS)
                  000028e0    00000304     sysbios.aer4ft : BIOS.obj (.text:ti_sysbios_knl_Semaphore_pend__E)
                  00002be4    000002f8     cbuff.oer4f (.text:CBUFF_createSession)
                  00002edc    000002e8     test_common.oer4f (.text:Test_EDMAChannelAllocationFailures)
                  000031c4    000002c4     test_common.oer4f (.text:Test_InvalidDataSize)
                  00003488    000002b8     rtsv7R4_T_le_v3D16_eabi.lib : ull_div32.obj (.text)
                  00003740    000002a0     sysbios.aer4ft : BIOS.obj (.text:ti_sysbios_heaps_HeapMem_freeUnprotected__E)
                  000039e0    00000284     libsoc_xwr16xx.aer4f : soc_xwr16xx_mss.oer4f (.text:SOC_deviceInit)
                  00003c64    0000000c     libedma_xwr16xx.aer4f : edma_low_level.oer4f (.text:EDMA3ChannelToParamMap)
                  00003c70    00000280     sysbios.aer4ft : BIOS.obj (.text:ti_sysbios_family_arm_exc_Exception_excDumpContext__I)
                  00003ef0    00000278     main_mss.oer4f (.text:Test_initTask)
                  00004168    00000008     libosal_xwr16xx.aer4f : HwiP_tirtos.oer4f (.text:HwiP_disable)
                  00004170    00000264     sysbios.aer4ft : BIOS.obj (.text:ti_sysbios_knl_Task_Instance_finalize__E)
                  000043d4    00000254     cbuff.oer4f (.text:CBUFF_init)
                  00004628    0000022c     cbuff_lvds.oer4f (.text:CBUFF_openLVDS)
                  00004854    0000000c     libedma_xwr16xx.aer4f : edma_low_level.oer4f (.text:EDMAsetRegion)
                  00004860    00000228     sysbios.aer4ft : BIOS.obj (.text:ti_sysbios_heaps_HeapMem_allocUnprotected__E)
                  00004a88    0000020a     cbuff_transfer.oer4f (.text:CBUFF_addLinkedList)
                  00004c92    0000000e     libsoc_xwr16xx.aer4f : soc_xwr16xx_mss.oer4f (.text:SOC_microDelay)
                  00004ca0    000001e4     sysbios.aer4ft : BIOS.obj (.text:ti_sysbios_family_arm_v7r_vim_Hwi_dispatchIRQC__I)
                  00004e84    0000000c                    : arm_IntrinsicsSupport_asm.obj (.text:_ti_sysbios_family_arm_IntrinsicsSupport_maxbitA)
                  00004e90    000001cc                    : BIOS.obj (.text:ti_sysbios_knl_Task_Module_startup__E)
                  0000505c    000001c8     rtsv7R4_T_le_v3D16_eabi.lib : fopen.obj (.text)
                  00005224    0000000c                                 : copy_zero_init.obj (.text:decompress:ZI)
                  00005230    000001c4     sysbios.aer4ft : BIOS.obj (.text:ti_sysbios_timers_rti_Timer_Module_startup__E)
                  000053f4    000001c0     cbuff_edma.oer4f (.text:CBUFF_configEDMA)
                  000055b4    0000000c     mss_per4ft.oer4ft (.text:ti_sysbios_knl_Queue_Object__get__S)
                  000055c0    000001bc     sysbios.aer4ft : BIOS.obj (.text:ti_sysbios_knl_Task_Instance_init__E)
                  0000577c    000001b4     cbuff_lvds.oer4f (.text:CBUFF_initLVDS)
                  00005930    000001a4     cbuff.oer4f (.text:CBUFF_activateSession)
                  00005ad4    0000000a     libadcbuf_xwr16xx.aer4f : ADCBuf.oer4f (.text:ADCBuf_control)
                  00005ade    00000002     mss_per4ft.oer4ft (.text:xdc_runtime_Startup_reset__I)
                  00005ae0    00000198     sysbios.aer4ft : BIOS.obj (.text:xdc_runtime_Error_policyDefault__E)
                  00005c78    00000006     libedma_xwr16xx.aer4f : edma_low_level.oer4f (.text:EDMA3ClrCCErr)
                  00005c7e    00000002     --HOLE-- [fill = 0]
                  00005c80    00000184     sysbios.aer4ft : BIOS.obj (.text:xdc_runtime_LoggerBuf_write8__E)
                  00005e04    0000000a     libadcbuf_xwr16xx.aer4f : ADCBuf.oer4f (.text:ADCBuf_getChanBufAddr)
                  00005e0e    00000002     --HOLE-- [fill = 0]
                  00005e10    0000017c     sysbios.aer4ft : BIOS.obj (.text:ti_sysbios_family_arm_exc_Exception_excHandler__I)
                  00005f8c    00000170     libedma_xwr16xx.aer4f : edma.oer4f (.text:EDMA_open)
                  000060fc    00000004     libosal_xwr16xx.aer4f : HwiP_tirtos.oer4f (.text:HwiP_disableInterrupt)
                  00006100    00000160     sysbios.aer4ft : BIOS.obj (.text:ti_sysbios_family_arm_v7r_vim_Hwi_reconfig__E)
                  00006260    0000015a     test_common.oer4f (.text:Test_enableADCChannel)
                  000063ba    00000002     --HOLE-- [fill = 0]
                  000063bc    00000154     libedma_xwr16xx.aer4f : edma.oer4f (.text:EDMA_error_isr)
                  00006510    00000148     sysbios.aer4ft : BIOS.obj (.text:ti_sysbios_knl_Semaphore_post__E)
                  00006658    00000006     libedma_xwr16xx.aer4f : edma_low_level.oer4f (.text:EDMA3ErrIntrHighStatusGet)
                  0000665e    00000002     --HOLE-- [fill = 0]
                  00006660    00000140     sysbios.aer4ft : BIOS.obj (.text:ti_sysbios_heaps_HeapMem_Instance_init__E)
                  000067a0    0000013c     libedma_xwr16xx.aer4f : edma.oer4f (.text:EDMA_configChannel)
                  000068dc    00000138     rtsv7R4_T_le_v3D16_eabi.lib : fputs.obj (.text)
                  00006a14    0000000a     libosal_xwr16xx.aer4f : MemoryP_tirtos.oer4f (.text:MemoryP_ctrlFree)
                  00006a1e    00000002     --HOLE-- [fill = 0]
                  00006a20    00000138     sysbios.aer4ft : BIOS.obj (.text:ti_sysbios_knl_Clock_workFunc__E)
                  00006b58    00000006     libedma_xwr16xx.aer4f : edma_low_level.oer4f (.text:EDMA3GetCCErrStatus)
                  00006b5e    00000002     --HOLE-- [fill = 0]
                  00006b60    00000138     sysbios.aer4ft : BIOS.obj (.text:xdc_runtime_Core_createObject__I)
                  00006c98    00000006     libedma_xwr16xx.aer4f : edma_low_level.oer4f (.text:EDMA3GetErrIntrStatus)
                  00006c9e    00000002     --HOLE-- [fill = 0]
                  00006ca0    00000134     sysbios.aer4ft : BIOS.obj (.text:xdc_runtime_Startup_startMods__I)
                  00006dd4    00000124     libedma_xwr16xx.aer4f : edma.oer4f (.text:EDMA_init)
                  00006ef8    00000120     libadcbuf_xwr16xx.aer4f : adcbuf_mmwave.oer4f (.text:ADCBUF_MMWave_open)
                  00007018    00000120     libtestlogger_xwr16xx.aer4f : logger.oer4f (.text:MCPI_setFeatureTestResult)
                  00007138    00000006     libedma_xwr16xx.aer4f : edma_low_level.oer4f (.text:EDMA3QdmaGetErrIntrStatus)
                  0000713e    00000002     --HOLE-- [fill = 0]
                  00007140    00000120     sysbios.aer4ft : BIOS.obj (.text:xdc_runtime_LoggerBuf_write4__E)
                  00007260    00000118     main_mss.oer4f (.text:main)
                  00007378    00000006     libosal_xwr16xx.aer4f : HwiP_tirtos.oer4f (.text:HwiP_restore)
                  0000737e    00000002     --HOLE-- [fill = 0]
                  00007380    00000118     sysbios.aer4ft : BIOS.obj (.text:ti_sysbios_family_arm_v7r_vim_Hwi_Instance_init__E)
                  00007498    00000006                    : a15_TimestampProvider_asm.obj (.text:ti_sysbios_family_arm_a15_TimestampProvider_get32__E)
                  0000749e    00000002     --HOLE-- [fill = 0]
                  000074a0    00000114                    : BIOS.obj (.text:ti_sysbios_knl_Swi_run__I)
                  000075b4    00000110     cbuff_transfer.oer4f (.text:CBUFF_setupNonInterleaved_MultiChirp_CP_ADC_CQ_USER)
                  000076c4    00000110     libedma_xwr16xx.aer4f : edma.oer4f (.text:EDMA_transferComplete_isr)
                  000077d4    0000000a     sysbios.aer4ft : tms570_Core_asm.obj (.text:ti_sysbios_family_arm_v7r_tms570_Core_getId__E)
                  000077de    00000002     --HOLE-- [fill = 0]
                  000077e0    00000104                    : BIOS.obj (.text:ti_sysbios_timers_rti_Timer_getFreq__E)
                  000078e4    00000100     cbuff_transfer.oer4f (.text:CBUFF_setupNonInterleaved_MultiChirp_CP_ADC)
                  000079e4    0000000a     mss_per4ft.oer4ft (.text:xdc_runtime_IHeap_alloc)
                  000079ee    00000002     --HOLE-- [fill = 0]
                  000079f0    00000100     sysbios.aer4ft : BIOS.obj (.text:xdc_runtime_Core_constructObject__I)
                  00007af0    000000fc     cbuff.oer4f (.text:CBUFF_deinit)
                  00007bec    000000fc     cbuff.oer4f (.text:CBUFF_deleteSession)
                  00007ce8    000000fc     cbuff_transfer.oer4f (.text:CBUFF_setupNonInterleaved_MultiChirp_CP_ADC_CQ)
                  00007de4    000000f8     cbuff_transfer.oer4f (.text:CBUFF_setupNonInterleaved_MultiChirp_ADC_CP)
                  00007edc    000000f8     mss_per4ft.oer4ft (.text:xdc_runtime_System_printfExtend__I)
                  00007fd4    0000000a     mss_per4ft.oer4ft (.text:xdc_runtime_IHeap_free)
                  00007fde    00000002     --HOLE-- [fill = 0]
                  00007fe0    000000f0     sysbios.aer4ft : BIOS.obj (.text:ti_sysbios_family_arm_v7r_vim_Hwi_Module_startup__E)
                  000080d0    000000ec     rtsv7R4_T_le_v3D16_eabi.lib : s_scalbn.obj (.text)
                  000081bc    00000004     libosal_xwr16xx.aer4f : HwiP_tirtos.oer4f (.text:HwiP_enableInterrupt)
                  000081c0    000000ec     sysbios.aer4ft : BIOS.obj (.text:ti_sysbios_heaps_HeapBuf_Module_startup__E)
                  000082ac    000000e2     libedma_xwr16xx.aer4f : edma.oer4f (.text:EDMA_paramConfig_assist)
                  0000838e    00000002     --HOLE-- [fill = 0]
                  00008390    000000dc     cbuff_transfer.oer4f (.text:CBUFF_setupNonInterleaved_ADC_CP)
                  0000846c    000000dc     rtsv7R4_T_le_v3D16_eabi.lib : setvbuf.obj (.text)
                  00008548    000000d8     libedma_xwr16xx.aer4f : edma.oer4f (.text:EDMA_configErrorMonitoring)
                  00008620    000000d4     sysbios.aer4ft : BIOS.obj (.text:ti_sysbios_knl_Task_schedule__I)
                  000086f4    000000d0     cbuff_transfer.oer4f (.text:CBUFF_setupNonInterleaved_CP_ADC_CQ_USER)
                  000087c4    000000d0     sysbios.aer4ft : exc_Exception_asm.obj (.text:ti_sysbios_family_arm_exc_Exception_excHandlerAsm__I)
                  00008894    00000004     mss_per4ft.oer4ft (.text:ti_sysbios_BIOS_RtsGateProxy_enter__E)
                  00008898    00000004     mss_per4ft.oer4ft (.text:ti_sysbios_BIOS_RtsGateProxy_leave__E)
                  0000889c    00000004     mss_per4ft.oer4ft (.text:ti_sysbios_family_arm_TaskSupport_Module__startupDone__S)
                  000088a0    000000d0     sysbios.aer4ft : BIOS.obj (.text:ti_sysbios_knl_Task_exit__E)
                  00008970    000000d0                    : BIOS.obj (.text:xdc_runtime_LoggerBuf_Instance_init__E)
                  00008a40    000000cc     libedma_xwr16xx.aer4f : edma.oer4f (.text:EDMA_transferController_error_isr)
                  00008b0c    000000cc     rtsv7R4_T_le_v3D16_eabi.lib : fflush.obj (.text)
                  00008bd8    00000004     mss_per4ft.oer4ft (.text:ti_sysbios_family_arm_v7r_vim_Hwi_delete)
                  00008bdc    00000004     mss_per4ft.oer4ft (.text:ti_sysbios_heaps_HeapMem_Module_GateProxy_enter__E)
                  00008be0    000000cc     sysbios.aer4ft : BIOS.obj (.text:ti_sysbios_knl_Task_checkStacks__E)
                  00008cac    000000c8     cbuff_transfer.oer4f (.text:CBUFF_setupNonInterleaved_CP_ADC)
                  00008d74    000000c4     cbuff_transfer.oer4f (.text:CBUFF_setupNonInterleaved_CP_ADC_CQ)
                  00008e38    00000004     mss_per4ft.oer4ft (.text:ti_sysbios_heaps_HeapMem_Module_GateProxy_leave__E)
                  00008e3c    00000004     mss_per4ft.oer4ft (.text:ti_sysbios_knl_Clock_TimerProxy_getMaxTicks__E)
                  00008e40    000000c0     sysbios.aer4ft : BIOS.obj (.text:ti_sysbios_timers_rti_Timer_startup__E)
                  00008f00    000000bc     rtsv7R4_T_le_v3D16_eabi.lib : open.obj (.text)
                  00008fbc    000000b8     cbuff.oer4f (.text:CBUFF_ISR)
                  00009074    000000b8     cbuff_transfer.oer4f (.text:CBUFF_setupTransfer)
                  0000912c    00000004     mss_per4ft.oer4ft (.text:xdc_runtime_LoggerBuf_Module_GateProxy_enter__E)
                  00009130    000000b8     sysbios.aer4ft : BIOS.obj (.text:ti_sysbios_knl_Task_postInit__I)
                  000091e8    000000b6     libsoc_xwr16xx.aer4f : soc_mpu.o (.text)
                  0000929e    00000002     --HOLE-- [fill = 0]
                  000092a0    000000b4     sysbios.aer4ft : BIOS.obj (.text:ti_sysbios_gates_GateMutex_enter__E)
                  00009354    00000004     mss_per4ft.oer4ft (.text:xdc_runtime_LoggerBuf_Module_GateProxy_leave__E)
                  00009358    00000004     mss_per4ft.oer4ft (.text:xdc_runtime_System_Module_GateProxy_enter__E)
                  0000935c    00000004     mss_per4ft.oer4ft (.text:xdc_runtime_System_Module_GateProxy_leave__E)
                  00009360    000000b4     sysbios.aer4ft : BIOS.obj (.text:ti_sysbios_knl_Task_startCore__E)
                  00009414    0000000c     --HOLE-- [fill = 0]
                  00009420    000000b4                    : BIOS.obj (.text:xdc_runtime_LoggerBuf_setFilterLevel__E)
                  000094d4    000000b0     cbuff.oer4f (.text:CBUFF_deactivateSession)
                  00009584    000000b0     main_mss.oer4f (.text:Test_EDMAAllocateCBUFFChannel)
                  00009634    0000000c     --HOLE-- [fill = 0]
                  00009640    000000b0     sysbios.aer4ft : BIOS.obj (.text:xdc_runtime_Text_putMod__E)
                  000096f0    000000ae     rtsv7R4_T_le_v3D16_eabi.lib : _io_perm.obj (.text)
                  0000979e    00000002     --HOLE-- [fill = 0]
                  000097a0    000000ac     libesm_xwr16xx.aer4f : esm.oer4f (.text:ESM_processInterrupt)
                  0000984c    000000a8     libadcbuf_xwr16xx.aer4f : adcbuf_mmwave.oer4f (.text:ADCBUF_MMWave_getChanBufAddr)
                  000098f4    000000a8     libedma_xwr16xx.aer4f : edma_low_level.oer4f (.text:EDMA3Init)
                  0000999c    000000a8     libsoc_xwr16xx.aer4f : soc.oer4f (.text:SOC_deregisterSysIntListener)
                  00009a44    000000a4     libesm_xwr16xx.aer4f : esm.oer4f (.text:ESM_init)
                  00009ae8    000000a4     libsoc_xwr16xx.aer4f : soc_xwr16xx_mss.oer4f (.text:SOC_unhaltDSS)
                  00009b8c    00000004     --HOLE-- [fill = 0]
                  00009b90    000000a4     sysbios.aer4ft : BIOS.obj (.text:ti_sysbios_knl_Swi_post__E)
                  00009c34    000000a0     libsoc_xwr16xx.aer4f : soc.oer4f (.text:SOC_registerSysIntListener)
                  00009cd4    000000a0     auto_init.aer4ft : auto_init.oer4ft (.text)
                  00009d74    0000000c     --HOLE-- [fill = 0]
                  00009d80    0000009e     sysbios.aer4ft : BIOS.obj (.text:xdc_runtime_Text_putSite__E)
                  00009e1e    0000009c     rtsv7R4_T_le_v3D16_eabi.lib : memcpy_t2.obj (.text)
                  00009eba    00000006     --HOLE-- [fill = 0]
                  00009ec0    0000009c     sysbios.aer4ft : BIOS.obj (.text:ti_sysbios_family_arm_v7r_vim_Hwi_initIntController__I)
                  00009f5c    00000004     --HOLE-- [fill = 0]
                  00009f60    0000009c                    : BIOS.obj (.text:ti_sysbios_family_arm_v7r_vim_Hwi_mapChannel__I)
                  00009ffc    00000004     --HOLE-- [fill = 0]
                  0000a000    0000009c                    : BIOS.obj (.text:ti_sysbios_knl_Semaphore_Instance_init__E)
                  0000a09c    00000004     --HOLE-- [fill = 0]
                  0000a0a0    0000009c                    : BIOS.obj (.text:ti_sysbios_knl_Task_blockI__E)
                  0000a13c    00000098     rtsv7R4_T_le_v3D16_eabi.lib : fclose.obj (.text)
                  0000a1d4    00000098                                 : fputc.obj (.text)
                  0000a26c    00000098     sysbios.aer4ft : vim_Hwi_asm_switch.obj (.text)
                  0000a304    00000094     cbuff_transfer.oer4f (.text:CBUFF_setupNonInterleaved_ADC)
                  0000a398    00000094     rtsv7R4_T_le_v3D16_eabi.lib : snprintf.obj (.text)
                  0000a42c    00000094     sysbios.aer4ft : vim_Hwi_asm.obj (.text:ti_sysbios_family_arm_v7r_vim_Hwi_dispatchIRQ__I)
                  0000a4c0    00000090     cbuff_transfer.oer4f (.text:CBUFF_setupNonInterleaved_ADC_USER)
                  0000a550    00000090     sysbios.aer4ft : BIOS.obj (.text:xdc_runtime_LoggerBuf_getFilterLevel__E)
                  0000a5e0    0000008c     libsoc_xwr16xx.aer4f : soc_xwr16xx.oer4f (.text:SOC_translateAddress)
                  0000a66c    00000004     --HOLE-- [fill = 0]
                  0000a670    0000008c     sysbios.aer4ft : BIOS.obj (.text:ti_sysbios_family_arm_v7r_vim_Hwi_Instance_finalize__E)
                  0000a6fc    00000004     --HOLE-- [fill = 0]
                  0000a700    0000008c                    : BIOS.obj (.text:ti_sysbios_knl_Task_unblockI__E)
                  0000a78c    00000004     --HOLE-- [fill = 0]
                  0000a790    0000008c                    : BIOS.obj (.text:xdc_runtime_Memory_alloc__E)
                  0000a81c    00000086     cbuff_edma.oer4f (.text:CBUFF_closeEDMA)
                  0000a8a2    00000002     --HOLE-- [fill = 0]
                  0000a8a4    00000081     cbuff_edma.oer4f (.text:CBUFF_setupEDMAShadowLink)
                  0000a925    0000000b     --HOLE-- [fill = 0]
                  0000a930    00000080     sysbios.aer4ft : BIOS.obj (.text:ti_sysbios_timers_rti_Timer_initDevice__I)
                  0000a9b0    00000080                    : BIOS.obj (.text:xdc_runtime_Text_visitRope2__I)
                  0000aa30    0000007e     libosal_xwr16xx.aer4f : HwiP_tirtos.oer4f (.text:HwiP_create)
                  0000aaae    00000002     --HOLE-- [fill = 0]
                  0000aab0    0000007d     cbuff_lvds.oer4f (.text:CBUFF_initLVDSLinkListParams)
                  0000ab2d    00000003     --HOLE-- [fill = 0]
                  0000ab30    0000007c     cbuff.oer4f (.text:CBUFF_control)
                  0000abac    0000007c     sysbios.aer4ft : arm_TaskSupport_asm.obj (.text:_ti_sysbios_family_arm_TaskSupport_buildTaskStack)
                  0000ac28    00000008     --HOLE-- [fill = 0]
                  0000ac30    0000007c                    : BIOS.obj (.text:xdc_runtime_Core_deleteObject__I)
                  0000acac    0000007a     rtsv7R4_T_le_v3D16_eabi.lib : memset_t2.obj (.text)
                  0000ad26    00000002     --HOLE-- [fill = 0]
                  0000ad28    00000078     libadcbuf_xwr16xx.aer4f : adcbuf_mmwave.oer4f (.text:ADCBUF_MMWave_getCQBufAddr)
                  0000ada0    00000078     cbuff_transfer.oer4f (.text:CBUFF_configUserBufferEDMA)
                  0000ae18    00000078     cbuff.oer4f (.text:CBUFF_setVC)
                  0000ae90    00000074     libedma_xwr16xx.aer4f : edma.oer4f (.text:EDMA_configParamSet)
                  0000af04    00000074     libsoc_xwr16xx.aer4f : soc.oer4f (.text:SOC_init)
                  0000af78    00000074     boot.aer4ft : boot.oer4ft (.text)
                  0000afec    00000074     rtsv7R4_T_le_v3D16_eabi.lib : getdevice.obj (.text)
                  0000b060    00000074                                 : s_frexp.obj (.text)
                  0000b0d4    00000070                                 : printf.obj (.text)
                  0000b144    0000000c     --HOLE-- [fill = 0]
                  0000b150    00000070     sysbios.aer4ft : BIOS.obj (.text:xdc_runtime_Error_print__E)
                  0000b1c0    0000006c     rtsv7R4_T_le_v3D16_eabi.lib : copy_decompress_lzss.obj (.text:decompress:lzss)
                  0000b22c    0000006c                                 : trgmsg.obj (.text)
                  0000b298    00000068                                 : hostlseek.obj (.text)
                  0000b300    00000068                                 : hostrename.obj (.text)
                  0000b368    00000064                                 : fseek.obj (.text)
                  0000b3cc    00000064                                 : sprintf.obj (.text)
                  0000b430    00000064     sysbios.aer4ft : exc_Exception_asm.obj (.text:ti_sysbios_family_arm_exc_Exception_initCore0__I)
                  0000b494    0000000c     --HOLE-- [fill = 0]
                  0000b4a0    00000064                    : BIOS.obj (.text:ti_sysbios_family_arm_v7r_vim_Hwi_phantomIntHandler__I)
                  0000b504    0000000c     --HOLE-- [fill = 0]
                  0000b510    00000064                    : BIOS.obj (.text:ti_sysbios_knl_Swi_schedule__I)
                  0000b574    0000000c     --HOLE-- [fill = 0]
                  0000b580    00000064                    : BIOS.obj (.text:xdc_runtime_Startup_exec__E)
                  0000b5e4    0000000c     --HOLE-- [fill = 0]
                  0000b5f0    00000060                    : BIOS.obj (.text:ti_sysbios_heaps_HeapMem_alloc__E)
                  0000b650    00000060                    : BIOS.obj (.text:ti_sysbios_knl_Clock_logTick__E)
                  0000b6b0    0000005c     libosal_xwr16xx.aer4f : DebugP_tirtos.oer4f (.text:DebugP_log2)
                  0000b70c    0000005c                           : DebugP_tirtos.oer4f (.text:DebugP_log3)
                  0000b768    0000005c     libsoc_xwr16xx.aer4f : soc.oer4f (.text:SOC_enableLVDS)
                  0000b7c4    0000005c     rtsv7R4_T_le_v3D16_eabi.lib : hostopen.obj (.text)
                  0000b820    0000005c                                 : hostread.obj (.text)
                  0000b87c    00000004     --HOLE-- [fill = 0]
                  0000b880    0000005c     sysbios.aer4ft : BIOS.obj (.text:xdc_runtime_Assert_raise__I)
                  0000b8dc    00000004     --HOLE-- [fill = 0]
                  0000b8e0    0000005b                    : BIOS.obj (.text:xdc_runtime_Text_putLab__E)
                  0000b93b    00000001     --HOLE-- [fill = 0]
                  0000b93c    00000058     libosal_xwr16xx.aer4f : DebugP_tirtos.oer4f (.text:DebugP_log0)
                  0000b994    00000058                           : DebugP_tirtos.oer4f (.text:DebugP_log1)
                  0000b9ec    00000058     libedma_xwr16xx.aer4f : edma_low_level.oer4f (.text:EDMA3EnableChInShadowReg)
                  0000ba44    00000058     libesm_xwr16xx.aer4f : esm.oer4f (.text:ESM_highpriority_FIQ)
                  0000ba9c    00000058     rtsv7R4_T_le_v3D16_eabi.lib : close.obj (.text)
                  0000baf4    00000058                                 : hostwrite.obj (.text)
                  0000bb4c    00000004     --HOLE-- [fill = 0]
                  0000bb50    00000058     sysbios.aer4ft : BIOS.obj (.text:ti_sysbios_knl_Swi_restoreHwi__E)
                  0000bba8    00000054     rtsv7R4_T_le_v3D16_eabi.lib : ltoa.obj (.text)
                  0000bbfc    00000054     mss_per4ft.oer4ft (.text:ti_sysbios_family_arm_v7r_vim_Hwi_create)
                  0000bc50    00000054     sysbios.aer4ft : BIOS.obj (.text:ti_sysbios_heaps_HeapMem_getStats__E)
                  0000bca4    0000000c     --HOLE-- [fill = 0]
                  0000bcb0    00000054                    : BIOS.obj (.text:ti_sysbios_knl_Swi_runLoop__I)
                  0000bd04    0000000c     --HOLE-- [fill = 0]
                  0000bd10    00000054                    : BIOS.obj (.text:xdc_runtime_Core_assignLabel__I)
                  0000bd64    00000050     libedma_xwr16xx.aer4f : edma_low_level.oer4f (.text:EDMA3MapChToEvtQ)
                  0000bdb4    00000050     rtsv7R4_T_le_v3D16_eabi.lib : atoi.obj (.text)
                  0000be04    00000050                                 : exit.obj (.text)
                  0000be54    00000050                                 : u_div32.obj (.text)
                  0000bea4    0000000c     --HOLE-- [fill = 0]
                  0000beb0    00000050     sysbios.aer4ft : BIOS.obj (.text:xdc_runtime_System_exit__E)
                  0000bf00    0000004c     libedma_xwr16xx.aer4f : edma.oer4f (.text:EDMA_disableChannel)
                  0000bf4c    0000004c                           : edma.oer4f (.text:EDMA_enableChannel)
                  0000bf98    0000004c     rtsv7R4_T_le_v3D16_eabi.lib : cpy_tbl.obj (.text)
                  0000bfe4    0000000c     --HOLE-- [fill = 0]
                  0000bff0    0000004c     sysbios.aer4ft : BIOS.obj (.text:ti_sysbios_family_arm_v7r_vim_Hwi_getStackInfo__E)
                  0000c03c    00000004     --HOLE-- [fill = 0]
                  0000c040    0000004c                    : BIOS.obj (.text:ti_sysbios_knl_Swi_startup__E)
                  0000c08c    0000004c     mss_per4ft.oer4ft (.text:ti_sysbios_knl_Task_create)
                  0000c0d8    00000008     --HOLE-- [fill = 0]
                  0000c0e0    0000004a     sysbios.aer4ft : BIOS.obj (.text:xdc_runtime_Text_xprintf__I)
                  0000c12a    00000048     cbuff_transfer.oer4f (.text:CBUFF_setup_USER)
                  0000c172    0000000e     rtsv7R4_T_le_v3D16_eabi.lib : copy_decompress_none.obj (.text:decompress:none)
                  0000c180    00000048     sysbios.aer4ft : BIOS.obj (.text:xdc_runtime_Core_assignParams__I)
                  0000c1c8    00000048     mss_per4ft.oer4ft (.text:xdc_runtime_LoggerBuf_Object__create__S)
                  0000c210    00000044     rtsv7R4_T_le_v3D16_eabi.lib : hostclose.obj (.text)
                  0000c254    00000044                                 : hostunlink.obj (.text)
                  0000c298    00000008     --HOLE-- [fill = 0]
                  0000c2a0    00000044     sysbios.aer4ft : BIOS.obj (.text:ti_sysbios_family_arm_v7r_tms570_Core_Module_startup__E)
                  0000c2e4    0000000c     --HOLE-- [fill = 0]
                  0000c2f0    00000044                    : BIOS.obj (.text:ti_sysbios_knl_Task_allBlockedFunction__I)
                  0000c334    0000000c     --HOLE-- [fill = 0]
                  0000c340    00000044                    : BIOS.obj (.text:xdc_runtime_LoggerBuf_Module_startup__E)
                  0000c384    0000000c     --HOLE-- [fill = 0]
                  0000c390    00000044                    : BIOS.obj (.text:xdc_runtime_System_atexit__E)
                  0000c3d4    00000042     cbuff_lvds.oer4f (.text:CBUFF_closeLVDS)
                  0000c416    00000002     --HOLE-- [fill = 0]
                  0000c418    00000040     libedma_xwr16xx.aer4f : edma.oer4f (.text:EDMA_linkParamSets)
                  0000c458    00000008     --HOLE-- [fill = 0]
                  0000c460    00000040     sysbios.aer4ft : BIOS.obj (.text:ti_sysbios_timers_rti_Timer_stop__E)
                  0000c4a0    0000003e     cbuff.oer4f (.text:CSL_FINSR)
                  0000c4de    0000003e     cbuff_lvds.oer4f (.text:CSL_FINSR)
                  0000c51c    0000003e     libadcbuf_xwr16xx.aer4f : adcbuf_mmwave.oer4f (.text:CSL_FINSR)
                  0000c55a    0000003e     libsoc_xwr16xx.aer4f : soc.oer4f (.text:CSL_FINSR)
                  0000c598    0000003e                          : soc_xwr16xx_mss.oer4f (.text:CSL_FINSR)
                  0000c5d6    0000003c     cbuff_transfer.oer4f (.text:CBUFF_configCQEDMA)
                  0000c612    00000002     --HOLE-- [fill = 0]
                  0000c614    0000003c     libedma_xwr16xx.aer4f : edma.oer4f (.text:EDMA_chainChannels)
                  0000c650    0000003c     libsoc_xwr16xx.aer4f : soc.oer4f (.text:SOC_unhaltBSS)
                  0000c68c    0000003c     sysbios.aer4ft : vim_Hwi_asm.obj (.text:ti_sysbios_family_arm_v7r_vim_Hwi_init__I)
                  0000c6c8    00000008     --HOLE-- [fill = 0]
                  0000c6d0    0000003c                    : BIOS.obj (.text:ti_sysbios_hal_Hwi_checkStack)
                  0000c70c    00000004     --HOLE-- [fill = 0]
                  0000c710    0000003c                    : BIOS.obj (.text:ti_sysbios_heaps_HeapMem_init__I)
                  0000c74c    00000004     --HOLE-- [fill = 0]
                  0000c750    0000003c                    : BIOS.obj (.text:ti_sysbios_timers_rti_Timer_setPeriod__E)
                  0000c78c    0000003a     libosal_xwr16xx.aer4f : HwiP_tirtos.oer4f (.text:HwiP_delete)
                  0000c7c6    00000002     --HOLE-- [fill = 0]
                  0000c7c8    00000038     libadcbuf_xwr16xx.aer4f : adcbuf_mmwave.oer4f (.text:ADCBUF_MMWave_close)
                  0000c800    00000038     cbuff_transfer.oer4f (.text:CBUFF_addUserBufferLLEntry)
                  0000c838    00000038     cbuff_transfer.oer4f (.text:CBUFF_setupHeader)
                  0000c870    00000038     libedma_xwr16xx.aer4f : edma_low_level.oer4f (.text:EDMA3ClrMissEvt)
                  0000c8a8    00000036     rtsv7R4_T_le_v3D16_eabi.lib : strncpy.obj (.text)
                  0000c8de    00000002     --HOLE-- [fill = 0]
                  0000c8e0    00000034     libadcbuf_xwr16xx.aer4f : ADCBuf.oer4f (.text:ADCBuf_open)
                  0000c914    00000034     libedma_xwr16xx.aer4f : edma.oer4f (.text:EDMA_configTransferControllerError)
                  0000c948    00000008     --HOLE-- [fill = 0]
                  0000c950    00000034     sysbios.aer4ft : BIOS.obj (.text:ti_sysbios_family_arm_a15_TimestampProvider_get64__E)
                  0000c984    0000000c     --HOLE-- [fill = 0]
                  0000c990    00000033                    : BIOS.obj (.text:xdc_runtime_Text_printVisFxn__I)
                  0000c9c3    00000001     --HOLE-- [fill = 0]
                  0000c9c4    00000032     libedma_xwr16xx.aer4f : edma.oer4f (.text:EDMA_configQueueThreshold)
                  0000c9f6    0000000a     --HOLE-- [fill = 0]
                  0000ca00    00000032     sysbios.aer4ft : BIOS.obj (.text:ti_sysbios_hal_Hwi_initStack)
                  0000ca32    00000002     --HOLE-- [fill = 0]
                  0000ca34    00000030     libadcbuf_xwr16xx.aer4f : ADCBuf.oer4f (.text:ADCBuf_init)
                  0000ca64    00000030     cbuff_transfer.oer4f (.text:CBUFF_addCQLLEntry)
                  0000ca94    00000030     mss_per4ft.oer4ft (.text:ti_sysbios_BIOS_atExitFunc__I)
                  0000cac4    00000030     mss_per4ft.oer4ft (.text:ti_sysbios_BIOS_startFunc__I)
                  0000caf4    0000000c     --HOLE-- [fill = 0]
                  0000cb00    00000030     sysbios.aer4ft : BIOS.obj (.text:ti_sysbios_family_arm_TaskSupport_start__E)
                  0000cb30    00000030     mss_per4ft.oer4ft (.text:ti_sysbios_gates_GateHwi_Object__create__S)
                  0000cb60    00000030     mss_per4ft.oer4ft (.text:ti_sysbios_gates_GateMutex_Object__create__S)
                  0000cb90    00000030     mss_per4ft.oer4ft (.text:ti_sysbios_heaps_HeapMem_Object__create__S)
                  0000cbc0    00000030     sysbios.aer4ft : BIOS.obj (.text:ti_sysbios_heaps_HeapMem_free__E)
                  0000cbf0    00000030     mss_per4ft.oer4ft (.text:ti_sysbios_knl_Semaphore_construct)
                  0000cc20    0000002e     sysbios.aer4ft : BIOS.obj (.text:ti_sysbios_knl_Semaphore_pendTimeout__I)
                  0000cc4e    0000002e     mss_per4ft.oer4ft (.text:ti_sysbios_rts_gnu_MemAlloc_alloc)
                  0000cc7c    0000002c     libedma_xwr16xx.aer4f : edma.oer4f (.text:EDMA_validate_channelIdchannelType)
                  0000cca8    0000002c     rtsv7R4_T_le_v3D16_eabi.lib : unlink.obj (.text)
                  0000ccd4    0000002c     mss_per4ft.oer4ft (.text:ti_sysbios_knl_Clock_doTick__I)
                  0000cd00    0000002c     mss_per4ft.oer4ft (.text:ti_sysbios_knl_Queue_construct)
                  0000cd2c    00000004     --HOLE-- [fill = 0]
                  0000cd30    0000002c     sysbios.aer4ft : BIOS.obj (.text:ti_sysbios_knl_Swi_Module_startup__E)
                  0000cd5c    00000004     --HOLE-- [fill = 0]
                  0000cd60    0000002c                    : BIOS.obj (.text:ti_sysbios_timers_rti_Timer_periodicStub__E)
                  0000cd8c    0000002a     libsoc_xwr16xx.aer4f : soc.oer4f (.text:SOC_SystemISR)
                  0000cdb6    00000002     --HOLE-- [fill = 0]
                  0000cdb8    00000028     cbuff.oer4f (.text:CBUFF_ErrorISR)
                  0000cde0    00000028     cbuff.oer4f (.text:CBUFF_FrameStartISR)
                  0000ce08    00000028     rtsv7R4_T_le_v3D16_eabi.lib : lseek.obj (.text)
                  0000ce30    00000028                                 : write.obj (.text)
                  0000ce58    00000008     --HOLE-- [fill = 0]
                  0000ce60    00000028     sysbios.aer4ft : BIOS.obj (.text:ti_sysbios_knl_Idle_run__E)
                  0000ce88    00000008     --HOLE-- [fill = 0]
                  0000ce90    00000028                    : BIOS.obj (.text:xdc_runtime_SysStd_abort__E)
                  0000ceb8    00000008     --HOLE-- [fill = 0]
                  0000cec0    00000028                    : BIOS.obj (.text:xdc_runtime_System_aprintf_va__F)
                  0000cee8    00000008     --HOLE-- [fill = 0]
                  0000cef0    00000026                    : BIOS.obj (.text:xdc_runtime_System_printf_va__F)
                  0000cf16    00000002     --HOLE-- [fill = 0]
                  0000cf18    00000024     libedma_xwr16xx.aer4f : edma_low_level.oer4f (.text:EDMA3ClrEvt)
                  0000cf3c    00000024                           : edma_low_level.oer4f (.text:EDMA3ClrIntr)
                  0000cf60    00000024                           : edma_low_level.oer4f (.text:EDMA3DisableEvtIntr)
                  0000cf84    00000024                           : edma_low_level.oer4f (.text:EDMA3EnableDmaEvt)
                  0000cfa8    00000024                           : edma_low_level.oer4f (.text:EDMA3EnableEvtIntr)
                  0000cfcc    00000024     libtestlogger_xwr16xx.aer4f : logger.oer4f (.text:MCPI_Initialize)
                  0000cff0    00000024     libsoc_xwr16xx.aer4f : soc.oer4f (.text:SOC_deinit)
                  0000d014    00000024     main_mss.oer4f (.text:Test_edmaErrorCallbackFxn)
                  0000d038    00000024     main_mss.oer4f (.text:Test_edmaTransferControllerErrorCallbackFxn)
                  0000d05c    00000024     mss_per4ft.oer4ft (.text:ti_sysbios_BIOS_errorRaiseHook__I)
                  0000d080    00000024     mss_per4ft.oer4ft (.text:ti_sysbios_BIOS_registerRTSLock__I)
                  0000d0a4    00000024     mss_per4ft.oer4ft (.text:ti_sysbios_BIOS_removeRTSLock__I)
                  0000d0c8    00000024     mss_per4ft.oer4ft (.text:ti_sysbios_gates_GateMutex_Object__delete__S)
                  0000d0ec    00000004     --HOLE-- [fill = 0]
                  0000d0f0    00000024     sysbios.aer4ft : BIOS.obj (.text:ti_sysbios_knl_Task_restoreHwi__E)
                  0000d114    00000022     cbuff_transfer.oer4f (.text:CBUFF_initLinkedList)
                  0000d136    00000002     --HOLE-- [fill = 0]
                  0000d138    00000020     libedma_xwr16xx.aer4f : edma_low_level.oer4f (.text:EDMA3DisableDmaEvt)
                  0000d158    00000020                           : edma_low_level.oer4f (.text:EDMA3QdmaClrMissEvt)
                  0000d178    00000020     libesm_xwr16xx.aer4f : esm.oer4f (.text:ESM_lowpriority_IRQ)
                  0000d198    00000020     rtsv7R4_T_le_v3D16_eabi.lib : memchr.obj (.text)
                  0000d1b8    00000008     --HOLE-- [fill = 0]
                  0000d1c0    00000020     sysbios.aer4ft : BIOS.obj (.text:ti_sysbios_family_arm_a15_TimestampProvider_autoRefreshFxn__I)
                  0000d1e0    00000020                    : BIOS.obj (.text:ti_sysbios_family_arm_v7a_Pmu_Module_startup__E)
                  0000d200    00000020     mss_per4ft.oer4ft (.text:ti_sysbios_family_arm_v7r_vim_Hwi_Object__delete__S)
                  0000d220    00000020     sysbios.aer4ft : BIOS.obj (.text:ti_sysbios_family_arm_v7r_vim_Hwi_disableInterrupt__E)
                  0000d240    00000020                    : BIOS.obj (.text:ti_sysbios_family_arm_v7r_vim_Hwi_enableInterrupt__E)
                  0000d260    00000020     mss_per4ft.oer4ft (.text:ti_sysbios_gates_GateHwi_Object__delete__S)
                  0000d280    00000020     mss_per4ft.oer4ft (.text:ti_sysbios_heaps_HeapMem_Object__delete__S)
                  0000d2a0    00000020     sysbios.aer4ft : BIOS.obj (.text:ti_sysbios_knl_Clock_Module_startup__E)
                  0000d2c0    00000020     mss_per4ft.oer4ft (.text:ti_sysbios_knl_Semaphore_destruct)
                  0000d2e0    00000020     mss_per4ft.oer4ft (.text:xdc_runtime_LoggerBuf_Object__delete__S)
                  0000d300    0000001e     libsoc_xwr16xx.aer4f : soc_xwr16xx_mss.oer4f (.text:SOC_getOutAddr_LUTType)
                  0000d31e    0000001e     rtsv7R4_T_le_v3D16_eabi.lib : strcat.obj (.text)
                  0000d33c    0000001c     cbuff.oer4f (.text:CSL_FEXTR)
                  0000d358    0000001c     cbuff_lvds.oer4f (.text:CSL_FEXTR)
                  0000d374    0000001c     libadcbuf_xwr16xx.aer4f : adcbuf_mmwave.oer4f (.text:CSL_FEXTR)
                  0000d390    0000001c     libsoc_xwr16xx.aer4f : soc_xwr16xx_mss.oer4f (.text:CSL_FEXTR)
                  0000d3ac    0000001c                          : soc_xwr16xx_mss.oer4f (.text:SOC_getInAddr_LUTType)
                  0000d3c8    0000001c     sysbios.aer4ft : arm_TaskSupport_asm.obj (.text:_ti_sysbios_family_arm_TaskSupport_glue)
                  0000d3e4    0000001c     rtsv7R4_T_le_v3D16_eabi.lib : memccpy.obj (.text)
                  0000d400    0000001c     mss_per4ft.oer4ft (.text:ti_sysbios_BIOS_rtsLock__I)
                  0000d41c    00000004     --HOLE-- [fill = 0]
                  0000d420    0000001c     sysbios.aer4ft : BIOS.obj (.text:ti_sysbios_family_arm_v7r_vim_Hwi_clearInterrupt__E)
                  0000d43c    00000004     --HOLE-- [fill = 0]
                  0000d440    0000001c                    : BIOS.obj (.text:ti_sysbios_gates_GateMutex_Instance_init__E)
                  0000d45c    00000004     --HOLE-- [fill = 0]
                  0000d460    0000001c                    : BIOS.obj (.text:ti_sysbios_gates_GateMutex_leave__E)
                  0000d47c    0000001c     mss_per4ft.oer4ft (.text:ti_sysbios_knl_Queue_destruct)
                  0000d498    00000008     --HOLE-- [fill = 0]
                  0000d4a0    0000001c     sysbios.aer4ft : BIOS.obj (.text:xdc_runtime_LoggerBuf_Instance_finalize__E)
                  0000d4bc    0000001a     cbuff_lvds.oer4f (.text:CBUFF_finalizeLVDSLinkListParams)
                  0000d4d6    0000001a     libsoc_xwr16xx.aer4f : soc.oer4f (.text:CSL_FEXTR)
                  0000d4f0    0000001a     libedma_xwr16xx.aer4f : edma_low_level.oer4f (.text:EDMA3SetPaRAM)
                  0000d50a    0000001a     mss_per4ft.oer4ft (.text:free)
                  0000d524    0000001a     rtsv7R4_T_le_v3D16_eabi.lib : s_copysign.obj (.text)
                  0000d53e    0000001a     sysbios.aer4ft : a15_TimestampProvider_asm.obj (.text:ti_sysbios_family_arm_a15_TimestampProvider_initCCNT__I)
                  0000d558    0000001a     mss_per4ft.oer4ft (.text:ti_sysbios_gates_GateHwi_Handle__label__S)
                  0000d572    0000001a     mss_per4ft.oer4ft (.text:ti_sysbios_gates_GateMutex_Handle__label__S)
                  0000d58c    0000001a     mss_per4ft.oer4ft (.text:ti_sysbios_heaps_HeapMem_Handle__label__S)
                  0000d5a6    0000001a     mss_per4ft.oer4ft (.text:xdc_runtime_LoggerBuf_Handle__label__S)
                  0000d5c0    0000001a     mss_per4ft.oer4ft (.text:xdc_runtime_System_aprintf__E)
                  0000d5da    0000001a     mss_per4ft.oer4ft (.text:xdc_runtime_System_printf__E)
                  0000d5f4    00000018     libadcbuf_xwr16xx.aer4f : adcbuf_mmwave.oer4f (.text:ADCBUFContinuousModeCtrl)
                  0000d60c    00000018                             : adcbuf_mmwave.oer4f (.text:ADCBUFSetPongNumChirpThreshhold)
                  0000d624    00000018     cbuff_transfer.oer4f (.text:CSL_FINSR)
                  0000d63c    00000018     libedma_xwr16xx.aer4f : edma_low_level.oer4f (.text:EDMA3DisableQdmaEvt)
                  0000d654    00000018                           : edma_low_level.oer4f (.text:EDMA3EnableQdmaEvt)
                  0000d66c    00000018     libsoc_xwr16xx.aer4f : soc_xwr16xx_mss.oer4f (.text:SOC_deviceDeinit)
                  0000d684    00000018     sysbios.aer4ft : arm_TaskSupport_asm.obj (.text:_ti_sysbios_family_arm_TaskSupport_swap__E)
                  0000d69c    00000018     rtsv7R4_T_le_v3D16_eabi.lib : args_main.obj (.text)
                  0000d6b4    00000018                                 : strcmp.obj (.text)
                  0000d6cc    00000018     mss_per4ft.oer4ft (.text:ti_sysbios_BIOS_rtsUnlock__I)
                  0000d6e4    00000018     sysbios.aer4ft : BIOS.obj (.text:ti_sysbios_family_arm_v7a_Pmu_initCounters__I)
                  0000d6fc    00000018     mss_per4ft.oer4ft (.text:ti_sysbios_family_arm_v7r_vim_Hwi_Module__startupDone__F)
                  0000d714    00000018     mss_per4ft.oer4ft (.text:ti_sysbios_family_arm_v7r_vim_Hwi_Params__init__S)
                  0000d72c    00000018     mss_per4ft.oer4ft (.text:ti_sysbios_knl_Task_Params__init__S)
                  0000d744    0000000c     --HOLE-- [fill = 0]
                  0000d750    00000018     sysbios.aer4ft : BIOS.obj (.text:ti_sysbios_knl_Task_enter__I)
                  0000d768    00000018     mss_per4ft.oer4ft (.text:ti_sysbios_timers_rti_Timer_Module__startupDone__F)
                  0000d780    00000018     sysbios.aer4ft : BIOS.obj (.text:xdc_runtime_Error_init__E)
                  0000d798    00000016     cbuff_transfer.oer4f (.text:CBUFF_shutdownTransfer)
                  0000d7ae    00000016     rtsv7R4_T_le_v3D16_eabi.lib : strchr.obj (.text)
                  0000d7c4    00000016                                 : strlen.obj (.text)
                  0000d7da    00000016     mss_per4ft.oer4ft (.text:ti_sysbios_BIOS_exitFunc__I)
                  0000d7f0    00000016     sysbios.aer4ft : BIOS.obj (.text:ti_sysbios_knl_Idle_loop__E)
                  0000d806    00000002     --HOLE-- [fill = 0]
                  0000d808    00000014     libedma_xwr16xx.aer4f : edma_low_level.oer4f (.text:EDMA3GetIntrStatus)
                  0000d81c    00000014                           : edma_low_level.oer4f (.text:EDMA3IntrStatusHighGet)
                  0000d830    00000014                           : edma_low_level.oer4f (.text:EDMA3MapQdmaChToPaRAM)
                  0000d844    00000014     libosal_xwr16xx.aer4f : HwiP_tirtos.oer4f (.text:HwiP_Params_init)
                  0000d858    00000014     libtestlogger_xwr16xx.aer4f : logger.oer4f (.text:MCPI_setTestResult)
                  0000d86c    00000014     libosal_xwr16xx.aer4f : DebugP_tirtos.oer4f (.text:_DebugP_assert)
                  0000d880    00000014     rtsv7R4_T_le_v3D16_eabi.lib : _lock.obj (.text)
                  0000d894    00000014                                 : strcpy.obj (.text)
                  0000d8a8    00000014     mss_per4ft.oer4ft (.text:ti_sysbios_heaps_HeapMem_Object__get__S)
                  0000d8bc    00000014     mss_per4ft.oer4ft (.text:ti_sysbios_knl_Swi_Object__get__S)
                  0000d8d0    00000014     mss_per4ft.oer4ft (.text:xdc_runtime_LoggerBuf_Object__get__S)
                  0000d8e4    00000012     libedma_xwr16xx.aer4f : edma_low_level.oer4f (.text:EDMA3SetQdmaTrigWord)
                  0000d8f6    00000012     libosal_xwr16xx.aer4f : MemoryP_tirtos.oer4f (.text:MemoryP_ctrlAlloc)
                  0000d908    00000008     --HOLE-- [fill = 0]
                  0000d910    00000012     sysbios.aer4ft : BIOS.obj (.text:ti_sysbios_hal_Hwi_Module_startup__E)
                  0000d922    0000000e                    : a15_TimestampProvider_asm.obj (.text:ti_sysbios_family_arm_a15_TimestampProvider_getOverflowCCNT__I)
                  0000d930    00000012                    : BIOS.obj (.text:xdc_runtime_LoggerBuf_write1__E)
                  0000d942    0000000e     --HOLE-- [fill = 0]
                  0000d950    00000012                    : BIOS.obj (.text:xdc_runtime_LoggerBuf_write2__E)
                  0000d962    00000012     mss_per4ft.oer4ft (.text:xdc_runtime_Startup_exec__I)
                  0000d974    00000010     libadcbuf_xwr16xx.aer4f : ADCBuf.oer4f (.text:ADCBuf_Params_init)
                  0000d984    00000010     main_mss.oer4f (.text:Test_EDMAFreeCBUFFChannel)
                  0000d994    0000000c     --HOLE-- [fill = 0]
                  0000d9a0    00000010     sysbios.aer4ft : BIOS.obj (.text:ti_sysbios_BIOS_exit__E)
                  0000d9b0    00000010                    : BIOS.obj (.text:ti_sysbios_BIOS_setThreadType__E)
                  0000d9c0    00000010                    : BIOS.obj (.text:ti_sysbios_BIOS_start__E)
                  0000d9d0    00000010                    : BIOS.obj (.text:ti_sysbios_family_arm_a15_TimestampProvider_Module_startup__E)
                  0000d9e0    00000010                    : BIOS.obj (.text:ti_sysbios_family_arm_v7a_Pmu_getNumCounters__E)
                  0000d9f0    00000010                    : BIOS.obj (.text:ti_sysbios_gates_GateMutex_Instance_finalize__E)
                  0000da00    00000010     mss_per4ft.oer4ft (.text:ti_sysbios_heaps_HeapBuf_Object__get__S)
                  0000da10    00000010     sysbios.aer4ft : BIOS.obj (.text:ti_sysbios_knl_Semaphore_Instance_finalize__E)
                  0000da20    00000010                    : BIOS.obj (.text:ti_sysbios_knl_Swi_disable__E)
                  0000da30    00000010     mss_per4ft.oer4ft (.text:ti_sysbios_knl_Task_Object__get__S)
                  0000da40    00000010     sysbios.aer4ft : BIOS.obj (.text:ti_sysbios_knl_Task_disable__E)
                  0000da50    00000010                    : BIOS.obj (.text:xdc_runtime_LoggerBuf_write0__E)
                  0000da60    00000010                    : BIOS.obj (.text:xdc_runtime_Memory_free__E)
                  0000da70    00000010     mss_per4ft.oer4ft (.text:xdc_runtime_Text_visitRope__I)
                  0000da80    0000000e     sysbios.aer4ft : BIOS.obj (.text:ti_sysbios_knl_Queue_empty__E)
                  0000da8e    00000002     --HOLE-- [fill = 0]
                  0000da90    0000000c                    : BIOS.obj (.text:ti_sysbios_family_arm_TaskSupport_checkStack__E)
                  0000da9c    00000004     --HOLE-- [fill = 0]
                  0000daa0    0000000c                    : BIOS.obj (.text:ti_sysbios_family_arm_TaskSupport_getStackAlignment__E)
                  0000daac    00000004     --HOLE-- [fill = 0]
                  0000dab0    0000000c                    : BIOS.obj (.text:ti_sysbios_family_arm_exc_Exception_Module_startup__E)
                  0000dabc    00000004     --HOLE-- [fill = 0]
                  0000dac0    0000000c                    : BIOS.obj (.text:ti_sysbios_family_arm_v7r_vim_Hwi_switchFromBootStack__E)
                  0000dacc    00000004     --HOLE-- [fill = 0]
                  0000dad0    0000000c                    : BIOS.obj (.text:xdc_runtime_Startup_rtsDone__E)
                  0000dadc    00000004     --HOLE-- [fill = 0]
                  0000dae0    0000000c                    : BIOS.obj (.text:xdc_runtime_SysStd_exit__E)
                  0000daec    00000004     --HOLE-- [fill = 0]
                  0000daf0    0000000a                    : BIOS.obj (.text:xdc_runtime_LoggerBuf_disable__E)
                  0000dafa    00000006     --HOLE-- [fill = 0]
                  0000db00    0000000a                    : BIOS.obj (.text:xdc_runtime_LoggerBuf_enable__E)
                  0000db0a    00000006     --HOLE-- [fill = 0]
                  0000db10    00000008                    : BIOS.obj (.text:ti_sysbios_gates_GateHwi_enter__E)
                  0000db18    00000008     --HOLE-- [fill = 0]
                  0000db20    00000006                    : BIOS.obj (.text:ti_sysbios_family_arm_v7r_vim_Hwi_startup__E)
                  0000db26    0000000a     --HOLE-- [fill = 0]
                  0000db30    00000006                    : BIOS.obj (.text:ti_sysbios_gates_GateHwi_leave__E)
                  0000db36    0000000a     --HOLE-- [fill = 0]
                  0000db40    00000006                    : BIOS.obj (.text:ti_sysbios_heaps_HeapMem_isBlocking__E)
                  0000db46    0000000a     --HOLE-- [fill = 0]
                  0000db50    00000006                    : BIOS.obj (.text:ti_sysbios_knl_Queue_Instance_init__E)
                  0000db56    0000000a     --HOLE-- [fill = 0]
                  0000db60    00000006                    : BIOS.obj (.text:xdc_runtime_System_Module_startup__E)
                  0000db66    0000000a     --HOLE-- [fill = 0]
                  0000db70    00000004                    : BIOS.obj (.text:ti_sysbios_gates_GateHwi_query__E)
                  0000db74    0000000c     --HOLE-- [fill = 0]
                  0000db80    00000004                    : BIOS.obj (.text:ti_sysbios_gates_GateMutex_query__E)
                  0000db84    0000000c     --HOLE-- [fill = 0]
                  0000db90    00000004                    : BIOS.obj (.text:ti_sysbios_knl_Task_startup__E)
                  0000db94    0000000c     --HOLE-- [fill = 0]
                  0000dba0    00000004                    : BIOS.obj (.text:ti_sysbios_timers_rti_Timer_getMaxTicks__E)
                  0000dba4    0000000c     --HOLE-- [fill = 0]
                  0000dbb0    00000004                    : BIOS.obj (.text:xdc_runtime_SysStd_putch__E)
                  0000dbb4    0000000c     --HOLE-- [fill = 0]
                  0000dbc0    00000004                    : BIOS.obj (.text:xdc_runtime_SysStd_ready__E)
                  0000dbc4    0000000c     --HOLE-- [fill = 0]
                  0000dbd0    00000002                    : BIOS.obj (.text:ti_sysbios_BIOS_linkedWithIncorrectBootLibrary__E)
                  0000dbd2    0000000e     --HOLE-- [fill = 0]
                  0000dbe0    00000002                    : BIOS.obj (.text:ti_sysbios_gates_GateHwi_Instance_init__E)

.const     0    0000dbe8    00002494     
                  0000dbe8    00001ac2     mss_per4ft.oer4ft (.const:xdc_runtime_Text_charTab__A)
                  0000f6aa    00000101     rtsv7R4_T_le_v3D16_eabi.lib : ctype.obj (.const:.string:_ctypes_)
                  0000f7ab    00000001     --HOLE-- [fill = 0]
                  0000f7ac    000000e4     mss_per4ft.oer4ft (.const:xdc_runtime_Text_nodeTab__A)
                  0000f890    000000b4     test_common.oer4f (.const:.string)
                  0000f944    00000080     mss_per4ft.oer4ft (.const:ti_sysbios_family_arm_v7r_vim_Hwi_channelMap__A)
                  0000f9c4    00000048     mss_per4ft.oer4ft (.const:.string)
                  0000fa0c    0000003c     mss_per4ft.oer4ft (.const:ti_sysbios_knl_Task_Object__PARAMS__C)
                  0000fa48    0000003c     mss_per4ft.oer4ft (.const:xdc_runtime_LoggerBuf_Module__FXNS__C)
                  0000fa84    00000034     mss_per4ft.oer4ft (.const:xdc_runtime_Startup_sfxnTab__A)
                  0000fab8    00000030     mss_per4ft.oer4ft (.const:ti_sysbios_family_arm_v7r_vim_Hwi_Object__PARAMS__C)
                  0000fae8    00000028     mss_per4ft.oer4ft (.const:ti_sysbios_heaps_HeapMem_Module__FXNS__C)
                  0000fb10    00000028     mss_per4ft.oer4ft (.const:xdc_runtime_LoggerBuf_Object__PARAMS__C)
                  0000fb38    00000024     mss_per4ft.oer4ft (.const:ti_sysbios_gates_GateHwi_Module__FXNS__C)
                  0000fb5c    00000024     mss_per4ft.oer4ft (.const:ti_sysbios_gates_GateMutex_Module__FXNS__C)
                  0000fb80    00000024     mss_per4ft.oer4ft (.const:ti_sysbios_heaps_HeapMem_Object__PARAMS__C)
                  0000fba4    00000024     mss_per4ft.oer4ft (.const:ti_sysbios_knl_Semaphore_Object__PARAMS__C)
                  0000fbc8    00000020     mss_per4ft.oer4ft (.const:ti_sysbios_family_arm_v7r_vim_Hwi_Object__DESC__C)
                  0000fbe8    00000020     mss_per4ft.oer4ft (.const:ti_sysbios_gates_GateHwi_Object__DESC__C)
                  0000fc08    00000020     mss_per4ft.oer4ft (.const:ti_sysbios_gates_GateMutex_Object__DESC__C)
                  0000fc28    00000020     mss_per4ft.oer4ft (.const:ti_sysbios_heaps_HeapMem_Object__DESC__C)
                  0000fc48    00000020     mss_per4ft.oer4ft (.const:ti_sysbios_knl_Queue_Object__DESC__C)
                  0000fc68    00000020     mss_per4ft.oer4ft (.const:ti_sysbios_knl_Semaphore_Object__DESC__C)
                  0000fc88    00000020     mss_per4ft.oer4ft (.const:ti_sysbios_knl_Task_Object__DESC__C)
                  0000fca8    00000020     mss_per4ft.oer4ft (.const:xdc_runtime_LoggerBuf_Object__DESC__C)
                  0000fcc8    0000001c     libedma_xwr16xx.aer4f : edma_xwr1xxx.oer4f (.const:gEdmaHwAttrs)
                  0000fce4    0000001a     mss_per4ft.oer4ft (.const:xdc_runtime_Startup_sfxnRts__A)
                  0000fcfe    00000002     mss_per4ft.oer4ft (.const:ti_sysbios_family_arm_exc_Exception_Module__id__C)
                  0000fd00    00000018     mss_per4ft.oer4ft (.const:ti_sysbios_gates_GateHwi_Object__PARAMS__C)
                  0000fd18    00000018     mss_per4ft.oer4ft (.const:ti_sysbios_gates_GateMutex_Object__PARAMS__C)
                  0000fd30    00000018     mss_per4ft.oer4ft (.const:ti_sysbios_knl_Queue_Object__PARAMS__C)
                  0000fd48    00000014     libadcbuf_xwr16xx.aer4f : adcbuf_mmwave.oer4f (.const:gADCBufFxnTable)
                  0000fd5c    00000010                             : adcbuf_xwr1xxx.oer4f (.const:gADCBufHwCfg)
                  0000fd6c    00000010     mss_per4ft.oer4ft (.const:ti_sysbios_family_arm_v7r_vim_Hwi_intReqEnaSet__A)
                  0000fd7c    00000010     mss_per4ft.oer4ft (.const:ti_sysbios_family_arm_v7r_vim_Hwi_wakeEnaSet__A)
                  0000fd8c    0000000c     libadcbuf_xwr16xx.aer4f : ADCBuf.oer4f (.const:ADCBuf_defaultParams)
                  0000fd98    00000008     libedma_xwr16xx.aer4f : edma.oer4f (.const:EDMA_config$1)
                  0000fda0    00000008     mss_per4ft.oer4ft (.const:ti_sysbios_knl_Idle_funcList__C)
                  0000fda8    00000008     mss_per4ft.oer4ft (.const:xdc_runtime_Startup_firstFxns__A)
                  0000fdb0    00000008     mss_per4ft.oer4ft (.const:xdc_runtime_Startup_firstFxns__C)
                  0000fdb8    00000008     mss_per4ft.oer4ft (.const:xdc_runtime_Startup_lastFxns__C)
                  0000fdc0    00000004     mss_per4ft.oer4ft (.const:ti_sysbios_family_arm_TaskSupport_stackAlignment__C)
                  0000fdc4    00000004     mss_per4ft.oer4ft (.const:ti_sysbios_family_arm_exc_Exception_E_dataAbort__C)
                  0000fdc8    00000004     mss_per4ft.oer4ft (.const:ti_sysbios_family_arm_exc_Exception_E_prefetchAbort__C)
                  0000fdcc    00000004     mss_per4ft.oer4ft (.const:ti_sysbios_family_arm_exc_Exception_E_swi__C)
                  0000fdd0    00000004     mss_per4ft.oer4ft (.const:ti_sysbios_family_arm_exc_Exception_E_undefinedInstruction__C)
                  0000fdd4    00000004     mss_per4ft.oer4ft (.const:ti_sysbios_family_arm_exc_Exception_excHookFuncs__A)
                  0000fdd8    00000004     mss_per4ft.oer4ft (.const:ti_sysbios_family_arm_exc_Exception_excHookFuncs__C)
                  0000fddc    00000004     mss_per4ft.oer4ft (.const:ti_sysbios_family_arm_v7r_tms570_Core_E_mismatchedIds__C)
                  0000fde0    00000004     mss_per4ft.oer4ft (.const:ti_sysbios_family_arm_v7r_tms570_Core_id__C)
                  0000fde4    00000004     mss_per4ft.oer4ft (.const:ti_sysbios_family_arm_v7r_vim_Hwi_A_badChannelId__C)
                  0000fde8    00000004     mss_per4ft.oer4ft (.const:ti_sysbios_family_arm_v7r_vim_Hwi_E_alreadyDefined__C)
                  0000fdec    00000004     mss_per4ft.oer4ft (.const:ti_sysbios_family_arm_v7r_vim_Hwi_E_badIntNum__C)
                  0000fdf0    00000004     mss_per4ft.oer4ft (.const:ti_sysbios_family_arm_v7r_vim_Hwi_E_phantomInterrupt__C)
                  0000fdf4    00000004     mss_per4ft.oer4ft (.const:ti_sysbios_family_arm_v7r_vim_Hwi_E_undefined__C)
                  0000fdf8    00000004     mss_per4ft.oer4ft (.const:ti_sysbios_family_arm_v7r_vim_Hwi_E_unsupportedMaskingOption__C)
                  0000fdfc    00000004     mss_per4ft.oer4ft (.const:ti_sysbios_family_arm_v7r_vim_Hwi_LD_end__C)
                  0000fe00    00000004     mss_per4ft.oer4ft (.const:ti_sysbios_family_arm_v7r_vim_Hwi_LM_begin__C)
                  0000fe04    00000004     mss_per4ft.oer4ft (.const:ti_sysbios_family_arm_v7r_vim_Hwi_Module__diagsEnabled__C)
                  0000fe08    00000004     mss_per4ft.oer4ft (.const:ti_sysbios_family_arm_v7r_vim_Hwi_Module__diagsIncluded__C)
                  0000fe0c    00000004     mss_per4ft.oer4ft (.const:ti_sysbios_family_arm_v7r_vim_Hwi_Module__diagsMask__C)
                  0000fe10    00000004     mss_per4ft.oer4ft (.const:ti_sysbios_family_arm_v7r_vim_Hwi_Module__loggerFxn1__C)
                  0000fe14    00000004     mss_per4ft.oer4ft (.const:ti_sysbios_family_arm_v7r_vim_Hwi_Module__loggerFxn8__C)
                  0000fe18    00000004     mss_per4ft.oer4ft (.const:ti_sysbios_family_arm_v7r_vim_Hwi_Module__loggerObj__C)
                  0000fe1c    00000004     mss_per4ft.oer4ft (.const:ti_sysbios_family_arm_v7r_vim_Hwi_NUM_INTERRUPTS__C)
                  0000fe20    00000004     mss_per4ft.oer4ft (.const:ti_sysbios_family_arm_v7r_vim_Hwi_channelMap__C)
                  0000fe24    00000004     mss_per4ft.oer4ft (.const:ti_sysbios_family_arm_v7r_vim_Hwi_intReqEnaSet__C)
                  0000fe28    00000004     mss_per4ft.oer4ft (.const:ti_sysbios_family_arm_v7r_vim_Hwi_phantomFunc__C)
                  0000fe2c    00000004     mss_per4ft.oer4ft (.const:ti_sysbios_family_arm_v7r_vim_Hwi_swiDisable__C)
                  0000fe30    00000004     mss_per4ft.oer4ft (.const:ti_sysbios_family_arm_v7r_vim_Hwi_swiRestoreHwi__C)
                  0000fe34    00000004     mss_per4ft.oer4ft (.const:ti_sysbios_family_arm_v7r_vim_Hwi_taskDisable__C)
                  0000fe38    00000004     mss_per4ft.oer4ft (.const:ti_sysbios_family_arm_v7r_vim_Hwi_taskRestoreHwi__C)
                  0000fe3c    00000004     mss_per4ft.oer4ft (.const:ti_sysbios_family_arm_v7r_vim_Hwi_wakeEnaSet__C)
                  0000fe40    00000004     mss_per4ft.oer4ft (.const:ti_sysbios_gates_GateMutex_A_badContext__C)
                  0000fe44    00000004     mss_per4ft.oer4ft (.const:ti_sysbios_gates_GateMutex_Instance_State_sem__O)
                  0000fe48    00000004     mss_per4ft.oer4ft (.const:ti_sysbios_gates_GateMutex_Module__diagsEnabled__C)
                  0000fe4c    00000004     mss_per4ft.oer4ft (.const:ti_sysbios_gates_GateMutex_Module__diagsIncluded__C)
                  0000fe50    00000004     mss_per4ft.oer4ft (.const:ti_sysbios_gates_GateMutex_Module__diagsMask__C)
                  0000fe54    00000004     mss_per4ft.oer4ft (.const:ti_sysbios_hal_Hwi_E_stackOverflow__C)
                  0000fe58    00000004     mss_per4ft.oer4ft (.const:ti_sysbios_heaps_HeapBuf_Instance_State_freeList__O)
                  0000fe5c    00000004     mss_per4ft.oer4ft (.const:ti_sysbios_heaps_HeapBuf_Object__count__C)
                  0000fe60    00000004     mss_per4ft.oer4ft (.const:ti_sysbios_heaps_HeapBuf_numConstructedHeaps__C)
                  0000fe64    00000004     mss_per4ft.oer4ft (.const:ti_sysbios_heaps_HeapMem_A_align__C)
                  0000fe68    00000004     mss_per4ft.oer4ft (.const:ti_sysbios_heaps_HeapMem_A_heapSize__C)
                  0000fe6c    00000004     mss_per4ft.oer4ft (.const:ti_sysbios_heaps_HeapMem_A_invalidFree__C)
                  0000fe70    00000004     mss_per4ft.oer4ft (.const:ti_sysbios_heaps_HeapMem_A_zeroBlock__C)
                  0000fe74    00000004     mss_per4ft.oer4ft (.const:ti_sysbios_heaps_HeapMem_E_memory__C)
                  0000fe78    00000004     mss_per4ft.oer4ft (.const:ti_sysbios_heaps_HeapMem_Module__diagsEnabled__C)
                  0000fe7c    00000004     mss_per4ft.oer4ft (.const:ti_sysbios_heaps_HeapMem_Module__diagsIncluded__C)
                  0000fe80    00000004     mss_per4ft.oer4ft (.const:ti_sysbios_heaps_HeapMem_Module__diagsMask__C)
                  0000fe84    00000004     mss_per4ft.oer4ft (.const:ti_sysbios_heaps_HeapMem_Module__gateObj__C)
                  0000fe88    00000004     mss_per4ft.oer4ft (.const:ti_sysbios_heaps_HeapMem_Object__count__C)
                  0000fe8c    00000004     mss_per4ft.oer4ft (.const:ti_sysbios_heaps_HeapMem_reqAlign__C)
                  0000fe90    00000004     mss_per4ft.oer4ft (.const:ti_sysbios_knl_Clock_LM_begin__C)
                  0000fe94    00000004     mss_per4ft.oer4ft (.const:ti_sysbios_knl_Clock_LM_tick__C)
                  0000fe98    00000004     mss_per4ft.oer4ft (.const:ti_sysbios_knl_Clock_LW_delayed__C)
                  0000fe9c    00000004     mss_per4ft.oer4ft (.const:ti_sysbios_knl_Clock_Module_State_clockQ__O)
                  0000fea0    00000004     mss_per4ft.oer4ft (.const:ti_sysbios_knl_Clock_Module__diagsEnabled__C)
                  0000fea4    00000004     mss_per4ft.oer4ft (.const:ti_sysbios_knl_Clock_Module__diagsIncluded__C)
                  0000fea8    00000004     mss_per4ft.oer4ft (.const:ti_sysbios_knl_Clock_Module__diagsMask__C)
                  0000feac    00000004     mss_per4ft.oer4ft (.const:ti_sysbios_knl_Clock_Module__loggerFxn1__C)
                  0000feb0    00000004     mss_per4ft.oer4ft (.const:ti_sysbios_knl_Clock_Module__loggerFxn2__C)
                  0000feb4    00000004     mss_per4ft.oer4ft (.const:ti_sysbios_knl_Clock_Module__loggerObj__C)
                  0000feb8    00000004     mss_per4ft.oer4ft (.const:ti_sysbios_knl_Idle_funcList__A)
                  0000febc    00000004     mss_per4ft.oer4ft (.const:ti_sysbios_knl_Semaphore_A_badContext__C)
                  0000fec0    00000004     mss_per4ft.oer4ft (.const:ti_sysbios_knl_Semaphore_A_noEvents__C)
                  0000fec4    00000004     mss_per4ft.oer4ft (.const:ti_sysbios_knl_Semaphore_A_overflow__C)
                  0000fec8    00000004     mss_per4ft.oer4ft (.const:ti_sysbios_knl_Semaphore_A_pendTaskDisabled__C)
                  0000fecc    00000004     mss_per4ft.oer4ft (.const:ti_sysbios_knl_Semaphore_Instance_State_pendQ__O)
                  0000fed0    00000004     mss_per4ft.oer4ft (.const:ti_sysbios_knl_Semaphore_LM_pend__C)
                  0000fed4    00000004     mss_per4ft.oer4ft (.const:ti_sysbios_knl_Semaphore_LM_post__C)
                  0000fed8    00000004     mss_per4ft.oer4ft (.const:ti_sysbios_knl_Semaphore_Module__diagsEnabled__C)
                  0000fedc    00000004     mss_per4ft.oer4ft (.const:ti_sysbios_knl_Semaphore_Module__diagsIncluded__C)
                  0000fee0    00000004     mss_per4ft.oer4ft (.const:ti_sysbios_knl_Semaphore_Module__diagsMask__C)
                  0000fee4    00000004     mss_per4ft.oer4ft (.const:ti_sysbios_knl_Semaphore_Module__loggerFxn2__C)
                  0000fee8    00000004     mss_per4ft.oer4ft (.const:ti_sysbios_knl_Semaphore_Module__loggerFxn4__C)
                  0000feec    00000004     mss_per4ft.oer4ft (.const:ti_sysbios_knl_Semaphore_Module__loggerObj__C)
                  0000fef0    00000004     mss_per4ft.oer4ft (.const:ti_sysbios_knl_Swi_LD_end__C)
                  0000fef4    00000004     mss_per4ft.oer4ft (.const:ti_sysbios_knl_Swi_LM_begin__C)
                  0000fef8    00000004     mss_per4ft.oer4ft (.const:ti_sysbios_knl_Swi_LM_post__C)
                  0000fefc    00000004     mss_per4ft.oer4ft (.const:ti_sysbios_knl_Swi_Module__diagsEnabled__C)
                  0000ff00    00000004     mss_per4ft.oer4ft (.const:ti_sysbios_knl_Swi_Module__diagsIncluded__C)
                  0000ff04    00000004     mss_per4ft.oer4ft (.const:ti_sysbios_knl_Swi_Module__diagsMask__C)
                  0000ff08    00000004     mss_per4ft.oer4ft (.const:ti_sysbios_knl_Swi_Module__loggerFxn1__C)
                  0000ff0c    00000004     mss_per4ft.oer4ft (.const:ti_sysbios_knl_Swi_Module__loggerFxn4__C)
                  0000ff10    00000004     mss_per4ft.oer4ft (.const:ti_sysbios_knl_Swi_Module__loggerObj__C)
                  0000ff14    00000004     mss_per4ft.oer4ft (.const:ti_sysbios_knl_Swi_Object__count__C)
                  0000ff18    00000004     mss_per4ft.oer4ft (.const:ti_sysbios_knl_Task_A_badPriority__C)
                  0000ff1c    00000004     mss_per4ft.oer4ft (.const:ti_sysbios_knl_Task_A_badTaskState__C)
                  0000ff20    00000004     mss_per4ft.oer4ft (.const:ti_sysbios_knl_Task_A_badThreadType__C)
                  0000ff24    00000004     mss_per4ft.oer4ft (.const:ti_sysbios_knl_Task_A_noPendElem__C)
                  0000ff28    00000004     mss_per4ft.oer4ft (.const:ti_sysbios_knl_Task_E_spOutOfBounds__C)
                  0000ff2c    00000004     mss_per4ft.oer4ft (.const:ti_sysbios_knl_Task_E_stackOverflow__C)
                  0000ff30    00000004     mss_per4ft.oer4ft (.const:ti_sysbios_knl_Task_LD_block__C)
                  0000ff34    00000004     mss_per4ft.oer4ft (.const:ti_sysbios_knl_Task_LD_exit__C)
                  0000ff38    00000004     mss_per4ft.oer4ft (.const:ti_sysbios_knl_Task_LD_ready__C)
                  0000ff3c    00000004     mss_per4ft.oer4ft (.const:ti_sysbios_knl_Task_LM_switch__C)
                  0000ff40    00000004     mss_per4ft.oer4ft (.const:ti_sysbios_knl_Task_Module_State_inactiveQ__O)
                  0000ff44    00000004     mss_per4ft.oer4ft (.const:ti_sysbios_knl_Task_Module__diagsEnabled__C)
                  0000ff48    00000004     mss_per4ft.oer4ft (.const:ti_sysbios_knl_Task_Module__diagsIncluded__C)
                  0000ff4c    00000004     mss_per4ft.oer4ft (.const:ti_sysbios_knl_Task_Module__diagsMask__C)
                  0000ff50    00000004     mss_per4ft.oer4ft (.const:ti_sysbios_knl_Task_Module__loggerFxn2__C)
                  0000ff54    00000004     mss_per4ft.oer4ft (.const:ti_sysbios_knl_Task_Module__loggerFxn4__C)
                  0000ff58    00000004     mss_per4ft.oer4ft (.const:ti_sysbios_knl_Task_Module__loggerObj__C)
                  0000ff5c    00000004     mss_per4ft.oer4ft (.const:ti_sysbios_knl_Task_Object__count__C)
                  0000ff60    00000004     mss_per4ft.oer4ft (.const:ti_sysbios_knl_Task_allBlockedFunc__C)
                  0000ff64    00000004     mss_per4ft.oer4ft (.const:ti_sysbios_knl_Task_defaultStackHeap__C)
                  0000ff68    00000004     mss_per4ft.oer4ft (.const:ti_sysbios_knl_Task_defaultStackSize__C)
                  0000ff6c    00000004     mss_per4ft.oer4ft (.const:ti_sysbios_knl_Task_numConstructedTasks__C)
                  0000ff70    00000004     mss_per4ft.oer4ft (.const:ti_sysbios_timers_rti_Timer_E_cannotSupport__C)
                  0000ff74    00000004     mss_per4ft.oer4ft (.const:ti_sysbios_timers_rti_Timer_Module__diagsEnabled__C)
                  0000ff78    00000004     mss_per4ft.oer4ft (.const:ti_sysbios_timers_rti_Timer_Module__diagsIncluded__C)
                  0000ff7c    00000004     mss_per4ft.oer4ft (.const:ti_sysbios_timers_rti_Timer_Module__diagsMask__C)
                  0000ff80    00000004     mss_per4ft.oer4ft (.const:ti_sysbios_timers_rti_Timer_numTimerDevices__C)
                  0000ff84    00000004     mss_per4ft.oer4ft (.const:ti_sysbios_timers_rti_Timer_startupNeeded__C)
                  0000ff88    00000004     mss_per4ft.oer4ft (.const:xdc_runtime_Assert_E_assertFailed__C)
                  0000ff8c    00000004     mss_per4ft.oer4ft (.const:xdc_runtime_Core_A_initializedParams__C)
                  0000ff90    00000004     mss_per4ft.oer4ft (.const:xdc_runtime_Core_Module__diagsEnabled__C)
                  0000ff94    00000004     mss_per4ft.oer4ft (.const:xdc_runtime_Core_Module__diagsIncluded__C)
                  0000ff98    00000004     mss_per4ft.oer4ft (.const:xdc_runtime_Core_Module__diagsMask__C)
                  0000ff9c    00000004     mss_per4ft.oer4ft (.const:xdc_runtime_Error_E_memory__C)
                  0000ffa0    00000004     mss_per4ft.oer4ft (.const:xdc_runtime_Error_Module__diagsEnabled__C)
                  0000ffa4    00000004     mss_per4ft.oer4ft (.const:xdc_runtime_Error_Module__diagsIncluded__C)
                  0000ffa8    00000004     mss_per4ft.oer4ft (.const:xdc_runtime_Error_Module__diagsMask__C)
                  0000ffac    00000004     mss_per4ft.oer4ft (.const:xdc_runtime_Error_Module__loggerFxn8__C)
                  0000ffb0    00000004     mss_per4ft.oer4ft (.const:xdc_runtime_Error_Module__loggerObj__C)
                  0000ffb4    00000004     mss_per4ft.oer4ft (.const:xdc_runtime_Error_policyFxn__C)
                  0000ffb8    00000004     mss_per4ft.oer4ft (.const:xdc_runtime_Error_policy__C)
                  0000ffbc    00000004     mss_per4ft.oer4ft (.const:xdc_runtime_Error_raiseHook__C)
                  0000ffc0    00000004     mss_per4ft.oer4ft (.const:xdc_runtime_IFilterLogger_Interface__BASE__C)
                  0000ffc4    00000004     mss_per4ft.oer4ft (.const:xdc_runtime_IGateProvider_Interface__BASE__C)
                  0000ffc8    00000004     mss_per4ft.oer4ft (.const:xdc_runtime_IHeap_Interface__BASE__C)
                  0000ffcc    00000004     mss_per4ft.oer4ft (.const:xdc_runtime_ILogger_Interface__BASE__C)
                  0000ffd0    00000004     mss_per4ft.oer4ft (.const:xdc_runtime_IModule_Interface__BASE__C)
                  0000ffd4    00000004     mss_per4ft.oer4ft (.const:xdc_runtime_Log_L_error__C)
                  0000ffd8    00000004     mss_per4ft.oer4ft (.const:xdc_runtime_LoggerBuf_E_badLevel__C)
                  0000ffdc    00000004     mss_per4ft.oer4ft (.const:xdc_runtime_LoggerBuf_Module__gateObj__C)
                  0000ffe0    00000004     mss_per4ft.oer4ft (.const:xdc_runtime_LoggerBuf_Object__count__C)
                  0000ffe4    00000004     mss_per4ft.oer4ft (.const:xdc_runtime_LoggerBuf_statusLogger__C)
                  0000ffe8    00000004     mss_per4ft.oer4ft (.const:xdc_runtime_Main_Module__diagsEnabled__C)
                  0000ffec    00000004     mss_per4ft.oer4ft (.const:xdc_runtime_Main_Module__diagsIncluded__C)
                  0000fff0    00000004     mss_per4ft.oer4ft (.const:xdc_runtime_Main_Module__diagsMask__C)
                  0000fff4    00000004     mss_per4ft.oer4ft (.const:xdc_runtime_Main_Module__loggerFxn1__C)
                  0000fff8    00000004     mss_per4ft.oer4ft (.const:xdc_runtime_Main_Module__loggerFxn2__C)
                  0000fffc    00000004     mss_per4ft.oer4ft (.const:xdc_runtime_Main_Module__loggerFxn4__C)
                  00010000    00000004     mss_per4ft.oer4ft (.const:xdc_runtime_Main_Module__loggerObj__C)
                  00010004    00000004     mss_per4ft.oer4ft (.const:xdc_runtime_Memory_defaultHeapInstance__C)
                  00010008    00000004     mss_per4ft.oer4ft (.const:xdc_runtime_Startup_execImpl__C)
                  0001000c    00000004     mss_per4ft.oer4ft (.const:xdc_runtime_Startup_maxPasses__C)
                  00010010    00000004     mss_per4ft.oer4ft (.const:xdc_runtime_Startup_sfxnRts__C)
                  00010014    00000004     mss_per4ft.oer4ft (.const:xdc_runtime_Startup_sfxnTab__C)
                  00010018    00000004     mss_per4ft.oer4ft (.const:xdc_runtime_System_Module__gateObj__C)
                  0001001c    00000004     mss_per4ft.oer4ft (.const:xdc_runtime_System_abortFxn__C)
                  00010020    00000004     mss_per4ft.oer4ft (.const:xdc_runtime_System_exitFxn__C)
                  00010024    00000004     mss_per4ft.oer4ft (.const:xdc_runtime_System_extendFxn__C)
                  00010028    00000004     mss_per4ft.oer4ft (.const:xdc_runtime_System_maxAtexitHandlers__C)
                  0001002c    00000004     mss_per4ft.oer4ft (.const:xdc_runtime_Text_charTab__C)
                  00010030    00000004     mss_per4ft.oer4ft (.const:xdc_runtime_Text_nameEmpty__C)
                  00010034    00000004     mss_per4ft.oer4ft (.const:xdc_runtime_Text_nameStatic__C)
                  00010038    00000004     mss_per4ft.oer4ft (.const:xdc_runtime_Text_nameUnknown__C)
                  0001003c    00000004     mss_per4ft.oer4ft (.const:xdc_runtime_Text_nodeTab__C)
                  00010040    00000004     mss_per4ft.oer4ft (.const:xdc_runtime_Text_visitRopeFxn__C)
                  00010044    00000002     mss_per4ft.oer4ft (.const:ti_sysbios_family_arm_v7r_tms570_Core_Module__id__C)
                  00010046    00000002     mss_per4ft.oer4ft (.const:ti_sysbios_family_arm_v7r_vim_Hwi_Module__id__C)
                  00010048    00000002     mss_per4ft.oer4ft (.const:ti_sysbios_family_arm_v7r_vim_Hwi_Module__loggerDefined__C)
                  0001004a    00000002     mss_per4ft.oer4ft (.const:ti_sysbios_gates_GateMutex_Module__id__C)
                  0001004c    00000002     mss_per4ft.oer4ft (.const:ti_sysbios_hal_Hwi_Module__id__C)
                  0001004e    00000002     mss_per4ft.oer4ft (.const:ti_sysbios_heaps_HeapMem_Module__id__C)
                  00010050    00000002     mss_per4ft.oer4ft (.const:ti_sysbios_knl_Clock_Module__id__C)
                  00010052    00000002     mss_per4ft.oer4ft (.const:ti_sysbios_knl_Clock_Module__loggerDefined__C)
                  00010054    00000002     mss_per4ft.oer4ft (.const:ti_sysbios_knl_Semaphore_Module__id__C)
                  00010056    00000002     mss_per4ft.oer4ft (.const:ti_sysbios_knl_Semaphore_Module__loggerDefined__C)
                  00010058    00000002     mss_per4ft.oer4ft (.const:ti_sysbios_knl_Swi_Module__id__C)
                  0001005a    00000002     mss_per4ft.oer4ft (.const:ti_sysbios_knl_Swi_Module__loggerDefined__C)
                  0001005c    00000002     mss_per4ft.oer4ft (.const:ti_sysbios_knl_Task_Module__id__C)
                  0001005e    00000002     mss_per4ft.oer4ft (.const:ti_sysbios_knl_Task_Module__loggerDefined__C)
                  00010060    00000002     mss_per4ft.oer4ft (.const:ti_sysbios_timers_rti_Timer_Module__id__C)
                  00010062    00000002     mss_per4ft.oer4ft (.const:ti_sysbios_timers_rti_Timer_continueOnSuspend__C)
                  00010064    00000002     mss_per4ft.oer4ft (.const:xdc_runtime_Core_Module__id__C)
                  00010066    00000002     mss_per4ft.oer4ft (.const:xdc_runtime_Error_Module__loggerDefined__C)
                  00010068    00000002     mss_per4ft.oer4ft (.const:xdc_runtime_Error_maxDepth__C)
                  0001006a    00000002     mss_per4ft.oer4ft (.const:xdc_runtime_LoggerBuf_Module__id__C)
                  0001006c    00000002     mss_per4ft.oer4ft (.const:xdc_runtime_LoggerBuf_filterByLevel__C)
                  0001006e    00000002     mss_per4ft.oer4ft (.const:xdc_runtime_Main_Module__id__C)
                  00010070    00000002     mss_per4ft.oer4ft (.const:xdc_runtime_Main_Module__loggerDefined__C)
                  00010072    00000002     mss_per4ft.oer4ft (.const:xdc_runtime_Memory_Module__id__C)
                  00010074    00000002     mss_per4ft.oer4ft (.const:xdc_runtime_Text_charCnt__C)
                  00010076    00000002     mss_per4ft.oer4ft (.const:xdc_runtime_Text_isLoaded__C)
                  00010078    00000002     mss_per4ft.oer4ft (.const:xdc_runtime_Text_registryModsLastId__C)
                  0001007a    00000002     mss_per4ft.oer4ft (.const:xdc_runtime_Text_unnamedModsLastId__C)

.cinit     0    00010080    00000410     
                  00010080    000003ba     (.cinit..data.load) [load image, compression = lzss]
                  0001043a    00000002     --HOLE-- [fill = 0]
                  0001043c    0000000c     (__TI_handler_table)
                  00010448    00000008     (.cinit..MCPILogBuffer.load) [load image, compression = zero_init]
                  00010450    00000008     (.cinit..bss.load) [load image, compression = zero_init]
[...]
0000fe80  ti_sysbios_heaps_HeapMem_Module__diagsMask__C                        
0000fe84  ti_sysbios_heaps_HeapMem_Module__gateObj__C                          
0000fe88  ti_sysbios_heaps_HeapMem_Object__count__C                            
0000fe8c  ti_sysbios_heaps_HeapMem_reqAlign__C                                 
0000fe90  ti_sysbios_knl_Clock_LM_begin__C                                     
0000fe94  ti_sysbios_knl_Clock_LM_tick__C                                      
0000fe98  ti_sysbios_knl_Clock_LW_delayed__C                                   
0000fe9c  ti_sysbios_knl_Clock_Module_State_clockQ__O                          
0000fea0  ti_sysbios_knl_Clock_Module__diagsEnabled__C                         
0000fea4  ti_sysbios_knl_Clock_Module__diagsIncluded__C                        
0000fea8  ti_sysbios_knl_Clock_Module__diagsMask__C                            
0000feac  ti_sysbios_knl_Clock_Module__loggerFxn1__C                           
0000feb0  ti_sysbios_knl_Clock_Module__loggerFxn2__C                           
0000feb4  ti_sysbios_knl_Clock_Module__loggerObj__C                            
0000feb8  ti_sysbios_knl_Idle_funcList__A                                      
0000febc  ti_sysbios_knl_Semaphore_A_badContext__C                             
0000fec0  ti_sysbios_knl_Semaphore_A_noEvents__C                               
0000fec4  ti_sysbios_knl_Semaphore_A_overflow__C                               
0000fec8  ti_sysbios_knl_Semaphore_A_pendTaskDisabled__C                       
0000fecc  ti_sysbios_knl_Semaphore_Instance_State_pendQ__O                     
0000fed0  ti_sysbios_knl_Semaphore_LM_pend__C                                  
0000fed4  ti_sysbios_knl_Semaphore_LM_post__C                                  
0000fed8  ti_sysbios_knl_Semaphore_Module__diagsEnabled__C                     
0000fedc  ti_sysbios_knl_Semaphore_Module__diagsIncluded__C                    
0000fee0  ti_sysbios_knl_Semaphore_Module__diagsMask__C                        
0000fee4  ti_sysbios_knl_Semaphore_Module__loggerFxn2__C                       
0000fee8  ti_sysbios_knl_Semaphore_Module__loggerFxn4__C                       
0000feec  ti_sysbios_knl_Semaphore_Module__loggerObj__C                        
0000fef0  ti_sysbios_knl_Swi_LD_end__C                                         
0000fef4  ti_sysbios_knl_Swi_LM_begin__C                                       
0000fef8  ti_sysbios_knl_Swi_LM_post__C                                        
0000fefc  ti_sysbios_knl_Swi_Module__diagsEnabled__C                           
0000ff00  ti_sysbios_knl_Swi_Module__diagsIncluded__C                          
0000ff04  ti_sysbios_knl_Swi_Module__diagsMask__C                              
0000ff08  ti_sysbios_knl_Swi_Module__loggerFxn1__C                             
0000ff0c  ti_sysbios_knl_Swi_Module__loggerFxn4__C                             
0000ff10  ti_sysbios_knl_Swi_Module__loggerObj__C                              
0000ff14  ti_sysbios_knl_Swi_Object__count__C                                  
0000ff18  ti_sysbios_knl_Task_A_badPriority__C                                 
0000ff1c  ti_sysbios_knl_Task_A_badTaskState__C                                
0000ff20  ti_sysbios_knl_Task_A_badThreadType__C                               
0000ff24  ti_sysbios_knl_Task_A_noPendElem__C                                  
0000ff28  ti_sysbios_knl_Task_E_spOutOfBounds__C                               
0000ff2c  ti_sysbios_knl_Task_E_stackOverflow__C                               
0000ff30  ti_sysbios_knl_Task_LD_block__C                                      
0000ff34  ti_sysbios_knl_Task_LD_exit__C                                       
0000ff38  ti_sysbios_knl_Task_LD_ready__C                                      
0000ff3c  ti_sysbios_knl_Task_LM_switch__C                                     
0000ff40  ti_sysbios_knl_Task_Module_State_inactiveQ__O                        
0000ff44  ti_sysbios_knl_Task_Module__diagsEnabled__C                          
0000ff48  ti_sysbios_knl_Task_Module__diagsIncluded__C                         
0000ff4c  ti_sysbios_knl_Task_Module__diagsMask__C                             
0000ff50  ti_sysbios_knl_Task_Module__loggerFxn2__C                            
0000ff54  ti_sysbios_knl_Task_Module__loggerFxn4__C                            
0000ff58  ti_sysbios_knl_Task_Module__loggerObj__C                             
0000ff5c  ti_sysbios_knl_Task_Object__count__C                                 
0000ff60  ti_sysbios_knl_Task_allBlockedFunc__C                                
0000ff64  ti_sysbios_knl_Task_defaultStackHeap__C                              
0000ff68  ti_sysbios_knl_Task_defaultStackSize__C                              
0000ff6c  ti_sysbios_knl_Task_numConstructedTasks__C                           
0000ff70  ti_sysbios_timers_rti_Timer_E_cannotSupport__C                       
0000ff74  ti_sysbios_timers_rti_Timer_Module__diagsEnabled__C                  
0000ff78  ti_sysbios_timers_rti_Timer_Module__diagsIncluded__C                 
0000ff7c  ti_sysbios_timers_rti_Timer_Module__diagsMask__C                     
0000ff80  ti_sysbios_timers_rti_Timer_numTimerDevices__C                       
0000ff84  ti_sysbios_timers_rti_Timer_startupNeeded__C                         
0000ff88  xdc_runtime_Assert_E_assertFailed__C                                 
0000ff8c  xdc_runtime_Core_A_initializedParams__C                              
0000ff90  xdc_runtime_Core_Module__diagsEnabled__C                             
0000ff94  xdc_runtime_Core_Module__diagsIncluded__C                            
0000ff98  xdc_runtime_Core_Module__diagsMask__C                                
0000ff9c  xdc_runtime_Error_E_memory__C                                        
0000ffa0  xdc_runtime_Error_Module__diagsEnabled__C                            
0000ffa4  xdc_runtime_Error_Module__diagsIncluded__C                           
0000ffa8  xdc_runtime_Error_Module__diagsMask__C                               
0000ffac  xdc_runtime_Error_Module__loggerFxn8__C                              
0000ffb0  xdc_runtime_Error_Module__loggerObj__C                               
0000ffb4  xdc_runtime_Error_policyFxn__C                                       
0000ffb8  xdc_runtime_Error_policy__C                                          
0000ffbc  xdc_runtime_Error_raiseHook__C                                       
0000ffc0  xdc_runtime_IFilterLogger_Interface__BASE__C                         
0000ffc4  xdc_runtime_IGateProvider_Interface__BASE__C                         
0000ffc8  xdc_runtime_IHeap_Interface__BASE__C                                 
0000ffcc  xdc_runtime_ILogger_Interface__BASE__C                               
0000ffd0  xdc_runtime_IModule_Interface__BASE__C                               
0000ffd4  xdc_runtime_Log_L_error__C                                           
0000ffd8  xdc_runtime_LoggerBuf_E_badLevel__C                                  
0000ffdc  xdc_runtime_LoggerBuf_Module__gateObj__C                             
0000ffe0  xdc_runtime_LoggerBuf_Object__count__C                               
0000ffe4  xdc_runtime_LoggerBuf_statusLogger__C                                
0000ffe8  xdc_runtime_Main_Module__diagsEnabled__C                             
0000ffec  xdc_runtime_Main_Module__diagsIncluded__C                            
0000fff0  xdc_runtime_Main_Module__diagsMask__C                                
0000fff4  xdc_runtime_Main_Module__loggerFxn1__C                               
0000fff8  xdc_runtime_Main_Module__loggerFxn2__C                               
0000fffc  xdc_runtime_Main_Module__loggerFxn4__C                               
00010000  xdc_runtime_Main_Module__loggerObj__C                                
00010004  xdc_runtime_Memory_defaultHeapInstance__C                            
00010008  xdc_runtime_Startup_execImpl__C                                      
0001000c  xdc_runtime_Startup_maxPasses__C                                     
00010010  xdc_runtime_Startup_sfxnRts__C                                       
00010014  xdc_runtime_Startup_sfxnTab__C                                       
00010018  xdc_runtime_System_Module__gateObj__C                                
0001001c  xdc_runtime_System_abortFxn__C                                       
00010020  xdc_runtime_System_exitFxn__C                                        
00010024  xdc_runtime_System_extendFxn__C                                      
00010028  xdc_runtime_System_maxAtexitHandlers__C                              
0001002c  xdc_runtime_Text_charTab__C                                          
00010030  xdc_runtime_Text_nameEmpty__C                                        
00010034  xdc_runtime_Text_nameStatic__C                                       
00010038  xdc_runtime_Text_nameUnknown__C                                      
0001003c  xdc_runtime_Text_nodeTab__C                                          
00010040  xdc_runtime_Text_visitRopeFxn__C                                     
00010044  ti_sysbios_family_arm_v7r_tms570_Core_Module__id__C                  
00010046  ti_sysbios_family_arm_v7r_vim_Hwi_Module__id__C                      
00010048  ti_sysbios_family_arm_v7r_vim_Hwi_Module__loggerDefined__C           
0001004a  ti_sysbios_gates_GateMutex_Module__id__C                             
0001004c  ti_sysbios_hal_Hwi_Module__id__C                                     
0001004e  ti_sysbios_heaps_HeapMem_Module__id__C                               
00010050  ti_sysbios_knl_Clock_Module__id__C                                   
00010052  ti_sysbios_knl_Clock_Module__loggerDefined__C                        
00010054  ti_sysbios_knl_Semaphore_Module__id__C                               
00010056  ti_sysbios_knl_Semaphore_Module__loggerDefined__C                    
00010058  ti_sysbios_knl_Swi_Module__id__C                                     
0001005a  ti_sysbios_knl_Swi_Module__loggerDefined__C                          
0001005c  ti_sysbios_knl_Task_Module__id__C                                    
0001005e  ti_sysbios_knl_Task_Module__loggerDefined__C                         
00010060  ti_sysbios_timers_rti_Timer_Module__id__C                            
00010062  ti_sysbios_timers_rti_Timer_continueOnSuspend__C                     
00010064  xdc_runtime_Core_Module__id__C                                       
00010066  xdc_runtime_Error_Module__loggerDefined__C                           
00010068  xdc_runtime_Error_maxDepth__C                                        
0001006a  xdc_runtime_LoggerBuf_Module__id__C                                  
0001006c  xdc_runtime_LoggerBuf_filterByLevel__C                               
0001006e  xdc_runtime_Main_Module__id__C                                       
00010070  xdc_runtime_Main_Module__loggerDefined__C                            
00010072  xdc_runtime_Memory_Module__id__C                                     
00010074  xdc_runtime_Text_charCnt__C                                          
00010076  xdc_runtime_Text_isLoaded__C                                         
00010078  xdc_runtime_Text_registryModsLastId__C                               
0001007a  xdc_runtime_Text_unnamedModsLastId__C                                
0001043c  __TI_Handler_Table_Base                                              
00010448  __TI_Handler_Table_Limit                                             
00010468  __TI_CINIT_Base                                                      
00010490  __TI_CINIT_Limit                                                     
08000000  MCPI_logMessage                                                      
08008000  ti_sysbios_heaps_HeapMem_Instance_State_0_buf__A                     
08010000  xdc_runtime_LoggerBuf_Instance_State_0_entryArr__A                   
08011900  ti_sysbios_family_arm_exc_Exception_Module_State_0_excStack_0__A     
08012900  ti_sysbios_knl_Task_Instance_State_0_stack__A                        
08013100  ti_sysbios_family_arm_v7r_vim_Hwi_Module_State_0_fiqStack__A         
08013500  edmaDbg                                                              
0801377c  __CIOBUF_                                                            
0801389c  __TI_tmpnams                                                         
0801393c  gEsmMCB                                                              
080139ac  parmbuf                                                              
080139c0  __stack                                                              
080149c0  __STACK_END                                                          
080149c0  ti_sysbios_family_arm_v7r_vim_Hwi_Module_State_0_dispatchTable__A    
08014bc0  _ftable                                                              
08014cb0  ti_sysbios_knl_Swi_Module_State_0_readyQ__A                          
08014d30  ti_sysbios_knl_Task_Module_State_0_readyQ__A                         
08014db0  _device                                                              
08014e28  gCBUFFEDMAChannelResourceCounter                                     
08014e29  gTestEDMAChannelAllocationFailure                                    
08014e98  gCBUFFHwAttribute                                                    
08014f08  _stream                                                              
08014f58  ti_sysbios_knl_Task_Object__table__V                                 
08014fa4  ti_sysbios_knl_Task_Module__state__V                                 
08014fe8  SOC_TranslateAddr_LUT                                                
08015028  ti_sysbios_gates_GateMutex_Object__table__V                          
08015068  ti_sysbios_timers_rti_Timer_Object__table__V                         
080150a4  gCBUFFInterfaceFxn                                                   
080150dc  ti_sysbios_family_arm_v7r_vim_Hwi_Module__state__V                   
08015110  ti_sysbios_knl_Swi_Object__table__V                                  
08015140  ti_sysbios_family_arm_v7r_vim_Hwi_Object__table__V                   
0801516c  ti_sysbios_knl_Clock_Module__state__V                                
08015198  ti_sysbios_BIOS_Module__state__V                                     
080151bc  xdc_runtime_LoggerBuf_Object__table__V                               
080151e0  ti_sysbios_knl_Clock_Object__table__V                                
08015200  xdc_runtime_Error_IgnoreBlock                                        
08015220  xdc_runtime_System_Module_State_0_atexitHandlers__A                  
08015240  gCBUFFDataFormatString                                               
0801525c  ti_sysbios_knl_Swi_Module__state__V                                  
08015278  ADCBuf_config                                                        
08015290  gInterleavedTransferFxn                                              
080152a8  gMultipleChirpNonInterleavedTransferFxn                              
080152c0  gNonInterleavedTransferFxn                                           
080152d8  ti_sysbios_heaps_HeapMem_Object__table__V                            
080152f0  ti_sysbios_timers_rti_Timer_Module_State_0_device__A                 
08015308  gSOCHwAttrib                                                         
0801531c  ti_sysbios_family_arm_exc_Exception_Module__state__V                 
08015330  __TI_ft_end                                                          
08015334  __aeabi_stdin                                                        
08015338  __aeabi_stdout                                                       
0801533c  __aeabi_stderr                                                       
08015340  ti_sysbios_timers_rti_Timer_Module_State_0_intFreqs__A               
08015350  ti_sysbios_timers_rti_Timer_Module__state__V                         
08015360  MCPI_Result                                                          
08015364  MCPI_FailSignature                                                   
0801536c  __TI_cleanup_ptr                                                     
08015370  __TI_dtors_ptr                                                       
08015374  __TI_enable_exit_profile_output                                      
08015378  gESMHwCfgAttrs                                                       
08015384  ti_sysbios_family_arm_v7a_Pmu_Module__state__V                       
08015390  ti_sysbios_knl_Task_Module__root__V                                  
0801539c  _lock                                                                
080153a0  _unlock                                                              
080153a4  ti_sysbios_family_arm_v7r_vim_Hwi_Module__root__V                    
080153ac  ti_sysbios_gates_GateHwi_Module__root__V                             
080153b4  ti_sysbios_gates_GateMutex_Module__root__V                           
080153bc  ti_sysbios_hal_Hwi_Object__table__V                                  
080153c4  ti_sysbios_heaps_HeapMem_Module__root__V                             
080153cc  ti_sysbios_knl_Queue_Module__root__V                                 
080153d4  ti_sysbios_knl_Semaphore_Module__root__V                             
080153dc  ti_sysbios_timers_rti_Timer_Module_State_0_handles__A                
080153e4  xdc_runtime_LoggerBuf_Module__root__V                                
080153ec  xdc_runtime_Registry_Module__state__V                                
080153f4  xdc_runtime_Startup_Module__state__V                                 
080153fc  xdc_runtime_System_Module__state__V                                  
08015404  xdc_runtime_LoggerBuf_Module__state__V                               
0801540a  ti_sysbios_family_arm_exc_Exception_Module_State_0_excActive__A      
08015410  regionId                                                             
08015414  gMCPILogMessageSize                                                  
08015418  errno                                                                
08015424  main_func_sp                                                         
08015428  ti_sysbios_family_arm_a15_TimestampProvider_Module__state__V         
0801542c  ti_sysbios_family_arm_exc_Exception_Module_State_0_excContext__A     
08015430  ti_sysbios_family_arm_exc_Exception_Module_State_0_excStackBuffers__A
08015434  ti_sysbios_family_arm_exc_Exception_Module_State_0_excStack__A       
08015438  ti_sysbios_gates_GateHwi_Object__table__V                            
0801543c  ti_sysbios_heaps_HeapBuf_Module__state__V                            
08015440  ti_sysbios_knl_Task_Module_State_0_idleTask__A                       
08015444  xdc_runtime_Memory_Module__state__V                                  
08015448  xdc_runtime_Error_Module__state__V                                   
0801544a  xdc_runtime_Main_Module__root__V                                     
51000000  gHeader                                                              
51000020  gUserBuffer0                                                         
51000040  gUserBuffer1                                                         
51000060  gUserBuffer2                                                         
fffffdec  ti_sysbios_family_arm_v7r_vim_Hwi_vim                                
ffffffff  __TI_pprof_out_hndl                                                  
ffffffff  __TI_prof_data_size                                                  
ffffffff  __TI_prof_data_start                                                 
ffffffff  __binit__                                                            
ffffffff  __c_args__                                                           
ffffffff  binit                                                                
UNDEFED   SHT$$INIT_ARRAY$$Base                                                
UNDEFED   SHT$$INIT_ARRAY$$Limit                                               

[818 symbols]
