******************************************************************************
                  TI ARM Linker Unix v16.9.6                   
******************************************************************************
>> Linked Thu Apr 26 15:45:16 2018

OUTPUT FILE NAME:   <test/xwr16xx/xwr16xx_can_mss.xer4f>
ENTRY POINT SYMBOL: "_c_int00"  address: 00008b7c


MEMORY CONFIGURATION

         name            origin    length      used     unused   attr    fill
----------------------  --------  ---------  --------  --------  ----  --------
  VECTORS               00000000   00000100  0000003c  000000c4     X
  PROG_RAM              00000100   0003ff00  0000d384  00032b7c  R  X
  DATA_RAM              08000000   00030000  00007ae4  0002851c  RW  
  L3_RAM                51000000   000c0000  00000000  000c0000  RW  
  HS_RAM                52080000   00008000  00000000  00008000  RW  


SEGMENT ALLOCATION MAP

run origin  load origin   length   init length attrs members
----------  ----------- ---------- ----------- ----- -------
00000000    00000000    0000003c   0000003c    r--
  00000000    00000000    0000003c   0000003c    r-- .vecs
00000100    00000100    0000d390   0000d390    r-x
  00000100    00000100    0000af32   0000af32    r-x .text
  0000b038    0000b038    000021ea   000021ea    r-- .const
  0000d228    0000d228    00000268   00000268    r-- .cinit
08000000    08000000    00005e38   00000000    rw-
  08000000    08000000    00003a38   00000000    rw- .bss
  08003a38    08003a38    00002400   00000000    rw- .MCPILogBuffer
08005e40    08005e40    00001cac   00000000    rw-
  08005e40    08005e40    00001000   00000000    rw- .stack
  08006e40    08006e40    00000cac   00000000    rw- .data


SECTION ALLOCATION MAP

 output                                  attributes/
section   page    origin      length       input sections
--------  ----  ----------  ----------   ----------------
.vecs      0    00000000    0000003c     
                  00000000    0000003c     mss_per4ft.oer4ft (.vecs)

xdc.meta   0    00000000    00000104     COPY SECTION
                  00000000    00000104     mss_per4ft.oer4ft (xdc.meta)

.text      0    00000100    0000af32     
                  00000100    0000107a     rtsv7R4_T_le_v3D16_eabi.lib : _printfi.obj (.text)
                  0000117a    00000002                                 : i_div0.obj (.text)
                  0000117c    00000934     main.oer4f (.text:dcanLoopbackTest)
                  00001ab0    00000801     main.oer4f (.text:dcanParityTest)
                  000022b1    00000001     --HOLE-- [fill = 0]
                  000022b2    00000002     mss_per4ft.oer4ft (.text:ti_sysbios_BIOS_nullFunc__I)
                  000022b4    00000698     main.oer4f (.text:dcanTransmitTest)
                  0000294c    00000004     dcan.oer4f (.text:DCANGetEccDiagErrStatus)
                  00002950    000004d9     sysbios.aer4ft : BIOS.obj (.text:xdc_runtime_System_doPrint__I)
                  00002e29    00000001     --HOLE-- [fill = 0]
                  00002e2a    00000002     mss_per4ft.oer4ft (.text:xdc_runtime_Startup_reset__I)
                  00002e2c    0000043e     main.oer4f (.text:Test_initTask)
                  0000326a    00000006     libosal_xwr16xx.aer4f : HwiP_tirtos.oer4f (.text:HwiP_restore)
                  00003270    000002e4     sysbios.aer4ft : BIOS.obj (.text:ti_sysbios_knl_Semaphore_pend__E)
                  00003554    000002dc     main.oer4f (.text:DCANAppCalcBitTimeParams)
                  00003830    000002b8     rtsv7R4_T_le_v3D16_eabi.lib : ull_div32.obj (.text)
                  00003ae8    00000008     dcan.oer4f (.text:DCANGetMsgObjBitErrDetected)
                  00003af0    000002a0     sysbios.aer4ft : BIOS.obj (.text:ti_sysbios_heaps_HeapMem_freeUnprotected__E)
                  00003d90    00000284     libsoc_xwr16xx.aer4f : soc_xwr16xx_mss.oer4f (.text:SOC_deviceInit)
                  00004014    0000000c     sysbios.aer4ft : arm_IntrinsicsSupport_asm.obj (.text:_ti_sysbios_family_arm_IntrinsicsSupport_maxbitA)
                  00004020    00000280                    : BIOS.obj (.text:ti_sysbios_family_arm_exc_Exception_excDumpContext__I)
                  000042a0    0000026c     main.oer4f (.text:DCANAppCallback)
                  0000450c    00000004     dcan.oer4f (.text:DCANGetEccErrStatus)
                  00004510    0000022c     sysbios.aer4ft : BIOS.obj (.text:ti_sysbios_knl_Task_Instance_finalize__E)
                  0000473c    00000004     dcan.oer4f (.text:DCANGetErrCntrStatus)
                  00004740    00000228     sysbios.aer4ft : BIOS.obj (.text:ti_sysbios_heaps_HeapMem_allocUnprotected__E)
                  00004968    00000008     libosal_xwr16xx.aer4f : HwiP_tirtos.oer4f (.text:HwiP_disable)
                  00004970    000001d8     sysbios.aer4ft : BIOS.obj (.text:ti_sysbios_knl_Task_Module_startup__E)
                  00004b48    000001c8     rtsv7R4_T_le_v3D16_eabi.lib : fopen.obj (.text)
                  00004d10    000001bc     sysbios.aer4ft : BIOS.obj (.text:ti_sysbios_knl_Task_Instance_init__E)
                  00004ecc    00000004     dcan.oer4f (.text:DCANGetErrStatus)
                  00004ed0    0000017c     sysbios.aer4ft : BIOS.obj (.text:ti_sysbios_family_arm_exc_Exception_excHandler__I)
                  0000504c    00000004     dcan.oer4f (.text:DCANGetParityErrStatus)
                  00005050    00000160     sysbios.aer4ft : BIOS.obj (.text:ti_sysbios_family_arm_v7r_vim_Hwi_reconfig__E)
                  000051b0    00000150     main.oer4f (.text:DCANAppInitParams)
                  00005300    00000144     sysbios.aer4ft : BIOS.obj (.text:ti_sysbios_timers_rti_Timer_Module_startup__E)
                  00005444    0000000c     rtsv7R4_T_le_v3D16_eabi.lib : copy_zero_init.obj (.text:decompress:ZI)
                  00005450    00000140     sysbios.aer4ft : BIOS.obj (.text:ti_sysbios_heaps_HeapMem_Instance_init__E)
                  00005590    0000013c                    : BIOS.obj (.text:ti_sysbios_family_arm_v7r_vim_Hwi_dispatchIRQC__I)
                  000056cc    00000138     rtsv7R4_T_le_v3D16_eabi.lib : fputs.obj (.text)
                  00005804    0000000c     sysbios.aer4ft : BIOS.obj (.text:ti_sysbios_family_arm_v7a_Pmu_configureCounterI__I)
                  00005810    00000138                    : BIOS.obj (.text:xdc_runtime_Core_createObject__I)
                  00005948    00000008                    : BIOS.obj (.text:ti_sysbios_family_arm_v7a_Pmu_getEnabled__E)
                  00005950    00000134                    : BIOS.obj (.text:xdc_runtime_Startup_startMods__I)
                  00005a84    0000000c                    : BIOS.obj (.text:ti_sysbios_family_arm_v7a_Pmu_getCountI__E)
                  00005a90    0000012c                    : BIOS.obj (.text:xdc_runtime_Error_policyDefault__E)
                  00005bbc    00000120     libtestlogger_xwr16xx.aer4f : logger.oer4f (.text:MCPI_setFeatureTestResult)
                  00005cdc    0000011c     can.oer4f (.text:CAN_setOptions)
                  00005df8    00000114     libsoc_xwr16xx.aer4f : soc_xwr16xx_mss.oer4f (.text:SOC_setPeripheralClock)
                  00005f0c    00000108     dcan.oer4f (.text:DCANConfigMsgObj)
                  00006014    00000104     can.oer4f (.text:CAN_init)
                  00006118    00000004     libosal_xwr16xx.aer4f : HwiP_tirtos.oer4f (.text:HwiP_disableInterrupt)
                  0000611c    00000004     mss_per4ft.oer4ft (.text:ti_sysbios_BIOS_RtsGateProxy_enter__E)
                  00006120    00000104     sysbios.aer4ft : BIOS.obj (.text:ti_sysbios_timers_rti_Timer_getFreq__E)
                  00006224    0000000c     mss_per4ft.oer4ft (.text:ti_sysbios_knl_Queue_Object__get__S)
                  00006230    00000100     sysbios.aer4ft : BIOS.obj (.text:xdc_runtime_Core_constructObject__I)
                  00006330    000000fc     dcan.oer4f (.text:DCANConfig)
                  0000642c    000000f8     mss_per4ft.oer4ft (.text:xdc_runtime_System_printfExtend__I)
                  00006524    000000ec     rtsv7R4_T_le_v3D16_eabi.lib : s_scalbn.obj (.text)
                  00006610    000000ec     sysbios.aer4ft : BIOS.obj (.text:ti_sysbios_heaps_HeapBuf_Module_startup__E)
                  000066fc    00000004     mss_per4ft.oer4ft (.text:ti_sysbios_BIOS_RtsGateProxy_leave__E)
                  00006700    000000e8     sysbios.aer4ft : BIOS.obj (.text:ti_sysbios_family_arm_v7r_vim_Hwi_Instance_init__E)
                  000067e8    00000004     mss_per4ft.oer4ft (.text:ti_sysbios_family_arm_TaskSupport_Module__startupDone__S)
                  000067ec    00000004     mss_per4ft.oer4ft (.text:ti_sysbios_family_arm_v7r_vim_Hwi_delete)
                  000067f0    000000e4     sysbios.aer4ft : BIOS.obj (.text:ti_sysbios_knl_Semaphore_post__E)
                  000068d4    000000e0     dcan.oer4f (.text:DCANTransmitData)
                  000069b4    000000dc     rtsv7R4_T_le_v3D16_eabi.lib : s_ceil.obj (.text)
                  00006a90    000000dc                                 : setvbuf.obj (.text)
                  00006b6c    000000d0     can.oer4f (.text:CAN_getOptions)
                  00006c3c    000000d0     sysbios.aer4ft : exc_Exception_asm.obj (.text:ti_sysbios_family_arm_exc_Exception_excHandlerAsm__I)
                  00006d0c    000000cc     rtsv7R4_T_le_v3D16_eabi.lib : fflush.obj (.text)
                  00006dd8    00000004     mss_per4ft.oer4ft (.text:ti_sysbios_heaps_HeapMem_Module_GateProxy_enter__E)
                  00006ddc    00000004     mss_per4ft.oer4ft (.text:ti_sysbios_heaps_HeapMem_Module_GateProxy_leave__E)
                  00006de0    000000cc     sysbios.aer4ft : BIOS.obj (.text:ti_sysbios_knl_Task_checkStacks__E)
                  00006eac    00000004     mss_per4ft.oer4ft (.text:ti_sysbios_knl_Clock_TimerProxy_getMaxTicks__E)
                  00006eb0    000000c4     sysbios.aer4ft : BIOS.obj (.text:ti_sysbios_family_arm_v7a_Pmu_configureCounter__E)
                  00006f74    0000000a     dcan.oer4f (.text:DCANSetMode)
                  00006f7e    00000002     --HOLE-- [fill = 0]
                  00006f80    000000c4     sysbios.aer4ft : BIOS.obj (.text:ti_sysbios_family_arm_v7r_vim_Hwi_Module_startup__E)
                  00007044    0000000a     libosal_xwr16xx.aer4f : MemoryP_tirtos.oer4f (.text:MemoryP_ctrlFree)
                  0000704e    00000002     --HOLE-- [fill = 0]
                  00007050    000000c4     sysbios.aer4ft : BIOS.obj (.text:ti_sysbios_knl_Task_postInit__I)
                  00007114    000000c2     can.oer4f (.text:CAN_DCANInt0Isr)
                  000071d6    0000000a     mss_per4ft.oer4ft (.text:xdc_runtime_IHeap_alloc)
                  000071e0    000000c0     sysbios.aer4ft : BIOS.obj (.text:ti_sysbios_timers_rti_Timer_startup__E)
                  000072a0    000000bc     rtsv7R4_T_le_v3D16_eabi.lib : open.obj (.text)
                  0000735c    000000b6     libsoc_xwr16xx.aer4f : soc_mpu.o (.text)
                  00007412    0000000e     dcan.oer4f (.text:DCANIsIfRegBusy)
                  00007420    000000b4     sysbios.aer4ft : BIOS.obj (.text:ti_sysbios_gates_GateMutex_enter__E)
                  000074d4    0000000a                    : tms570_Core_asm.obj (.text:ti_sysbios_family_arm_v7r_tms570_Core_getId__E)
                  000074de    00000002     --HOLE-- [fill = 0]
                  000074e0    000000b0                    : BIOS.obj (.text:ti_sysbios_knl_Swi_restoreHwi__E)
                  00007590    000000b0                    : BIOS.obj (.text:xdc_runtime_Text_putMod__E)
                  00007640    000000ae     rtsv7R4_T_le_v3D16_eabi.lib : _io_perm.obj (.text)
                  000076ee    00000002     --HOLE-- [fill = 0]
                  000076f0    000000ac     can.oer4f (.text:CAN_createMsgObject)
                  0000779c    000000ac     dcan.oer4f (.text:DCANGetData)
                  00007848    000000ac     libesm_xwr16xx.aer4f : esm.oer4f (.text:ESM_processInterrupt)
                  000078f4    0000000a     mss_per4ft.oer4ft (.text:xdc_runtime_IHeap_free)
                  000078fe    00000002     --HOLE-- [fill = 0]
                  00007900    000000ac     sysbios.aer4ft : BIOS.obj (.text:ti_sysbios_knl_Task_exit__E)
                  000079ac    000000a8     libpinmux_xwr16xx.aer4f : pinmux.oer4f (.text:Pinmux_Set_OverrideCtrl)
                  00007a54    000000a4     libesm_xwr16xx.aer4f : esm.oer4f (.text:ESM_init)
                  00007af8    000000a4     libsoc_xwr16xx.aer4f : soc_xwr16xx_mss.oer4f (.text:SOC_unhaltDSS)
                  00007b9c    000000a2     can.oer4f (.text:CAN_DCANInt1Isr)
                  00007c3e    00000002     --HOLE-- [fill = 0]
                  00007c40    000000a0     auto_init.aer4ft : auto_init.oer4ft (.text)
                  00007ce0    0000009e     sysbios.aer4ft : BIOS.obj (.text:xdc_runtime_Text_putSite__E)
                  00007d7e    0000009c     rtsv7R4_T_le_v3D16_eabi.lib : memcpy_t2.obj (.text)
                  00007e1a    00000004     mss_per4ft.oer4ft (.text:xdc_runtime_System_Module_GateProxy_enter__E)
                  00007e1e    00000002     --HOLE-- [fill = 0]
                  00007e20    0000009c     sysbios.aer4ft : BIOS.obj (.text:ti_sysbios_family_arm_v7r_vim_Hwi_initIntController__I)
                  00007ebc    00000004     mss_per4ft.oer4ft (.text:xdc_runtime_System_Module_GateProxy_leave__E)
                  00007ec0    0000009c     sysbios.aer4ft : BIOS.obj (.text:ti_sysbios_family_arm_v7r_vim_Hwi_mapChannel__I)
                  00007f5c    00000004     --HOLE-- [fill = 0]
                  00007f60    0000009c                    : BIOS.obj (.text:ti_sysbios_knl_Semaphore_Instance_init__E)
                  00007ffc    00000004     --HOLE-- [fill = 0]
                  00008000    0000009c                    : BIOS.obj (.text:ti_sysbios_knl_Swi_runLoop__I)
                  0000809c    00000098     libsoc_xwr16xx.aer4f : soc_xwr16xx_mss.oer4f (.text:SOC_initPeripheralRam)
                  00008134    00000098     rtsv7R4_T_le_v3D16_eabi.lib : fclose.obj (.text)
                  000081cc    00000098                                 : fputc.obj (.text)
                  00008264    00000098     sysbios.aer4ft : vim_Hwi_asm_switch.obj (.text)
                  000082fc    00000094     rtsv7R4_T_le_v3D16_eabi.lib : snprintf.obj (.text)
                  00008390    00000094     sysbios.aer4ft : vim_Hwi_asm.obj (.text:ti_sysbios_family_arm_v7r_vim_Hwi_dispatchIRQ__I)
                  00008424    0000000c     --HOLE-- [fill = 0]
                  00008430    00000090                    : BIOS.obj (.text:ti_sysbios_family_arm_v7a_Pmu_resetCount__E)
                  000084c0    00000090                    : BIOS.obj (.text:ti_sysbios_family_arm_v7a_Pmu_startCounter__E)
                  00008550    0000008c                    : BIOS.obj (.text:ti_sysbios_family_arm_v7a_Pmu_getCount__E)
                  000085dc    00000004     --HOLE-- [fill = 0]
                  000085e0    0000008c                    : BIOS.obj (.text:ti_sysbios_family_arm_v7a_Pmu_stopCounter__E)
                  0000866c    00000004     --HOLE-- [fill = 0]
                  00008670    0000008c                    : BIOS.obj (.text:ti_sysbios_family_arm_v7r_vim_Hwi_Instance_finalize__E)
                  000086fc    00000004     --HOLE-- [fill = 0]
                  00008700    0000008c                    : BIOS.obj (.text:xdc_runtime_Memory_alloc__E)
                  0000878c    00000004     --HOLE-- [fill = 0]
                  00008790    00000080                    : BIOS.obj (.text:ti_sysbios_timers_rti_Timer_initDevice__I)
                  00008810    00000080                    : BIOS.obj (.text:xdc_runtime_Text_visitRope2__I)
                  00008890    0000007e     libosal_xwr16xx.aer4f : HwiP_tirtos.oer4f (.text:HwiP_create)
                  0000890e    00000002     --HOLE-- [fill = 0]
                  00008910    0000007c     sysbios.aer4ft : arm_TaskSupport_asm.obj (.text:_ti_sysbios_family_arm_TaskSupport_buildTaskStack)
                  0000898c    00000004     --HOLE-- [fill = 0]
                  00008990    0000007c                    : BIOS.obj (.text:ti_sysbios_knl_Clock_workFunc__E)
                  00008a0c    00000004     --HOLE-- [fill = 0]
                  00008a10    0000007c                    : BIOS.obj (.text:xdc_runtime_Core_deleteObject__I)
                  00008a8c    0000007a     rtsv7R4_T_le_v3D16_eabi.lib : memset_t2.obj (.text)
                  00008b06    00000002     --HOLE-- [fill = 0]
                  00008b08    00000074     libsoc_xwr16xx.aer4f : soc.oer4f (.text:SOC_init)
                  00008b7c    00000074     boot.aer4ft : boot.oer4ft (.text)
                  00008bf0    00000074     rtsv7R4_T_le_v3D16_eabi.lib : getdevice.obj (.text)
                  00008c64    00000074                                 : s_frexp.obj (.text)
                  00008cd8    00000070                                 : printf.obj (.text)
                  00008d48    00000008     --HOLE-- [fill = 0]
                  00008d50    00000070     sysbios.aer4ft : BIOS.obj (.text:xdc_runtime_Error_print__E)
                  00008dc0    0000006c     libpinmux_xwr16xx.aer4f : pinmux.oer4f (.text:Pinmux_Set_FuncSel)
                  00008e2c    0000006c     rtsv7R4_T_le_v3D16_eabi.lib : copy_decompress_lzss.obj (.text:decompress:lzss)
                  00008e98    0000006c                                 : trgmsg.obj (.text)
                  00008f04    00000068                                 : hostlseek.obj (.text)
                  00008f6c    00000068                                 : hostrename.obj (.text)
                  00008fd4    00000064     can.oer4f (.text:CAN_getData)
                  00009038    00000064     rtsv7R4_T_le_v3D16_eabi.lib : fseek.obj (.text)
                  0000909c    00000064     sysbios.aer4ft : exc_Exception_asm.obj (.text:ti_sysbios_family_arm_exc_Exception_initCore0__I)
                  00009100    00000064                    : BIOS.obj (.text:ti_sysbios_family_arm_v7r_vim_Hwi_phantomIntHandler__I)
                  00009164    0000000c     --HOLE-- [fill = 0]
                  00009170    00000064                    : BIOS.obj (.text:ti_sysbios_knl_Task_schedule__I)
                  000091d4    0000000c     --HOLE-- [fill = 0]
                  000091e0    00000064                    : BIOS.obj (.text:xdc_runtime_Startup_exec__E)
                  00009244    0000000c     --HOLE-- [fill = 0]
                  00009250    00000060                    : BIOS.obj (.text:ti_sysbios_heaps_HeapMem_alloc__E)
                  000092b0    0000005c     rtsv7R4_T_le_v3D16_eabi.lib : hostopen.obj (.text)
                  0000930c    0000005c                                 : hostread.obj (.text)
                  00009368    00000008     --HOLE-- [fill = 0]
                  00009370    0000005c     sysbios.aer4ft : BIOS.obj (.text:ti_sysbios_knl_Swi_schedule__I)
                  000093cc    00000004     --HOLE-- [fill = 0]
                  000093d0    0000005c                    : BIOS.obj (.text:xdc_runtime_Assert_raise__I)
                  0000942c    00000004     --HOLE-- [fill = 0]
                  00009430    0000005b                    : BIOS.obj (.text:xdc_runtime_Text_putLab__E)
                  0000948b    00000001     --HOLE-- [fill = 0]
                  0000948c    00000058     libesm_xwr16xx.aer4f : esm.oer4f (.text:ESM_highpriority_FIQ)
                  000094e4    00000058     rtsv7R4_T_le_v3D16_eabi.lib : close.obj (.text)
                  0000953c    00000058                                 : hostwrite.obj (.text)
                  00009594    00000054     can.oer4f (.text:CAN_deinit)
                  000095e8    00000054     rtsv7R4_T_le_v3D16_eabi.lib : ltoa.obj (.text)
                  0000963c    00000054     mss_per4ft.oer4ft (.text:ti_sysbios_family_arm_v7r_vim_Hwi_create)
                  00009690    00000054     sysbios.aer4ft : BIOS.obj (.text:ti_sysbios_heaps_HeapMem_getStats__E)
                  000096e4    0000000c     --HOLE-- [fill = 0]
                  000096f0    00000054                    : BIOS.obj (.text:ti_sysbios_knl_Task_startCore__E)
                  00009744    0000000c     --HOLE-- [fill = 0]
                  00009750    00000054                    : BIOS.obj (.text:xdc_runtime_Core_assignLabel__I)
                  000097a4    00000050     rtsv7R4_T_le_v3D16_eabi.lib : atoi.obj (.text)
                  000097f4    00000050                                 : exit.obj (.text)
                  00009844    00000050                                 : u_div32.obj (.text)
                  00009894    0000000c     --HOLE-- [fill = 0]
                  000098a0    00000050     sysbios.aer4ft : BIOS.obj (.text:ti_sysbios_timers_rti_Timer_setPeriodMicroSecs__E)
                  000098f0    00000050                    : BIOS.obj (.text:xdc_runtime_System_exit__E)
                  00009940    0000004c     rtsv7R4_T_le_v3D16_eabi.lib : cpy_tbl.obj (.text)
                  0000998c    00000004     --HOLE-- [fill = 0]
                  00009990    0000004c     sysbios.aer4ft : BIOS.obj (.text:ti_sysbios_family_arm_v7r_vim_Hwi_getStackInfo__E)
                  000099dc    0000004c     mss_per4ft.oer4ft (.text:ti_sysbios_knl_Task_create)
                  00009a28    00000008     --HOLE-- [fill = 0]
                  00009a30    0000004a     sysbios.aer4ft : BIOS.obj (.text:xdc_runtime_Text_xprintf__I)
                  00009a7a    00000002     --HOLE-- [fill = 0]
                  00009a7c    00000048     can.oer4f (.text:CAN_deleteMsgObject)
                  00009ac4    0000000c     --HOLE-- [fill = 0]
                  00009ad0    00000048     sysbios.aer4ft : BIOS.obj (.text:xdc_runtime_Core_assignParams__I)
                  00009b18    00000044     dcan.oer4f (.text:DCANSetBitTime)
                  00009b5c    00000044     rtsv7R4_T_le_v3D16_eabi.lib : hostclose.obj (.text)
                  00009ba0    00000044                                 : hostunlink.obj (.text)
                  00009be4    0000000c     --HOLE-- [fill = 0]
                  00009bf0    00000044     sysbios.aer4ft : BIOS.obj (.text:ti_sysbios_family_arm_v7r_tms570_Core_Module_startup__E)
                  00009c34    0000000c     --HOLE-- [fill = 0]
                  00009c40    00000044                    : BIOS.obj (.text:ti_sysbios_knl_Task_allBlockedFunction__I)
                  00009c84    0000000c     --HOLE-- [fill = 0]
                  00009c90    00000044                    : BIOS.obj (.text:xdc_runtime_System_atexit__E)
                  00009cd4    0000000c     --HOLE-- [fill = 0]
                  00009ce0    00000040                    : BIOS.obj (.text:ti_sysbios_family_arm_v7r_vim_Hwi_setType__E)
                  00009d20    00000040                    : BIOS.obj (.text:ti_sysbios_knl_Swi_post__E)
                  00009d60    00000040                    : BIOS.obj (.text:ti_sysbios_timers_rti_Timer_stop__E)
                  00009da0    0000003e     libpinmux_xwr16xx.aer4f : pinmux.oer4f (.text:CSL_FINSR)
                  00009dde    0000003e     libsoc_xwr16xx.aer4f : soc.oer4f (.text:CSL_FINSR)
                  00009e1c    0000003e                          : soc_xwr16xx_mss.oer4f (.text:CSL_FINSR)
                  00009e5a    00000002     --HOLE-- [fill = 0]
                  00009e5c    0000003c     can.oer4f (.text:CAN_transmitData)
                  00009e98    0000003c     libsoc_xwr16xx.aer4f : soc.oer4f (.text:SOC_unhaltBSS)
                  00009ed4    0000003c     sysbios.aer4ft : vim_Hwi_asm.obj (.text:ti_sysbios_family_arm_v7r_vim_Hwi_init__I)
                  00009f10    0000003c                    : BIOS.obj (.text:ti_sysbios_hal_Hwi_checkStack)
                  00009f4c    00000004     --HOLE-- [fill = 0]
                  00009f50    0000003c                    : BIOS.obj (.text:ti_sysbios_heaps_HeapMem_init__I)
                  00009f8c    00000004     --HOLE-- [fill = 0]
                  00009f90    0000003c                    : BIOS.obj (.text:ti_sysbios_knl_Swi_startup__E)
                  00009fcc    00000004     --HOLE-- [fill = 0]
                  00009fd0    0000003c                    : BIOS.obj (.text:ti_sysbios_timers_rti_Timer_setPeriod__E)
                  0000a00c    0000003a     libosal_xwr16xx.aer4f : HwiP_tirtos.oer4f (.text:HwiP_delete)
                  0000a046    00000002     --HOLE-- [fill = 0]
                  0000a048    00000038     main.oer4f (.text:main)
                  0000a080    00000036     rtsv7R4_T_le_v3D16_eabi.lib : strncpy.obj (.text)
                  0000a0b6    00000002     --HOLE-- [fill = 0]
                  0000a0b8    00000034     can.oer4f (.text:CAN_configBitTime)
                  0000a0ec    00000004     --HOLE-- [fill = 0]
                  0000a0f0    00000034     sysbios.aer4ft : BIOS.obj (.text:ti_sysbios_knl_Task_processVitalTaskFlag__I)
                  0000a124    0000000c     --HOLE-- [fill = 0]
                  0000a130    00000033                    : BIOS.obj (.text:xdc_runtime_Text_printVisFxn__I)
                  0000a163    0000000d     --HOLE-- [fill = 0]
                  0000a170    00000032                    : BIOS.obj (.text:ti_sysbios_hal_Hwi_initStack)
                  0000a1a2    00000030     dcan.oer4f (.text:DCANConfigIntrMux)
                  0000a1d2    00000002     --HOLE-- [fill = 0]
                  0000a1d4    00000030     mss_per4ft.oer4ft (.text:ti_sysbios_BIOS_atExitFunc__I)
                  0000a204    00000030     mss_per4ft.oer4ft (.text:ti_sysbios_BIOS_startFunc__I)
                  0000a234    0000000c     --HOLE-- [fill = 0]
                  0000a240    00000030     sysbios.aer4ft : BIOS.obj (.text:ti_sysbios_family_arm_TaskSupport_start__E)
                  0000a270    00000030     mss_per4ft.oer4ft (.text:ti_sysbios_gates_GateHwi_Object__create__S)
                  0000a2a0    00000030     mss_per4ft.oer4ft (.text:ti_sysbios_gates_GateMutex_Object__create__S)
                  0000a2d0    00000030     mss_per4ft.oer4ft (.text:ti_sysbios_heaps_HeapMem_Object__create__S)
                  0000a300    00000030     sysbios.aer4ft : BIOS.obj (.text:ti_sysbios_heaps_HeapMem_free__E)
                  0000a330    00000030     mss_per4ft.oer4ft (.text:ti_sysbios_knl_Semaphore_construct)
                  0000a360    0000002e     mss_per4ft.oer4ft (.text:ti_sysbios_rts_gnu_MemAlloc_alloc)
                  0000a38e    0000002c     dcan.oer4f (.text:DCANEccModeEnable)
                  0000a3ba    00000002     --HOLE-- [fill = 0]
                  0000a3bc    0000002c     rtsv7R4_T_le_v3D16_eabi.lib : unlink.obj (.text)
                  0000a3e8    0000002c     mss_per4ft.oer4ft (.text:ti_sysbios_knl_Clock_doTick__I)
                  0000a414    0000002c     mss_per4ft.oer4ft (.text:ti_sysbios_knl_Queue_construct)
                  0000a440    0000002c     sysbios.aer4ft : BIOS.obj (.text:ti_sysbios_knl_Semaphore_pendTimeout__I)
                  0000a46c    00000004     --HOLE-- [fill = 0]
                  0000a470    0000002c                    : BIOS.obj (.text:ti_sysbios_knl_Swi_Module_startup__E)
                  0000a49c    00000004     --HOLE-- [fill = 0]
                  0000a4a0    0000002c                    : BIOS.obj (.text:ti_sysbios_knl_Task_unblockI__E)
                  0000a4cc    00000004     --HOLE-- [fill = 0]
                  0000a4d0    0000002c                    : BIOS.obj (.text:ti_sysbios_timers_rti_Timer_periodicStub__E)
                  0000a4fc    0000002a     libsoc_xwr16xx.aer4f : soc.oer4f (.text:SOC_SystemISR)
                  0000a526    00000002     --HOLE-- [fill = 0]
                  0000a528    00000028     rtsv7R4_T_le_v3D16_eabi.lib : lseek.obj (.text)
                  0000a550    00000028                                 : write.obj (.text)
                  0000a578    00000008     --HOLE-- [fill = 0]
                  0000a580    00000028     sysbios.aer4ft : BIOS.obj (.text:ti_sysbios_knl_Idle_run__E)
                  0000a5a8    00000008     --HOLE-- [fill = 0]
                  0000a5b0    00000028                    : BIOS.obj (.text:ti_sysbios_knl_Task_restore__E)
                  0000a5d8    00000008     --HOLE-- [fill = 0]
                  0000a5e0    00000028                    : BIOS.obj (.text:xdc_runtime_SysStd_abort__E)
                  0000a608    00000008     --HOLE-- [fill = 0]
                  0000a610    00000028                    : BIOS.obj (.text:xdc_runtime_System_aprintf_va__F)
                  0000a638    00000008     --HOLE-- [fill = 0]
                  0000a640    00000026                    : BIOS.obj (.text:xdc_runtime_System_printf_va__F)
                  0000a666    00000024     dcan.oer4f (.text:DCANIsMsgObjIntrPending)
                  0000a68a    00000002     --HOLE-- [fill = 0]
                  0000a68c    00000024     libtestlogger_xwr16xx.aer4f : logger.oer4f (.text:MCPI_Initialize)
                  0000a6b0    00000024     mss_per4ft.oer4ft (.text:ti_sysbios_BIOS_errorRaiseHook__I)
                  0000a6d4    00000024     mss_per4ft.oer4ft (.text:ti_sysbios_BIOS_registerRTSLock__I)
                  0000a6f8    00000024     mss_per4ft.oer4ft (.text:ti_sysbios_BIOS_removeRTSLock__I)
                  0000a71c    00000024     mss_per4ft.oer4ft (.text:ti_sysbios_gates_GateMutex_Object__delete__S)
                  0000a740    00000024     sysbios.aer4ft : BIOS.obj (.text:ti_sysbios_knl_Task_restoreHwi__E)
                  0000a764    00000020     main.oer4f (.text:DCANAppErrStatusCallback)
                  0000a784    00000020     dcan.oer4f (.text:DCANEccDiagModeEnable)
                  0000a7a4    00000020     dcan.oer4f (.text:DCANIntrClearStatus)
                  0000a7c4    00000020     libesm_xwr16xx.aer4f : esm.oer4f (.text:ESM_lowpriority_IRQ)
                  0000a7e4    00000020     libpinmux_xwr16xx.aer4f : pinmux.oer4f (.text:Pinmux_Unlock)
                  0000a804    00000020     rtsv7R4_T_le_v3D16_eabi.lib : memchr.obj (.text)
                  0000a824    0000000c     --HOLE-- [fill = 0]
                  0000a830    00000020     sysbios.aer4ft : BIOS.obj (.text:ti_sysbios_family_arm_v7a_Pmu_Module_startup__E)
                  0000a850    00000020     mss_per4ft.oer4ft (.text:ti_sysbios_family_arm_v7r_vim_Hwi_Object__delete__S)
                  0000a870    00000020     sysbios.aer4ft : BIOS.obj (.text:ti_sysbios_family_arm_v7r_vim_Hwi_disableInterrupt__E)
                  0000a890    00000020                    : BIOS.obj (.text:ti_sysbios_family_arm_v7r_vim_Hwi_enableInterrupt__E)
                  0000a8b0    00000020     mss_per4ft.oer4ft (.text:ti_sysbios_gates_GateHwi_Object__delete__S)
                  0000a8d0    00000020     mss_per4ft.oer4ft (.text:ti_sysbios_heaps_HeapMem_Object__delete__S)
                  0000a8f0    00000020     sysbios.aer4ft : BIOS.obj (.text:ti_sysbios_knl_Clock_Module_startup__E)
                  0000a910    00000020     mss_per4ft.oer4ft (.text:ti_sysbios_knl_Semaphore_destruct)
                  0000a930    0000001e     rtsv7R4_T_le_v3D16_eabi.lib : strcat.obj (.text)
                  0000a94e    0000001c     libsoc_xwr16xx.aer4f : soc_xwr16xx_mss.oer4f (.text:CSL_FEXTR)
                  0000a96a    00000002     --HOLE-- [fill = 0]
                  0000a96c    0000001c     sysbios.aer4ft : arm_TaskSupport_asm.obj (.text:_ti_sysbios_family_arm_TaskSupport_glue)
                  0000a988    0000001c     rtsv7R4_T_le_v3D16_eabi.lib : memccpy.obj (.text)
                  0000a9a4    0000001c     mss_per4ft.oer4ft (.text:ti_sysbios_BIOS_rtsLock__I)
                  0000a9c0    0000001c     sysbios.aer4ft : BIOS.obj (.text:ti_sysbios_gates_GateMutex_Instance_init__E)
                  0000a9dc    00000004     --HOLE-- [fill = 0]
                  0000a9e0    0000001c                    : BIOS.obj (.text:ti_sysbios_gates_GateMutex_leave__E)
                  0000a9fc    0000001c     mss_per4ft.oer4ft (.text:ti_sysbios_knl_Queue_destruct)
                  0000aa18    0000001a     libsoc_xwr16xx.aer4f : soc.oer4f (.text:CSL_FEXTR)
                  0000aa32    0000001a     dcan.oer4f (.text:DCANParityEnable)
                  0000aa4c    0000001a     main.oer4f (.text:Test_benchmarkStart)
                  0000aa66    0000001a     mss_per4ft.oer4ft (.text:free)
                  0000aa80    0000001a     rtsv7R4_T_le_v3D16_eabi.lib : s_copysign.obj (.text)
                  0000aa9a    0000001a     mss_per4ft.oer4ft (.text:ti_sysbios_gates_GateHwi_Handle__label__S)
                  0000aab4    0000001a     mss_per4ft.oer4ft (.text:ti_sysbios_gates_GateMutex_Handle__label__S)
                  0000aace    0000001a     mss_per4ft.oer4ft (.text:ti_sysbios_heaps_HeapMem_Handle__label__S)
                  0000aae8    0000001a     mss_per4ft.oer4ft (.text:xdc_runtime_System_aprintf__E)
                  0000ab02    0000001a     mss_per4ft.oer4ft (.text:xdc_runtime_System_printf__E)
                  0000ab1c    00000018     sysbios.aer4ft : arm_TaskSupport_asm.obj (.text:_ti_sysbios_family_arm_TaskSupport_swap__E)
                  0000ab34    00000018     rtsv7R4_T_le_v3D16_eabi.lib : args_main.obj (.text)
                  0000ab4c    00000018                                 : strcmp.obj (.text)
                  0000ab64    00000018     mss_per4ft.oer4ft (.text:ti_sysbios_BIOS_rtsUnlock__I)
                  0000ab7c    00000018     sysbios.aer4ft : BIOS.obj (.text:ti_sysbios_family_arm_v7a_Pmu_initCounters__I)
                  0000ab94    00000018     mss_per4ft.oer4ft (.text:ti_sysbios_family_arm_v7r_vim_Hwi_Module__startupDone__F)
                  0000abac    00000018     mss_per4ft.oer4ft (.text:ti_sysbios_family_arm_v7r_vim_Hwi_Params__init__S)
                  0000abc4    0000000c     --HOLE-- [fill = 0]
                  0000abd0    00000018     sysbios.aer4ft : BIOS.obj (.text:ti_sysbios_family_arm_v7r_vim_Hwi_clearInterrupt__E)
                  0000abe8    00000018     mss_per4ft.oer4ft (.text:ti_sysbios_knl_Task_Params__init__S)
                  0000ac00    00000018     sysbios.aer4ft : BIOS.obj (.text:ti_sysbios_knl_Task_enter__I)
                  0000ac18    00000018     mss_per4ft.oer4ft (.text:ti_sysbios_timers_rti_Timer_Module__startupDone__F)
                  0000ac30    00000018     sysbios.aer4ft : BIOS.obj (.text:xdc_runtime_Error_init__E)
                  0000ac48    00000016     rtsv7R4_T_le_v3D16_eabi.lib : strchr.obj (.text)
                  0000ac5e    00000016                                 : strlen.obj (.text)
                  0000ac74    00000016     mss_per4ft.oer4ft (.text:ti_sysbios_BIOS_exitFunc__I)
                  0000ac8a    00000006     --HOLE-- [fill = 0]
                  0000ac90    00000016     sysbios.aer4ft : BIOS.obj (.text:ti_sysbios_knl_Idle_loop__E)
                  0000aca6    00000014     libosal_xwr16xx.aer4f : HwiP_tirtos.oer4f (.text:HwiP_Params_init)
                  0000acba    00000002     --HOLE-- [fill = 0]
                  0000acbc    00000014     libtestlogger_xwr16xx.aer4f : logger.oer4f (.text:MCPI_setTestResult)
                  0000acd0    00000014     libpinmux_xwr16xx.aer4f : pinmux.oer4f (.text:Pinmux_Lock)
                  0000ace4    00000014     libosal_xwr16xx.aer4f : DebugP_tirtos.oer4f (.text:_DebugP_assert)
                  0000acf8    00000014     rtsv7R4_T_le_v3D16_eabi.lib : _lock.obj (.text)
                  0000ad0c    00000014                                 : strcpy.obj (.text)
                  0000ad20    00000014     mss_per4ft.oer4ft (.text:ti_sysbios_heaps_HeapMem_Object__get__S)
                  0000ad34    00000014     mss_per4ft.oer4ft (.text:ti_sysbios_knl_Swi_Object__get__S)
                  0000ad48    00000012     dcan.oer4f (.text:DCANClrEccDiagErrStatus)
                  0000ad5a    00000012     dcan.oer4f (.text:DCANClrEccErrStatus)
                  0000ad6c    00000012     dcan.oer4f (.text:DCANGetIntrStatus)
                  0000ad7e    00000012     libosal_xwr16xx.aer4f : MemoryP_tirtos.oer4f (.text:MemoryP_ctrlAlloc)
                  0000ad90    00000012     sysbios.aer4ft : BIOS.obj (.text:ti_sysbios_hal_Hwi_Module_startup__E)
                  0000ada2    00000012     mss_per4ft.oer4ft (.text:xdc_runtime_Startup_exec__I)
                  0000adb4    0000000c     --HOLE-- [fill = 0]
                  0000adc0    00000010     sysbios.aer4ft : BIOS.obj (.text:ti_sysbios_BIOS_exit__E)
                  0000add0    00000010                    : BIOS.obj (.text:ti_sysbios_BIOS_setThreadType__E)
                  0000ade0    00000010                    : BIOS.obj (.text:ti_sysbios_BIOS_start__E)
                  0000adf0    00000010                    : BIOS.obj (.text:ti_sysbios_family_arm_v7a_Pmu_disableInterruptI__E)
                  0000ae00    00000010                    : BIOS.obj (.text:ti_sysbios_family_arm_v7a_Pmu_enableInterruptI__E)
                  0000ae10    00000010                    : BIOS.obj (.text:ti_sysbios_family_arm_v7a_Pmu_getNumCounters__E)
                  0000ae20    00000010                    : BIOS.obj (.text:ti_sysbios_family_arm_v7a_Pmu_resetCountI__E)
                  0000ae30    00000010                    : BIOS.obj (.text:ti_sysbios_family_arm_v7a_Pmu_startCounterI__E)
                  0000ae40    00000010                    : BIOS.obj (.text:ti_sysbios_family_arm_v7a_Pmu_stopCounterI__E)
                  0000ae50    00000010                    : BIOS.obj (.text:ti_sysbios_gates_GateMutex_Instance_finalize__E)
                  0000ae60    00000010     mss_per4ft.oer4ft (.text:ti_sysbios_heaps_HeapBuf_Object__get__S)
                  0000ae70    00000010     sysbios.aer4ft : BIOS.obj (.text:ti_sysbios_knl_Semaphore_Instance_finalize__E)
                  0000ae80    00000010                    : BIOS.obj (.text:ti_sysbios_knl_Swi_disable__E)
                  0000ae90    00000010     mss_per4ft.oer4ft (.text:ti_sysbios_knl_Task_Object__get__S)
                  0000aea0    00000010     sysbios.aer4ft : BIOS.obj (.text:ti_sysbios_knl_Task_disable__E)
                  0000aeb0    00000010                    : BIOS.obj (.text:xdc_runtime_Memory_free__E)
                  0000aec0    00000010     mss_per4ft.oer4ft (.text:xdc_runtime_Text_visitRope__I)
                  0000aed0    0000000e     rtsv7R4_T_le_v3D16_eabi.lib : copy_decompress_none.obj (.text:decompress:none)
                  0000aede    00000002     --HOLE-- [fill = 0]
                  0000aee0    0000000e     sysbios.aer4ft : BIOS.obj (.text:ti_sysbios_knl_Queue_empty__E)
                  0000aeee    00000002     --HOLE-- [fill = 0]
                  0000aef0    0000000c                    : BIOS.obj (.text:ti_sysbios_family_arm_TaskSupport_checkStack__E)
                  0000aefc    00000004     --HOLE-- [fill = 0]
                  0000af00    0000000c                    : BIOS.obj (.text:ti_sysbios_family_arm_TaskSupport_getStackAlignment__E)
                  0000af0c    00000004     --HOLE-- [fill = 0]
                  0000af10    0000000c                    : BIOS.obj (.text:ti_sysbios_family_arm_exc_Exception_Module_startup__E)
                  0000af1c    00000004     --HOLE-- [fill = 0]
                  0000af20    0000000c                    : BIOS.obj (.text:ti_sysbios_family_arm_v7r_vim_Hwi_switchFromBootStack__E)
                  0000af2c    00000004     --HOLE-- [fill = 0]
                  0000af30    0000000c                    : BIOS.obj (.text:xdc_runtime_Startup_rtsDone__E)
                  0000af3c    00000004     --HOLE-- [fill = 0]
                  0000af40    0000000c                    : BIOS.obj (.text:xdc_runtime_SysStd_exit__E)
                  0000af4c    00000004     --HOLE-- [fill = 0]
                  0000af50    00000008                    : BIOS.obj (.text:ti_sysbios_gates_GateHwi_enter__E)
                  0000af58    00000008     --HOLE-- [fill = 0]
                  0000af60    00000006                    : BIOS.obj (.text:ti_sysbios_family_arm_v7r_vim_Hwi_startup__E)
                  0000af66    0000000a     --HOLE-- [fill = 0]
                  0000af70    00000006                    : BIOS.obj (.text:ti_sysbios_gates_GateHwi_leave__E)
                  0000af76    0000000a     --HOLE-- [fill = 0]
                  0000af80    00000006                    : BIOS.obj (.text:ti_sysbios_heaps_HeapMem_isBlocking__E)
                  0000af86    0000000a     --HOLE-- [fill = 0]
                  0000af90    00000006                    : BIOS.obj (.text:ti_sysbios_knl_Queue_Instance_init__E)
                  0000af96    0000000a     --HOLE-- [fill = 0]
                  0000afa0    00000006                    : BIOS.obj (.text:xdc_runtime_System_Module_startup__E)
                  0000afa6    0000000a     --HOLE-- [fill = 0]
                  0000afb0    00000004                    : BIOS.obj (.text:ti_sysbios_gates_GateHwi_query__E)
                  0000afb4    0000000c     --HOLE-- [fill = 0]
                  0000afc0    00000004                    : BIOS.obj (.text:ti_sysbios_gates_GateMutex_query__E)
                  0000afc4    0000000c     --HOLE-- [fill = 0]
                  0000afd0    00000004                    : BIOS.obj (.text:ti_sysbios_knl_Task_startup__E)
                  0000afd4    0000000c     --HOLE-- [fill = 0]
                  0000afe0    00000004                    : BIOS.obj (.text:ti_sysbios_timers_rti_Timer_getMaxTicks__E)
                  0000afe4    0000000c     --HOLE-- [fill = 0]
                  0000aff0    00000004                    : BIOS.obj (.text:xdc_runtime_SysStd_putch__E)
                  0000aff4    0000000c     --HOLE-- [fill = 0]
                  0000b000    00000004                    : BIOS.obj (.text:xdc_runtime_SysStd_ready__E)
                  0000b004    0000000c     --HOLE-- [fill = 0]
                  0000b010    00000002                    : BIOS.obj (.text:ti_sysbios_BIOS_linkedWithIncorrectBootLibrary__E)
                  0000b012    0000000e     --HOLE-- [fill = 0]
                  0000b020    00000002                    : BIOS.obj (.text:ti_sysbios_gates_GateHwi_Instance_init__E)
                  0000b022    0000000e     --HOLE-- [fill = 0]
                  0000b030    00000002                    : BIOS.obj (.text:ti_sysbios_knl_Clock_logTick__E)

.const     0    0000b038    000021ea     
                  0000b038    00001a98     mss_per4ft.oer4ft (.const:xdc_runtime_Text_charTab__A)
                  0000cad0    00000101     rtsv7R4_T_le_v3D16_eabi.lib : ctype.obj (.const:.string:_ctypes_)
                  0000cbd1    00000001     --HOLE-- [fill = 0]
                  0000cbd2    000000d8     mss_per4ft.oer4ft (.const:xdc_runtime_Text_nodeTab__A)
                  0000ccaa    00000080     mss_per4ft.oer4ft (.const:ti_sysbios_family_arm_v7r_vim_Hwi_channelMap__A)
                  0000cd2a    00000002     mss_per4ft.oer4ft (.const:ti_sysbios_family_arm_exc_Exception_Module__id__C)
                  0000cd2c    00000048     mss_per4ft.oer4ft (.const:.string)
                  0000cd74    0000003c     mss_per4ft.oer4ft (.const:ti_sysbios_knl_Task_Object__PARAMS__C)
                  0000cdb0    00000030     mss_per4ft.oer4ft (.const:ti_sysbios_family_arm_v7r_vim_Hwi_Object__PARAMS__C)
                  0000cde0    0000002c     mss_per4ft.oer4ft (.const:xdc_runtime_Startup_sfxnTab__A)
                  0000ce0c    00000028     mss_per4ft.oer4ft (.const:ti_sysbios_heaps_HeapMem_Module__FXNS__C)
                  0000ce34    00000024     mss_per4ft.oer4ft (.const:ti_sysbios_gates_GateHwi_Module__FXNS__C)
                  0000ce58    00000024     mss_per4ft.oer4ft (.const:ti_sysbios_gates_GateMutex_Module__FXNS__C)
                  0000ce7c    00000024     mss_per4ft.oer4ft (.const:ti_sysbios_heaps_HeapMem_Object__PARAMS__C)
                  0000cea0    00000024     mss_per4ft.oer4ft (.const:ti_sysbios_knl_Semaphore_Object__PARAMS__C)
                  0000cec4    00000020     mss_per4ft.oer4ft (.const:ti_sysbios_family_arm_v7r_vim_Hwi_Object__DESC__C)
                  0000cee4    00000020     mss_per4ft.oer4ft (.const:ti_sysbios_gates_GateHwi_Object__DESC__C)
                  0000cf04    00000020     mss_per4ft.oer4ft (.const:ti_sysbios_gates_GateMutex_Object__DESC__C)
                  0000cf24    00000020     mss_per4ft.oer4ft (.const:ti_sysbios_heaps_HeapMem_Object__DESC__C)
                  0000cf44    00000020     mss_per4ft.oer4ft (.const:ti_sysbios_knl_Queue_Object__DESC__C)
                  0000cf64    00000020     mss_per4ft.oer4ft (.const:ti_sysbios_knl_Semaphore_Object__DESC__C)
                  0000cf84    00000020     mss_per4ft.oer4ft (.const:ti_sysbios_knl_Task_Object__DESC__C)
                  0000cfa4    00000018     mss_per4ft.oer4ft (.const:ti_sysbios_gates_GateHwi_Object__PARAMS__C)
                  0000cfbc    00000018     mss_per4ft.oer4ft (.const:ti_sysbios_gates_GateMutex_Object__PARAMS__C)
                  0000cfd4    00000018     mss_per4ft.oer4ft (.const:ti_sysbios_knl_Queue_Object__PARAMS__C)
                  0000cfec    00000016     mss_per4ft.oer4ft (.const:xdc_runtime_Startup_sfxnRts__A)
                  0000d002    00000002     mss_per4ft.oer4ft (.const:ti_sysbios_family_arm_v7a_Pmu_Module__id__C)
                  0000d004    00000010     mss_per4ft.oer4ft (.const:ti_sysbios_family_arm_v7r_vim_Hwi_intReqEnaSet__A)
                  0000d014    00000010     mss_per4ft.oer4ft (.const:ti_sysbios_family_arm_v7r_vim_Hwi_wakeEnaSet__A)
                  0000d024    00000008     mss_per4ft.oer4ft (.const:ti_sysbios_knl_Idle_funcList__C)
                  0000d02c    00000008     mss_per4ft.oer4ft (.const:xdc_runtime_Startup_firstFxns__A)
                  0000d034    00000008     mss_per4ft.oer4ft (.const:xdc_runtime_Startup_firstFxns__C)
                  0000d03c    00000008     mss_per4ft.oer4ft (.const:xdc_runtime_Startup_lastFxns__C)
                  0000d044    00000004     mss_per4ft.oer4ft (.const:ti_sysbios_family_arm_TaskSupport_stackAlignment__C)
                  0000d048    00000004     mss_per4ft.oer4ft (.const:ti_sysbios_family_arm_exc_Exception_E_dataAbort__C)
                  0000d04c    00000004     mss_per4ft.oer4ft (.const:ti_sysbios_family_arm_exc_Exception_E_prefetchAbort__C)
                  0000d050    00000004     mss_per4ft.oer4ft (.const:ti_sysbios_family_arm_exc_Exception_E_swi__C)
                  0000d054    00000004     mss_per4ft.oer4ft (.const:ti_sysbios_family_arm_exc_Exception_E_undefinedInstruction__C)
                  0000d058    00000004     mss_per4ft.oer4ft (.const:ti_sysbios_family_arm_exc_Exception_excHookFuncs__A)
                  0000d05c    00000004     mss_per4ft.oer4ft (.const:ti_sysbios_family_arm_exc_Exception_excHookFuncs__C)
                  0000d060    00000004     mss_per4ft.oer4ft (.const:ti_sysbios_family_arm_v7a_Pmu_A_invalidCounterId__C)
                  0000d064    00000004     mss_per4ft.oer4ft (.const:ti_sysbios_family_arm_v7a_Pmu_Module__diagsEnabled__C)
                  0000d068    00000004     mss_per4ft.oer4ft (.const:ti_sysbios_family_arm_v7a_Pmu_Module__diagsIncluded__C)
                  0000d06c    00000004     mss_per4ft.oer4ft (.const:ti_sysbios_family_arm_v7a_Pmu_Module__diagsMask__C)
                  0000d070    00000004     mss_per4ft.oer4ft (.const:ti_sysbios_family_arm_v7r_tms570_Core_E_mismatchedIds__C)
                  0000d074    00000004     mss_per4ft.oer4ft (.const:ti_sysbios_family_arm_v7r_tms570_Core_id__C)
                  0000d078    00000004     mss_per4ft.oer4ft (.const:ti_sysbios_family_arm_v7r_vim_Hwi_A_badChannelId__C)
                  0000d07c    00000004     mss_per4ft.oer4ft (.const:ti_sysbios_family_arm_v7r_vim_Hwi_E_alreadyDefined__C)
                  0000d080    00000004     mss_per4ft.oer4ft (.const:ti_sysbios_family_arm_v7r_vim_Hwi_E_badIntNum__C)
                  0000d084    00000004     mss_per4ft.oer4ft (.const:ti_sysbios_family_arm_v7r_vim_Hwi_E_phantomInterrupt__C)
                  0000d088    00000004     mss_per4ft.oer4ft (.const:ti_sysbios_family_arm_v7r_vim_Hwi_E_undefined__C)
                  0000d08c    00000004     mss_per4ft.oer4ft (.const:ti_sysbios_family_arm_v7r_vim_Hwi_E_unsupportedMaskingOption__C)
                  0000d090    00000004     mss_per4ft.oer4ft (.const:ti_sysbios_family_arm_v7r_vim_Hwi_Module__diagsEnabled__C)
                  0000d094    00000004     mss_per4ft.oer4ft (.const:ti_sysbios_family_arm_v7r_vim_Hwi_Module__diagsIncluded__C)
                  0000d098    00000004     mss_per4ft.oer4ft (.const:ti_sysbios_family_arm_v7r_vim_Hwi_Module__diagsMask__C)
                  0000d09c    00000004     mss_per4ft.oer4ft (.const:ti_sysbios_family_arm_v7r_vim_Hwi_NUM_INTERRUPTS__C)
                  0000d0a0    00000004     mss_per4ft.oer4ft (.const:ti_sysbios_family_arm_v7r_vim_Hwi_channelMap__C)
                  0000d0a4    00000004     mss_per4ft.oer4ft (.const:ti_sysbios_family_arm_v7r_vim_Hwi_intReqEnaSet__C)
                  0000d0a8    00000004     mss_per4ft.oer4ft (.const:ti_sysbios_family_arm_v7r_vim_Hwi_phantomFunc__C)
                  0000d0ac    00000004     mss_per4ft.oer4ft (.const:ti_sysbios_family_arm_v7r_vim_Hwi_swiDisable__C)
                  0000d0b0    00000004     mss_per4ft.oer4ft (.const:ti_sysbios_family_arm_v7r_vim_Hwi_swiRestoreHwi__C)
                  0000d0b4    00000004     mss_per4ft.oer4ft (.const:ti_sysbios_family_arm_v7r_vim_Hwi_taskDisable__C)
                  0000d0b8    00000004     mss_per4ft.oer4ft (.const:ti_sysbios_family_arm_v7r_vim_Hwi_taskRestoreHwi__C)
                  0000d0bc    00000004     mss_per4ft.oer4ft (.const:ti_sysbios_family_arm_v7r_vim_Hwi_wakeEnaSet__C)
                  0000d0c0    00000004     mss_per4ft.oer4ft (.const:ti_sysbios_gates_GateMutex_A_badContext__C)
                  0000d0c4    00000004     mss_per4ft.oer4ft (.const:ti_sysbios_gates_GateMutex_Instance_State_sem__O)
                  0000d0c8    00000004     mss_per4ft.oer4ft (.const:ti_sysbios_gates_GateMutex_Module__diagsEnabled__C)
                  0000d0cc    00000004     mss_per4ft.oer4ft (.const:ti_sysbios_gates_GateMutex_Module__diagsIncluded__C)
                  0000d0d0    00000004     mss_per4ft.oer4ft (.const:ti_sysbios_gates_GateMutex_Module__diagsMask__C)
                  0000d0d4    00000004     mss_per4ft.oer4ft (.const:ti_sysbios_hal_Hwi_E_stackOverflow__C)
                  0000d0d8    00000004     mss_per4ft.oer4ft (.const:ti_sysbios_heaps_HeapBuf_Instance_State_freeList__O)
                  0000d0dc    00000004     mss_per4ft.oer4ft (.const:ti_sysbios_heaps_HeapBuf_Object__count__C)
                  0000d0e0    00000004     mss_per4ft.oer4ft (.const:ti_sysbios_heaps_HeapBuf_numConstructedHeaps__C)
                  0000d0e4    00000004     mss_per4ft.oer4ft (.const:ti_sysbios_heaps_HeapMem_A_align__C)
                  0000d0e8    00000004     mss_per4ft.oer4ft (.const:ti_sysbios_heaps_HeapMem_A_heapSize__C)
                  0000d0ec    00000004     mss_per4ft.oer4ft (.const:ti_sysbios_heaps_HeapMem_A_invalidFree__C)
                  0000d0f0    00000004     mss_per4ft.oer4ft (.const:ti_sysbios_heaps_HeapMem_A_zeroBlock__C)
                  0000d0f4    00000004     mss_per4ft.oer4ft (.const:ti_sysbios_heaps_HeapMem_E_memory__C)
                  0000d0f8    00000004     mss_per4ft.oer4ft (.const:ti_sysbios_heaps_HeapMem_Module__diagsEnabled__C)
                  0000d0fc    00000004     mss_per4ft.oer4ft (.const:ti_sysbios_heaps_HeapMem_Module__diagsIncluded__C)
                  0000d100    00000004     mss_per4ft.oer4ft (.const:ti_sysbios_heaps_HeapMem_Module__diagsMask__C)
                  0000d104    00000004     mss_per4ft.oer4ft (.const:ti_sysbios_heaps_HeapMem_Module__gateObj__C)
                  0000d108    00000004     mss_per4ft.oer4ft (.const:ti_sysbios_heaps_HeapMem_Object__count__C)
                  0000d10c    00000004     mss_per4ft.oer4ft (.const:ti_sysbios_heaps_HeapMem_reqAlign__C)
                  0000d110    00000004     mss_per4ft.oer4ft (.const:ti_sysbios_knl_Clock_Module_State_clockQ__O)
                  0000d114    00000004     mss_per4ft.oer4ft (.const:ti_sysbios_knl_Idle_funcList__A)
                  0000d118    00000004     mss_per4ft.oer4ft (.const:ti_sysbios_knl_Semaphore_A_badContext__C)
                  0000d11c    00000004     mss_per4ft.oer4ft (.const:ti_sysbios_knl_Semaphore_A_noEvents__C)
                  0000d120    00000004     mss_per4ft.oer4ft (.const:ti_sysbios_knl_Semaphore_A_overflow__C)
                  0000d124    00000004     mss_per4ft.oer4ft (.const:ti_sysbios_knl_Semaphore_A_pendTaskDisabled__C)
                  0000d128    00000004     mss_per4ft.oer4ft (.const:ti_sysbios_knl_Semaphore_Instance_State_pendQ__O)
                  0000d12c    00000004     mss_per4ft.oer4ft (.const:ti_sysbios_knl_Semaphore_Module__diagsEnabled__C)
                  0000d130    00000004     mss_per4ft.oer4ft (.const:ti_sysbios_knl_Semaphore_Module__diagsIncluded__C)
                  0000d134    00000004     mss_per4ft.oer4ft (.const:ti_sysbios_knl_Semaphore_Module__diagsMask__C)
                  0000d138    00000004     mss_per4ft.oer4ft (.const:ti_sysbios_knl_Swi_Object__count__C)
                  0000d13c    00000004     mss_per4ft.oer4ft (.const:ti_sysbios_knl_Task_A_badPriority__C)
                  0000d140    00000004     mss_per4ft.oer4ft (.const:ti_sysbios_knl_Task_A_badTaskState__C)
                  0000d144    00000004     mss_per4ft.oer4ft (.const:ti_sysbios_knl_Task_A_badThreadType__C)
                  0000d148    00000004     mss_per4ft.oer4ft (.const:ti_sysbios_knl_Task_A_noPendElem__C)
                  0000d14c    00000004     mss_per4ft.oer4ft (.const:ti_sysbios_knl_Task_E_spOutOfBounds__C)
                  0000d150    00000004     mss_per4ft.oer4ft (.const:ti_sysbios_knl_Task_E_stackOverflow__C)
                  0000d154    00000004     mss_per4ft.oer4ft (.const:ti_sysbios_knl_Task_Module_State_inactiveQ__O)
                  0000d158    00000004     mss_per4ft.oer4ft (.const:ti_sysbios_knl_Task_Module__diagsEnabled__C)
                  0000d15c    00000004     mss_per4ft.oer4ft (.const:ti_sysbios_knl_Task_Module__diagsIncluded__C)
                  0000d160    00000004     mss_per4ft.oer4ft (.const:ti_sysbios_knl_Task_Module__diagsMask__C)
                  0000d164    00000004     mss_per4ft.oer4ft (.const:ti_sysbios_knl_Task_Object__count__C)
                  0000d168    00000004     mss_per4ft.oer4ft (.const:ti_sysbios_knl_Task_allBlockedFunc__C)
                  0000d16c    00000004     mss_per4ft.oer4ft (.const:ti_sysbios_knl_Task_defaultStackHeap__C)
                  0000d170    00000004     mss_per4ft.oer4ft (.const:ti_sysbios_knl_Task_defaultStackSize__C)
                  0000d174    00000004     mss_per4ft.oer4ft (.const:ti_sysbios_knl_Task_numConstructedTasks__C)
                  0000d178    00000004     mss_per4ft.oer4ft (.const:ti_sysbios_timers_rti_Timer_E_cannotSupport__C)
                  0000d17c    00000004     mss_per4ft.oer4ft (.const:ti_sysbios_timers_rti_Timer_Module__diagsEnabled__C)
                  0000d180    00000004     mss_per4ft.oer4ft (.const:ti_sysbios_timers_rti_Timer_Module__diagsIncluded__C)
                  0000d184    00000004     mss_per4ft.oer4ft (.const:ti_sysbios_timers_rti_Timer_Module__diagsMask__C)
                  0000d188    00000004     mss_per4ft.oer4ft (.const:ti_sysbios_timers_rti_Timer_numTimerDevices__C)
                  0000d18c    00000004     mss_per4ft.oer4ft (.const:ti_sysbios_timers_rti_Timer_startupNeeded__C)
                  0000d190    00000004     mss_per4ft.oer4ft (.const:xdc_runtime_Assert_E_assertFailed__C)
                  0000d194    00000004     mss_per4ft.oer4ft (.const:xdc_runtime_Core_A_initializedParams__C)
                  0000d198    00000004     mss_per4ft.oer4ft (.const:xdc_runtime_Core_Module__diagsEnabled__C)
                  0000d19c    00000004     mss_per4ft.oer4ft (.const:xdc_runtime_Core_Module__diagsIncluded__C)
                  0000d1a0    00000004     mss_per4ft.oer4ft (.const:xdc_runtime_Core_Module__diagsMask__C)
                  0000d1a4    00000004     mss_per4ft.oer4ft (.const:xdc_runtime_Error_E_memory__C)
                  0000d1a8    00000004     mss_per4ft.oer4ft (.const:xdc_runtime_Error_policyFxn__C)
                  0000d1ac    00000004     mss_per4ft.oer4ft (.const:xdc_runtime_Error_policy__C)
                  0000d1b0    00000004     mss_per4ft.oer4ft (.const:xdc_runtime_Error_raiseHook__C)
                  0000d1b4    00000004     mss_per4ft.oer4ft (.const:xdc_runtime_IGateProvider_Interface__BASE__C)
                  0000d1b8    00000004     mss_per4ft.oer4ft (.const:xdc_runtime_IHeap_Interface__BASE__C)
                  0000d1bc    00000004     mss_per4ft.oer4ft (.const:xdc_runtime_IModule_Interface__BASE__C)
                  0000d1c0    00000004     mss_per4ft.oer4ft (.const:xdc_runtime_Memory_defaultHeapInstance__C)
                  0000d1c4    00000004     mss_per4ft.oer4ft (.const:xdc_runtime_Startup_execImpl__C)
                  0000d1c8    00000004     mss_per4ft.oer4ft (.const:xdc_runtime_Startup_maxPasses__C)
                  0000d1cc    00000004     mss_per4ft.oer4ft (.const:xdc_runtime_Startup_sfxnRts__C)
                  0000d1d0    00000004     mss_per4ft.oer4ft (.const:xdc_runtime_Startup_sfxnTab__C)
                  0000d1d4    00000004     mss_per4ft.oer4ft (.const:xdc_runtime_System_Module__gateObj__C)
                  0000d1d8    00000004     mss_per4ft.oer4ft (.const:xdc_runtime_System_abortFxn__C)
                  0000d1dc    00000004     mss_per4ft.oer4ft (.const:xdc_runtime_System_exitFxn__C)
                  0000d1e0    00000004     mss_per4ft.oer4ft (.const:xdc_runtime_System_extendFxn__C)
                  0000d1e4    00000004     mss_per4ft.oer4ft (.const:xdc_runtime_System_maxAtexitHandlers__C)
                  0000d1e8    00000004     mss_per4ft.oer4ft (.const:xdc_runtime_Text_charTab__C)
                  0000d1ec    00000004     mss_per4ft.oer4ft (.const:xdc_runtime_Text_nameEmpty__C)
                  0000d1f0    00000004     mss_per4ft.oer4ft (.const:xdc_runtime_Text_nameStatic__C)
                  0000d1f4    00000004     mss_per4ft.oer4ft (.const:xdc_runtime_Text_nameUnknown__C)
                  0000d1f8    00000004     mss_per4ft.oer4ft (.const:xdc_runtime_Text_nodeTab__C)
                  0000d1fc    00000004     mss_per4ft.oer4ft (.const:xdc_runtime_Text_visitRopeFxn__C)
                  0000d200    00000002     mss_per4ft.oer4ft (.const:ti_sysbios_family_arm_v7r_tms570_Core_Module__id__C)
                  0000d202    00000002     mss_per4ft.oer4ft (.const:ti_sysbios_family_arm_v7r_vim_Hwi_Module__id__C)
                  0000d204    00000002     mss_per4ft.oer4ft (.const:ti_sysbios_gates_GateMutex_Module__id__C)
                  0000d206    00000002     mss_per4ft.oer4ft (.const:ti_sysbios_hal_Hwi_Module__id__C)
                  0000d208    00000002     mss_per4ft.oer4ft (.const:ti_sysbios_heaps_HeapMem_Module__id__C)
                  0000d20a    00000002     mss_per4ft.oer4ft (.const:ti_sysbios_knl_Semaphore_Module__id__C)
                  0000d20c    00000002     mss_per4ft.oer4ft (.const:ti_sysbios_knl_Task_Module__id__C)
                  0000d20e    00000002     mss_per4ft.oer4ft (.const:ti_sysbios_timers_rti_Timer_Module__id__C)
                  0000d210    00000002     mss_per4ft.oer4ft (.const:ti_sysbios_timers_rti_Timer_continueOnSuspend__C)
                  0000d212    00000002     mss_per4ft.oer4ft (.const:xdc_runtime_Core_Module__id__C)
                  0000d214    00000002     mss_per4ft.oer4ft (.const:xdc_runtime_Error_maxDepth__C)
                  0000d216    00000002     mss_per4ft.oer4ft (.const:xdc_runtime_Main_Module__id__C)
                  0000d218    00000002     mss_per4ft.oer4ft (.const:xdc_runtime_Memory_Module__id__C)
                  0000d21a    00000002     mss_per4ft.oer4ft (.const:xdc_runtime_Text_charCnt__C)
                  0000d21c    00000002     mss_per4ft.oer4ft (.const:xdc_runtime_Text_isLoaded__C)
                  0000d21e    00000002     mss_per4ft.oer4ft (.const:xdc_runtime_Text_registryModsLastId__C)
                  0000d220    00000002     mss_per4ft.oer4ft (.const:xdc_runtime_Text_unnamedModsLastId__C)

.cinit     0    0000d228    00000268     
                  0000d228    00000232     (.cinit..data.load) [load image, compression = lzss]
                  0000d45a    00000002     --HOLE-- [fill = 0]
                  0000d45c    0000000c     (__TI_handler_table)
                  0000d468    00000008     (.cinit..MCPILogBuffer.load) [load image, compression = zero_init]
                  0000d470    00000008     (.cinit..bss.load) [load image, compression = zero_init]
                  0000d478    00000018     (__TI_cinit_table)

.bss       0    08000000    00003a38     UNINITIALIZED
                  08000000    00002000     (.common:ti_sysbios_heaps_HeapMem_Instance_State_0_buf__A)
                  08002000    00001000     (.common:ti_sysbios_family_arm_exc_Exception_Module_State_0_excStack_0__A)
                  08003000    00000400     mss_per4ft.oer4ft (.bss:taskStackSection)
                  08003400    00000400     (.common:ti_sysbios_family_arm_v7r_vim_Hwi_Module_State_0_fiqStack__A)
                  08003800    00000120     rtsv7R4_T_le_v3D16_eabi.lib : trgmsg.obj (.bss:_CIOBUF_)
                  08003920    000000a0     (.common:__TI_tmpnams)
                  080039c0    00000070     (.common:gEsmMCB)
                  08003a30    00000008     (.common:parmbuf)

.stack     0    08005e40    00001000     UNINITIALIZED
                  08005e40    00001000     --HOLE--

.data      0    08006e40    00000cac     UNINITIALIZED
                  08006e40    00000428     main.oer4f (.data:$O1$$)
                  08007268    00000200     mss_per4ft.oer4ft (.data:ti_sysbios_family_arm_v7r_vim_Hwi_Module_State_0_dispatchTable__A)
                  08007468    000000f0     rtsv7R4_T_le_v3D16_eabi.lib : defs.obj (.data:_ftable)
                  08007558    00000080     mss_per4ft.oer4ft (.data:ti_sysbios_knl_Swi_Module_State_0_readyQ__A)
                  080075d8    00000080     mss_per4ft.oer4ft (.data:ti_sysbios_knl_Task_Module_State_0_readyQ__A)
                  08007658    00000078     rtsv7R4_T_le_v3D16_eabi.lib : write.obj (.data:_device)
                  080076d0    00000050                                 : write.obj (.data:_stream)
                  08007720    0000004c     mss_per4ft.oer4ft (.data:ti_sysbios_knl_Task_Object__table__V)
                  0800776c    00000044     mss_per4ft.oer4ft (.data:ti_sysbios_knl_Task_Module__state__V)
                  080077b0    00000040     mss_per4ft.oer4ft (.data:ti_sysbios_gates_GateMutex_Object__table__V)
                  080077f0    0000003c     mss_per4ft.oer4ft (.data:ti_sysbios_timers_rti_Timer_Object__table__V)
                  0800782c    00000034     mss_per4ft.oer4ft (.data:ti_sysbios_family_arm_v7r_vim_Hwi_Module__state__V)
                  08007860    00000030     mss_per4ft.oer4ft (.data:ti_sysbios_knl_Swi_Object__table__V)
                  08007890    0000002c     mss_per4ft.oer4ft (.data:ti_sysbios_family_arm_v7r_vim_Hwi_Object__table__V)
                  080078bc    0000002c     mss_per4ft.oer4ft (.data:ti_sysbios_knl_Clock_Module__state__V)
                  080078e8    00000024     mss_per4ft.oer4ft (.data:ti_sysbios_BIOS_Module__state__V)
                  0800790c    00000020     main.oer4f (.data)
                  0800792c    00000020     mss_per4ft.oer4ft (.data:xdc_runtime_Error_IgnoreBlock)
                  0800794c    00000020     mss_per4ft.oer4ft (.data:xdc_runtime_System_Module_State_0_atexitHandlers__A)
                  0800796c    0000001c     mss_per4ft.oer4ft (.data:ti_sysbios_knl_Swi_Module__state__V)
                  08007988    00000018     mss_per4ft.oer4ft (.data:ti_sysbios_heaps_HeapMem_Object__table__V)
                  080079a0    00000018     mss_per4ft.oer4ft (.data:ti_sysbios_timers_rti_Timer_Module_State_0_device__A)
                  080079b8    00000014     libsoc_xwr16xx.aer4f : soc_xwr16xx_mss.oer4f (.data:gSOCHwAttrib)
                  080079cc    00000014     mss_per4ft.oer4ft (.data:ti_sysbios_family_arm_exc_Exception_Module__state__V)
                  080079e0    00000010     can_xwr16xx.oer4f (.data:gCanHwCfg)
                  080079f0    00000010     rtsv7R4_T_le_v3D16_eabi.lib : defs.obj (.data)
                  08007a00    00000010     mss_per4ft.oer4ft (.data:ti_sysbios_timers_rti_Timer_Module_State_0_intFreqs__A)
                  08007a10    00000010     mss_per4ft.oer4ft (.data:ti_sysbios_timers_rti_Timer_Module__state__V)
                  08007a20    0000000c     libtestlogger_xwr16xx.aer4f : logger.oer4f (.data:$O1$$)
                  08007a2c    0000000c     rtsv7R4_T_le_v3D16_eabi.lib : exit.obj (.data:$O1$$)
                  08007a38    0000000c     libesm_xwr16xx.aer4f : esm_xwr1xxx.oer4f (.data:gESMHwCfgAttrs)
                  08007a44    0000000c     mss_per4ft.oer4ft (.data:ti_sysbios_family_arm_v7a_Pmu_Module__state__V)
                  08007a50    00000008     rtsv7R4_T_le_v3D16_eabi.lib : _lock.obj (.data:$O1$$)
                  08007a58    00000008     mss_per4ft.oer4ft (.data:ti_sysbios_family_arm_v7r_vim_Hwi_Module__root__V)
                  08007a60    00000008     mss_per4ft.oer4ft (.data:ti_sysbios_gates_GateHwi_Module__root__V)
                  08007a68    00000008     mss_per4ft.oer4ft (.data:ti_sysbios_gates_GateMutex_Module__root__V)
                  08007a70    00000008     mss_per4ft.oer4ft (.data:ti_sysbios_hal_Hwi_Object__table__V)
                  08007a78    00000008     mss_per4ft.oer4ft (.data:ti_sysbios_heaps_HeapMem_Module__root__V)
                  08007a80    00000008     mss_per4ft.oer4ft (.data:ti_sysbios_knl_Queue_Module__root__V)
                  08007a88    00000008     mss_per4ft.oer4ft (.data:ti_sysbios_knl_Semaphore_Module__root__V)
                  08007a90    00000008     mss_per4ft.oer4ft (.data:ti_sysbios_knl_Task_Module__root__V)
                  08007a98    00000008     mss_per4ft.oer4ft (.data:ti_sysbios_timers_rti_Timer_Module_State_0_handles__A)
                  08007aa0    00000008     mss_per4ft.oer4ft (.data:xdc_runtime_Registry_Module__state__V)
                  08007aa8    00000008     mss_per4ft.oer4ft (.data:xdc_runtime_Startup_Module__state__V)
                  08007ab0    00000008     mss_per4ft.oer4ft (.data:xdc_runtime_System_Module__state__V)
                  08007ab8    00000004     libpinmux_xwr16xx.aer4f : pinmux_xwr1xxx.oer4f (.data)
                  08007abc    00000004     rtsv7R4_T_le_v3D16_eabi.lib : errno.obj (.data)
                  08007ac0    00000004                                 : fopen.obj (.data)
                  08007ac4    00000004                                 : open.obj (.data)
                  08007ac8    00000004                                 : stkdepth_vars.obj (.data)
                  08007acc    00000004     mss_per4ft.oer4ft (.data:ti_sysbios_family_arm_exc_Exception_Module_State_0_excContext__A)
                  08007ad0    00000004     mss_per4ft.oer4ft (.data:ti_sysbios_family_arm_exc_Exception_Module_State_0_excStackBuffers__A)
                  08007ad4    00000004     mss_per4ft.oer4ft (.data:ti_sysbios_family_arm_exc_Exception_Module_State_0_excStack__A)
                  08007ad8    00000004     mss_per4ft.oer4ft (.data:ti_sysbios_gates_GateHwi_Object__table__V)
                  08007adc    00000004     mss_per4ft.oer4ft (.data:ti_sysbios_heaps_HeapBuf_Module__state__V)
                  08007ae0    00000004     mss_per4ft.oer4ft (.data:ti_sysbios_knl_Task_Module_State_0_idleTask__A)
                  08007ae4    00000004     mss_per4ft.oer4ft (.data:xdc_runtime_Memory_Module__state__V)
                  08007ae8    00000002     mss_per4ft.oer4ft (.data:ti_sysbios_family_arm_exc_Exception_Module_State_0_excActive__A)
                  08007aea    00000002     mss_per4ft.oer4ft (.data:xdc_runtime_Error_Module__state__V)

.MCPILogBuffer 
*          0    08003a38    00002400     UNINITIALIZED
                  08003a38    00002400     main.oer4f (.MCPILogBuffer)

MODULE SUMMARY

       Module                          code    ro data   rw data
       ------                          ----    -------   -------
    /home/gtbldadm/nightlybuilds/mmwave_sdk/ti/drivers/can/test/xwr16xx/mss_configPkg_xwr16xx/package/cfg/
       mss_per4ft.oer4ft               1634    8484      15928  
    +--+-------------------------------+-------+---------+---------+
       Total:                          1634    8484      15928  
                                                                
    obj_xwr16xx/
       main.oer4f                      8981    0         10312  
       can.oer4f                       1648    0         0      
       dcan.oer4f                      1304    0         0      
       can_xwr16xx.oer4f               0       0         16     
    +--+-------------------------------+-------+---------+---------+
       Total:                          11933   0         10328  
                                                                
    /home/gtbldadm/nightlybuilds/mmwave_sdk/scripts/jenkins/../../ti/drivers/esm/lib/libesm_xwr16xx.aer4f
       esm.oer4f                       456     0         112    
       esm_xwr1xxx.oer4f               0       0         12     
    +--+-------------------------------+-------+---------+---------+
       Total:                          456     0         124    
                                                                
    /home/gtbldadm/nightlybuilds/mmwave_sdk/scripts/jenkins/../../ti/drivers/osal/lib/libosal_xwr16xx.aer4f
       HwiP_tirtos.oer4f               222     0         0      
       MemoryP_tirtos.oer4f            28      0         0      
       DebugP_tirtos.oer4f             20      0         0      
    +--+-------------------------------+-------+---------+---------+
       Total:                          270     0         0      
                                                                
    /home/gtbldadm/nightlybuilds/mmwave_sdk/scripts/jenkins/../../ti/drivers/pinmux/lib/libpinmux_xwr16xx.aer4f
       pinmux.oer4f                    390     0         0      
       pinmux_xwr1xxx.oer4f            0       0         4      
    +--+-------------------------------+-------+---------+---------+
       Total:                          390     0         4      
                                                                
    /home/gtbldadm/nightlybuilds/mmwave_sdk/scripts/jenkins/../../ti/drivers/soc/lib/libsoc_xwr16xx.aer4f
       soc_xwr16xx_mss.oer4f           1326    0         20     
       soc.oer4f                       306     0         0      
       soc_mpu.o                       182     0         0      
    +--+-------------------------------+-------+---------+---------+
       Total:                          1814    0         20     
                                                                
    /home/gtbldadm/nightlybuilds/mmwave_sdk/scripts/jenkins/../../ti/utils/testlogger/lib/libtestlogger_xwr16xx.aer4f
       logger.oer4f                    344     0         12     
    +--+-------------------------------+-------+---------+---------+
       Total:                          344     0         12     
                                                                
    /home/gtbldadm/nightlybuilds/mmwave_sdk/ti/drivers/can/test/xwr16xx/mss_configPkg_xwr16xx/package/cfg/mss_per4ft.src/sysbios/sysbios.aer4ft
       BIOS.obj                        16405   0         0      
       exc_Exception_asm.obj           308     0         0      
       vim_Hwi_asm.obj                 208     0         0      
       arm_TaskSupport_asm.obj         176     0         0      
       vim_Hwi_asm_switch.obj          152     0         0      
       arm_IntrinsicsSupport_asm.obj   12      0         0      
       tms570_Core_asm.obj             10      0         0      
    +--+-------------------------------+-------+---------+---------+
       Total:                          17271   0         0      
                                                                
    /opt/ti/bios_6_53_02_00/packages/ti/targets/arm/rtsarm/lib/auto_init.aer4ft
       auto_init.oer4ft                160     0         0      
    +--+-------------------------------+-------+---------+---------+
       Total:                          160     0         0      
                                                                
    /opt/ti/bios_6_53_02_00/packages/ti/targets/arm/rtsarm/lib/boot.aer4ft
       boot.oer4ft                     116     0         0      
    +--+-------------------------------+-------+---------+---------+
       Total:                          116     0         0      
                                                                
    /opt/ti/ti-cgt-arm_16.9.6.LTS/lib/rtsv7R4_T_le_v3D16_eabi.lib
       _printfi.obj                    4218    0         0      
       ull_div32.obj                   696     0         0      
       fopen.obj                       456     0         4      
       defs.obj                        0       0         416    
       trgmsg.obj                      108     0         288    
       fputs.obj                       312     0         0      
       ctype.obj                       0       257       0      
       write.obj                       40      0         200    
       s_scalbn.obj                    236     0         0      
       s_ceil.obj                      220     0         0      
       setvbuf.obj                     220     0         0      
       fflush.obj                      204     0         0      
       open.obj                        188     0         4      
       _io_perm.obj                    174     0         0      
       memcpy_t2.obj                   156     0         0      
       fclose.obj                      152     0         0      
       fputc.obj                       152     0         0      
       snprintf.obj                    148     0         0      
       memset_t2.obj                   122     0         0      
       getdevice.obj                   116     0         0      
       s_frexp.obj                     116     0         0      
       printf.obj                      112     0         0      
       copy_decompress_lzss.obj        108     0         0      
       hostlseek.obj                   104     0         0      
       hostrename.obj                  104     0         0      
       fseek.obj                       100     0         0      
       hostopen.obj                    92      0         8      
       exit.obj                        80      0         12     
       hostread.obj                    92      0         0      
       close.obj                       88      0         0      
       hostwrite.obj                   88      0         0      
       ltoa.obj                        84      0         0      
       atoi.obj                        80      0         0      
       u_div32.obj                     80      0         0      
       cpy_tbl.obj                     76      0         0      
       hostclose.obj                   68      0         0      
       hostunlink.obj                  68      0         0      
       strncpy.obj                     54      0         0      
       unlink.obj                      44      0         0      
       lseek.obj                       40      0         0      
       memchr.obj                      32      0         0      
       strcat.obj                      30      0         0      
       _lock.obj                       20      0         8      
       memccpy.obj                     28      0         0      
       s_copysign.obj                  26      0         0      
       args_main.obj                   24      0         0      
       strcmp.obj                      24      0         0      
       strchr.obj                      22      0         0      
       strlen.obj                      22      0         0      
       strcpy.obj                      20      0         0      
       copy_decompress_none.obj        14      0         0      
       copy_zero_init.obj              12      0         0      
       errno.obj                       0       0         4      
       stkdepth_vars.obj               0       0         4      
       i_div0.obj                      2       0         0      
    +--+-------------------------------+-------+---------+---------+
       Total:                          9872    257       948    
                                                                
       Stack:                          0       0         4096   
       Linker Generated:               0       614       0      
    +--+-------------------------------+-------+---------+---------+
       Grand Total:                    44260   9355      31460  


LINKER GENERATED COPY TABLES

__TI_cinit_table @ 0000d478 records: 3, size/record: 8, table size: 24
	.data: load addr=0000d228, load size=00000232 bytes, run addr=08006e40, run size=00000cac bytes, compression=lzss
	.MCPILogBuffer: load addr=0000d468, load size=00000008 bytes, run addr=08003a38, run size=00002400 bytes, compression=zero_init
	.bss: load addr=0000d470, load size=00000008 bytes, run addr=08000000, run size=00003a38 bytes, compression=zero_init


LINKER GENERATED HANDLER TABLE

__TI_handler_table @ 0000d45c records: 3, size/record: 4, table size: 12
	index: 0, handler: __TI_zero_init
	index: 1, handler: __TI_decompress_lzss
	index: 2, handler: __TI_decompress_none


GLOBAL SYMBOLS: SORTED ALPHABETICALLY BY Name 

address   name                                                                 
-------   ----                                                                 
000097f5  C$$EXIT                                                              
00008ecb  C$$IO$$                                                              
0000a0b9  CAN_configBitTime                                                    
000076f1  CAN_createMsgObject                                                  
00009595  CAN_deinit                                                           
00009a7d  CAN_deleteMsgObject                                                  
00008fd5  CAN_getData                                                          
00006b6d  CAN_getOptions                                                       
00006015  CAN_init                                                             
00005cdd  CAN_setOptions                                                       
00009e5d  CAN_transmitData                                                     
00003555  DCANAppCalcBitTimeParams                                             
0000ad49  DCANClrEccDiagErrStatus                                              
0000ad5b  DCANClrEccErrStatus                                                  
00006331  DCANConfig                                                           
0000a1a3  DCANConfigIntrMux                                                    
00005f0d  DCANConfigMsgObj                                                     
0000a785  DCANEccDiagModeEnable                                                
0000a38f  DCANEccModeEnable                                                    
0000779d  DCANGetData                                                          
[...]
0000cfec  xdc_runtime_Startup_sfxnRts__A                                       
0000d002  ti_sysbios_family_arm_v7a_Pmu_Module__id__C                          
0000d004  ti_sysbios_family_arm_v7r_vim_Hwi_intReqEnaSet__A                    
0000d014  ti_sysbios_family_arm_v7r_vim_Hwi_wakeEnaSet__A                      
0000d024  ti_sysbios_knl_Idle_funcList__C                                      
0000d02c  xdc_runtime_Startup_firstFxns__A                                     
0000d034  xdc_runtime_Startup_firstFxns__C                                     
0000d03c  xdc_runtime_Startup_lastFxns__C                                      
0000d044  ti_sysbios_family_arm_TaskSupport_stackAlignment__C                  
0000d048  ti_sysbios_family_arm_exc_Exception_E_dataAbort__C                   
0000d04c  ti_sysbios_family_arm_exc_Exception_E_prefetchAbort__C               
0000d050  ti_sysbios_family_arm_exc_Exception_E_swi__C                         
0000d054  ti_sysbios_family_arm_exc_Exception_E_undefinedInstruction__C        
0000d058  ti_sysbios_family_arm_exc_Exception_excHookFuncs__A                  
0000d05c  ti_sysbios_family_arm_exc_Exception_excHookFuncs__C                  
0000d060  ti_sysbios_family_arm_v7a_Pmu_A_invalidCounterId__C                  
0000d064  ti_sysbios_family_arm_v7a_Pmu_Module__diagsEnabled__C                
0000d068  ti_sysbios_family_arm_v7a_Pmu_Module__diagsIncluded__C               
0000d06c  ti_sysbios_family_arm_v7a_Pmu_Module__diagsMask__C                   
0000d070  ti_sysbios_family_arm_v7r_tms570_Core_E_mismatchedIds__C             
0000d074  ti_sysbios_family_arm_v7r_tms570_Core_id__C                          
0000d078  ti_sysbios_family_arm_v7r_vim_Hwi_A_badChannelId__C                  
0000d07c  ti_sysbios_family_arm_v7r_vim_Hwi_E_alreadyDefined__C                
0000d080  ti_sysbios_family_arm_v7r_vim_Hwi_E_badIntNum__C                     
0000d084  ti_sysbios_family_arm_v7r_vim_Hwi_E_phantomInterrupt__C              
0000d088  ti_sysbios_family_arm_v7r_vim_Hwi_E_undefined__C                     
0000d08c  ti_sysbios_family_arm_v7r_vim_Hwi_E_unsupportedMaskingOption__C      
0000d090  ti_sysbios_family_arm_v7r_vim_Hwi_Module__diagsEnabled__C            
0000d094  ti_sysbios_family_arm_v7r_vim_Hwi_Module__diagsIncluded__C           
0000d098  ti_sysbios_family_arm_v7r_vim_Hwi_Module__diagsMask__C               
0000d09c  ti_sysbios_family_arm_v7r_vim_Hwi_NUM_INTERRUPTS__C                  
0000d0a0  ti_sysbios_family_arm_v7r_vim_Hwi_channelMap__C                      
0000d0a4  ti_sysbios_family_arm_v7r_vim_Hwi_intReqEnaSet__C                    
0000d0a8  ti_sysbios_family_arm_v7r_vim_Hwi_phantomFunc__C                     
0000d0ac  ti_sysbios_family_arm_v7r_vim_Hwi_swiDisable__C                      
0000d0b0  ti_sysbios_family_arm_v7r_vim_Hwi_swiRestoreHwi__C                   
0000d0b4  ti_sysbios_family_arm_v7r_vim_Hwi_taskDisable__C                     
0000d0b8  ti_sysbios_family_arm_v7r_vim_Hwi_taskRestoreHwi__C                  
0000d0bc  ti_sysbios_family_arm_v7r_vim_Hwi_wakeEnaSet__C                      
0000d0c0  ti_sysbios_gates_GateMutex_A_badContext__C                           
0000d0c4  ti_sysbios_gates_GateMutex_Instance_State_sem__O                     
0000d0c8  ti_sysbios_gates_GateMutex_Module__diagsEnabled__C                   
0000d0cc  ti_sysbios_gates_GateMutex_Module__diagsIncluded__C                  
0000d0d0  ti_sysbios_gates_GateMutex_Module__diagsMask__C                      
0000d0d4  ti_sysbios_hal_Hwi_E_stackOverflow__C                                
0000d0d8  ti_sysbios_heaps_HeapBuf_Instance_State_freeList__O                  
0000d0dc  ti_sysbios_heaps_HeapBuf_Object__count__C                            
0000d0e0  ti_sysbios_heaps_HeapBuf_numConstructedHeaps__C                      
0000d0e4  ti_sysbios_heaps_HeapMem_A_align__C                                  
0000d0e8  ti_sysbios_heaps_HeapMem_A_heapSize__C                               
0000d0ec  ti_sysbios_heaps_HeapMem_A_invalidFree__C                            
0000d0f0  ti_sysbios_heaps_HeapMem_A_zeroBlock__C                              
0000d0f4  ti_sysbios_heaps_HeapMem_E_memory__C                                 
0000d0f8  ti_sysbios_heaps_HeapMem_Module__diagsEnabled__C                     
0000d0fc  ti_sysbios_heaps_HeapMem_Module__diagsIncluded__C                    
0000d100  ti_sysbios_heaps_HeapMem_Module__diagsMask__C                        
0000d104  ti_sysbios_heaps_HeapMem_Module__gateObj__C                          
0000d108  ti_sysbios_heaps_HeapMem_Object__count__C                            
0000d10c  ti_sysbios_heaps_HeapMem_reqAlign__C                                 
0000d110  ti_sysbios_knl_Clock_Module_State_clockQ__O                          
0000d114  ti_sysbios_knl_Idle_funcList__A                                      
0000d118  ti_sysbios_knl_Semaphore_A_badContext__C                             
0000d11c  ti_sysbios_knl_Semaphore_A_noEvents__C                               
0000d120  ti_sysbios_knl_Semaphore_A_overflow__C                               
0000d124  ti_sysbios_knl_Semaphore_A_pendTaskDisabled__C                       
0000d128  ti_sysbios_knl_Semaphore_Instance_State_pendQ__O                     
0000d12c  ti_sysbios_knl_Semaphore_Module__diagsEnabled__C                     
0000d130  ti_sysbios_knl_Semaphore_Module__diagsIncluded__C                    
0000d134  ti_sysbios_knl_Semaphore_Module__diagsMask__C                        
0000d138  ti_sysbios_knl_Swi_Object__count__C                                  
0000d13c  ti_sysbios_knl_Task_A_badPriority__C                                 
0000d140  ti_sysbios_knl_Task_A_badTaskState__C                                
0000d144  ti_sysbios_knl_Task_A_badThreadType__C                               
0000d148  ti_sysbios_knl_Task_A_noPendElem__C                                  
0000d14c  ti_sysbios_knl_Task_E_spOutOfBounds__C                               
0000d150  ti_sysbios_knl_Task_E_stackOverflow__C                               
0000d154  ti_sysbios_knl_Task_Module_State_inactiveQ__O                        
0000d158  ti_sysbios_knl_Task_Module__diagsEnabled__C                          
0000d15c  ti_sysbios_knl_Task_Module__diagsIncluded__C                         
0000d160  ti_sysbios_knl_Task_Module__diagsMask__C                             
0000d164  ti_sysbios_knl_Task_Object__count__C                                 
0000d168  ti_sysbios_knl_Task_allBlockedFunc__C                                
0000d16c  ti_sysbios_knl_Task_defaultStackHeap__C                              
0000d170  ti_sysbios_knl_Task_defaultStackSize__C                              
0000d174  ti_sysbios_knl_Task_numConstructedTasks__C                           
0000d178  ti_sysbios_timers_rti_Timer_E_cannotSupport__C                       
0000d17c  ti_sysbios_timers_rti_Timer_Module__diagsEnabled__C                  
0000d180  ti_sysbios_timers_rti_Timer_Module__diagsIncluded__C                 
0000d184  ti_sysbios_timers_rti_Timer_Module__diagsMask__C                     
0000d188  ti_sysbios_timers_rti_Timer_numTimerDevices__C                       
0000d18c  ti_sysbios_timers_rti_Timer_startupNeeded__C                         
0000d190  xdc_runtime_Assert_E_assertFailed__C                                 
0000d194  xdc_runtime_Core_A_initializedParams__C                              
0000d198  xdc_runtime_Core_Module__diagsEnabled__C                             
0000d19c  xdc_runtime_Core_Module__diagsIncluded__C                            
0000d1a0  xdc_runtime_Core_Module__diagsMask__C                                
0000d1a4  xdc_runtime_Error_E_memory__C                                        
0000d1a8  xdc_runtime_Error_policyFxn__C                                       
0000d1ac  xdc_runtime_Error_policy__C                                          
0000d1b0  xdc_runtime_Error_raiseHook__C                                       
0000d1b4  xdc_runtime_IGateProvider_Interface__BASE__C                         
0000d1b8  xdc_runtime_IHeap_Interface__BASE__C                                 
0000d1bc  xdc_runtime_IModule_Interface__BASE__C                               
0000d1c0  xdc_runtime_Memory_defaultHeapInstance__C                            
0000d1c4  xdc_runtime_Startup_execImpl__C                                      
0000d1c8  xdc_runtime_Startup_maxPasses__C                                     
0000d1cc  xdc_runtime_Startup_sfxnRts__C                                       
0000d1d0  xdc_runtime_Startup_sfxnTab__C                                       
0000d1d4  xdc_runtime_System_Module__gateObj__C                                
0000d1d8  xdc_runtime_System_abortFxn__C                                       
0000d1dc  xdc_runtime_System_exitFxn__C                                        
0000d1e0  xdc_runtime_System_extendFxn__C                                      
0000d1e4  xdc_runtime_System_maxAtexitHandlers__C                              
0000d1e8  xdc_runtime_Text_charTab__C                                          
0000d1ec  xdc_runtime_Text_nameEmpty__C                                        
0000d1f0  xdc_runtime_Text_nameStatic__C                                       
0000d1f4  xdc_runtime_Text_nameUnknown__C                                      
0000d1f8  xdc_runtime_Text_nodeTab__C                                          
0000d1fc  xdc_runtime_Text_visitRopeFxn__C                                     
0000d200  ti_sysbios_family_arm_v7r_tms570_Core_Module__id__C                  
0000d202  ti_sysbios_family_arm_v7r_vim_Hwi_Module__id__C                      
0000d204  ti_sysbios_gates_GateMutex_Module__id__C                             
0000d206  ti_sysbios_hal_Hwi_Module__id__C                                     
0000d208  ti_sysbios_heaps_HeapMem_Module__id__C                               
0000d20a  ti_sysbios_knl_Semaphore_Module__id__C                               
0000d20c  ti_sysbios_knl_Task_Module__id__C                                    
0000d20e  ti_sysbios_timers_rti_Timer_Module__id__C                            
0000d210  ti_sysbios_timers_rti_Timer_continueOnSuspend__C                     
0000d212  xdc_runtime_Core_Module__id__C                                       
0000d214  xdc_runtime_Error_maxDepth__C                                        
0000d216  xdc_runtime_Main_Module__id__C                                       
0000d218  xdc_runtime_Memory_Module__id__C                                     
0000d21a  xdc_runtime_Text_charCnt__C                                          
0000d21c  xdc_runtime_Text_isLoaded__C                                         
0000d21e  xdc_runtime_Text_registryModsLastId__C                               
0000d220  xdc_runtime_Text_unnamedModsLastId__C                                
0000d45c  __TI_Handler_Table_Base                                              
0000d468  __TI_Handler_Table_Limit                                             
0000d478  __TI_CINIT_Base                                                      
0000d490  __TI_CINIT_Limit                                                     
08000000  ti_sysbios_heaps_HeapMem_Instance_State_0_buf__A                     
08002000  ti_sysbios_family_arm_exc_Exception_Module_State_0_excStack_0__A     
08003000  ti_sysbios_knl_Task_Instance_State_0_stack__A                        
08003400  ti_sysbios_family_arm_v7r_vim_Hwi_Module_State_0_fiqStack__A         
08003800  __CIOBUF_                                                            
08003920  __TI_tmpnams                                                         
080039c0  gEsmMCB                                                              
08003a30  parmbuf                                                              
08003a38  MCPI_logMessage                                                      
08005e40  __stack                                                              
08006e40  __STACK_END                                                          
08006e40  iterationCount                                                       
08006e44  dataLength                                                           
08006e48  msgLstErrCnt                                                         
08006e4c  dataMissMatchErrCnt                                                  
08006e50  minRxTicks                                                           
08006e54  maxRxTicks                                                           
08006e58  minTxTicks                                                           
08006e5c  maxTxTicks                                                           
08006e60  totalTxTicks                                                         
08006e64  totalRxTicks                                                         
08006e68  gDisplayStats                                                        
08006e6c  appDcanTxData                                                        
08006e7c  appDcanRxData                                                        
08006e8c  appDcanBitTimeParams                                                 
08006ea0  appDcanTxCfgParams                                                   
08006ed0  appDcanRxCfgParams                                                   
08006f00  appDcanCfgParams                                                     
08006f48  rxTicks                                                              
080070d8  txTicks                                                              
08007268  ti_sysbios_family_arm_v7r_vim_Hwi_Module_State_0_dispatchTable__A    
08007468  _ftable                                                              
08007558  ti_sysbios_knl_Swi_Module_State_0_readyQ__A                          
080075d8  ti_sysbios_knl_Task_Module_State_0_readyQ__A                         
08007658  _device                                                              
080076d0  _stream                                                              
08007720  ti_sysbios_knl_Task_Object__table__V                                 
0800776c  ti_sysbios_knl_Task_Module__state__V                                 
080077b0  ti_sysbios_gates_GateMutex_Object__table__V                          
080077f0  ti_sysbios_timers_rti_Timer_Object__table__V                         
0800782c  ti_sysbios_family_arm_v7r_vim_Hwi_Module__state__V                   
08007860  ti_sysbios_knl_Swi_Object__table__V                                  
08007890  ti_sysbios_family_arm_v7r_vim_Hwi_Object__table__V                   
080078bc  ti_sysbios_knl_Clock_Module__state__V                                
080078e8  ti_sysbios_BIOS_Module__state__V                                     
0800790c  gMCPILogMessageSize                                                  
08007910  testSelection                                                        
08007914  gTxDoneFlag                                                          
08007918  gRxDoneFlag                                                          
0800791c  gParityErrFlag                                                       
08007920  gTxPkts                                                              
08007924  gRxPkts                                                              
08007928  gErrStatusInt                                                        
0800792c  xdc_runtime_Error_IgnoreBlock                                        
0800794c  xdc_runtime_System_Module_State_0_atexitHandlers__A                  
0800796c  ti_sysbios_knl_Swi_Module__state__V                                  
08007988  ti_sysbios_heaps_HeapMem_Object__table__V                            
080079a0  ti_sysbios_timers_rti_Timer_Module_State_0_device__A                 
080079b8  gSOCHwAttrib                                                         
080079cc  ti_sysbios_family_arm_exc_Exception_Module__state__V                 
080079e0  gCanHwCfg                                                            
080079f0  __TI_ft_end                                                          
080079f4  __aeabi_stdin                                                        
080079f8  __aeabi_stdout                                                       
080079fc  __aeabi_stderr                                                       
08007a00  ti_sysbios_timers_rti_Timer_Module_State_0_intFreqs__A               
08007a10  ti_sysbios_timers_rti_Timer_Module__state__V                         
08007a20  MCPI_Result                                                          
08007a24  MCPI_FailSignature                                                   
08007a2c  __TI_cleanup_ptr                                                     
08007a30  __TI_dtors_ptr                                                       
08007a34  __TI_enable_exit_profile_output                                      
08007a38  gESMHwCfgAttrs                                                       
08007a44  ti_sysbios_family_arm_v7a_Pmu_Module__state__V                       
08007a50  _lock                                                                
08007a54  _unlock                                                              
08007a58  ti_sysbios_family_arm_v7r_vim_Hwi_Module__root__V                    
08007a60  ti_sysbios_gates_GateHwi_Module__root__V                             
08007a68  ti_sysbios_gates_GateMutex_Module__root__V                           
08007a70  ti_sysbios_hal_Hwi_Object__table__V                                  
08007a78  ti_sysbios_heaps_HeapMem_Module__root__V                             
08007a80  ti_sysbios_knl_Queue_Module__root__V                                 
08007a88  ti_sysbios_knl_Semaphore_Module__root__V                             
08007a90  ti_sysbios_knl_Task_Module__root__V                                  
08007a98  ti_sysbios_timers_rti_Timer_Module_State_0_handles__A                
08007aa0  xdc_runtime_Registry_Module__state__V                                
08007aa8  xdc_runtime_Startup_Module__state__V                                 
08007ab0  xdc_runtime_System_Module__state__V                                  
08007ab8  gPinmuxRegs                                                          
08007abc  errno                                                                
08007ac8  main_func_sp                                                         
08007acc  ti_sysbios_family_arm_exc_Exception_Module_State_0_excContext__A     
08007ad0  ti_sysbios_family_arm_exc_Exception_Module_State_0_excStackBuffers__A
08007ad4  ti_sysbios_family_arm_exc_Exception_Module_State_0_excStack__A       
08007ad8  ti_sysbios_gates_GateHwi_Object__table__V                            
08007adc  ti_sysbios_heaps_HeapBuf_Module__state__V                            
08007ae0  ti_sysbios_knl_Task_Module_State_0_idleTask__A                       
08007ae4  xdc_runtime_Memory_Module__state__V                                  
08007ae8  ti_sysbios_family_arm_exc_Exception_Module_State_0_excActive__A      
08007aea  xdc_runtime_Error_Module__state__V                                   
fffffdec  ti_sysbios_family_arm_v7r_vim_Hwi_vim                                
ffffffff  __TI_pprof_out_hndl                                                  
ffffffff  __TI_prof_data_size                                                  
ffffffff  __TI_prof_data_start                                                 
ffffffff  __binit__                                                            
ffffffff  __c_args__                                                           
ffffffff  binit                                                                
UNDEFED   SHT$$INIT_ARRAY$$Base                                                
UNDEFED   SHT$$INIT_ARRAY$$Limit                                               

[684 symbols]
