******************************************************************************
                  TI ARM Linker Unix v16.9.6                   
******************************************************************************
>> Linked Thu Apr 26 15:56:27 2018

OUTPUT FILE NAME:   <test/xwr16xx/xwr16xx_qspi_mss.xer4f>
ENTRY POINT SYMBOL: "_c_int00"  address: 00006b24


MEMORY CONFIGURATION

         name            origin    length      used     unused   attr    fill
----------------------  --------  ---------  --------  --------  ----  --------
  VECTORS               00000000   00000100  0000003c  000000c4     X
  PROG_RAM              00000100   0003ff00  0000aef2  0003500e  R  X
  DATA_RAM              08000000   00030000  0000fea8  00020158  RW  
  L3_RAM                51000000   000c0000  00000000  000c0000  RW  
  HS_RAM                52080000   00008000  00000000  00008000  RW  


SEGMENT ALLOCATION MAP

run origin  load origin   length   init length attrs members
----------  ----------- ---------- ----------- ----- -------
00000000    00000000    0000003c   0000003c    r--
  00000000    00000000    0000003c   0000003c    r-- .vecs
00000100    00000100    0000aef8   0000aef8    r-x
  00000100    00000100    000089d2   000089d2    r-x .text
  00008ad8    00008ad8    000022b0   000022b0    r-- .const
  0000ad88    0000ad88    00000270   00000270    r-- .cinit
08000000    08000000    0000e638   00000000    rw-
  08000000    08000000    0000a000   00000000    rw- systemHeap
  0800a000    0800a000    00002400   00000000    rw- .MCPILogBuffer
  0800c400    0800c400    00002238   00000000    rw- .bss
0800e640    0800e640    00001870   00000000    rw-
  0800e640    0800e640    00001000   00000000    rw- .stack
  0800f640    0800f640    00000870   00000000    rw- .data


SECTION ALLOCATION MAP

 output                                  attributes/
section   page    origin      length       input sections
--------  ----  ----------  ----------   ----------------
.vecs      0    00000000    0000003c     
                  00000000    0000003c     mss_per4ft.oer4ft (.vecs)

xdc.meta   0    00000000    00000105     COPY SECTION
                  00000000    00000105     mss_per4ft.oer4ft (xdc.meta)

.text      0    00000100    000089d2     
                  00000100    0000107a     rtsv7R4_T_le_v3D16_eabi.lib : _printfi.obj (.text)
                  0000117a    00000006     libosal_xwr16xx.aer4f : HwiP_tirtos.oer4f (.text:HwiP_restore)
                  00001180    000004d9     sysbios.aer4ft : BIOS.obj (.text:xdc_runtime_System_doPrint__I)
                  00001659    00000001     --HOLE-- [fill = 0]
                  0000165a    00000002     qspi.oer4f (.text:QSPI_init)
                  0000165c    00000490     main.oer4f (.text:Test_initTask)
                  00001aec    00000004     libosal_xwr16xx.aer4f : HwiP_tirtos.oer4f (.text:HwiP_disableInterrupt)
                  00001af0    00000304     sysbios.aer4ft : BIOS.obj (.text:ti_sysbios_knl_Semaphore_pend__E)
                  00001df4    000002b8     rtsv7R4_T_le_v3D16_eabi.lib : ull_div32.obj (.text)
                  000020ac    00000004     mss_per4ft.oer4ft (.text:ti_sysbios_BIOS_RtsGateProxy_enter__E)
                  000020b0    000002a0     sysbios.aer4ft : BIOS.obj (.text:ti_sysbios_heaps_HeapMem_freeUnprotected__E)
                  00002350    00000284     libsoc_xwr16xx.aer4f : soc_xwr16xx_mss.oer4f (.text:SOC_deviceInit)
                  000025d4    0000000c     sysbios.aer4ft : arm_IntrinsicsSupport_asm.obj (.text:_ti_sysbios_family_arm_IntrinsicsSupport_maxbitA)
                  000025e0    00000280                    : BIOS.obj (.text:ti_sysbios_family_arm_exc_Exception_excDumpContext__I)
                  00002860    00000264                    : BIOS.obj (.text:ti_sysbios_knl_Task_Instance_finalize__E)
                  00002ac4    0000000c     rtsv7R4_T_le_v3D16_eabi.lib : copy_zero_init.obj (.text:decompress:ZI)
                  00002ad0    00000228     sysbios.aer4ft : BIOS.obj (.text:ti_sysbios_heaps_HeapMem_allocUnprotected__E)
                  00002cf8    00000008     libosal_xwr16xx.aer4f : HwiP_tirtos.oer4f (.text:HwiP_disable)
                  00002d00    000001e4     sysbios.aer4ft : BIOS.obj (.text:ti_sysbios_family_arm_v7r_vim_Hwi_dispatchIRQC__I)
                  00002ee4    0000000c     mss_per4ft.oer4ft (.text:ti_sysbios_knl_Queue_Object__get__S)
                  00002ef0    000001e4     sysbios.aer4ft : BIOS.obj (.text:ti_sysbios_timers_rti_Timer_Module_startup__E)
                  000030d4    000001d4     mss_per4ft.oer4ft (.text:xdc_runtime_System_printfExtend__I)
                  000032a8    00000004     mss_per4ft.oer4ft (.text:ti_sysbios_BIOS_RtsGateProxy_leave__E)
                  000032ac    00000004     mss_per4ft.oer4ft (.text:ti_sysbios_family_arm_TaskSupport_Module__startupDone__S)
                  000032b0    000001cc     sysbios.aer4ft : BIOS.obj (.text:ti_sysbios_knl_Task_Module_startup__E)
                  0000347c    000001c8     rtsv7R4_T_le_v3D16_eabi.lib : fopen.obj (.text)
                  00003644    0000000a     libosal_xwr16xx.aer4f : MemoryP_tirtos.oer4f (.text:MemoryP_ctrlFree)
                  0000364e    00000002     rtsv7R4_T_le_v3D16_eabi.lib : i_div0.obj (.text)
                  00003650    000001bc     sysbios.aer4ft : BIOS.obj (.text:ti_sysbios_knl_Task_Instance_init__E)
                  0000380c    00000004     mss_per4ft.oer4ft (.text:ti_sysbios_heaps_HeapMem_Module_GateProxy_enter__E)
                  00003810    00000198     sysbios.aer4ft : BIOS.obj (.text:xdc_runtime_Error_policyDefault__E)
                  000039a8    00000004     mss_per4ft.oer4ft (.text:ti_sysbios_heaps_HeapMem_Module_GateProxy_leave__E)
                  000039ac    00000004     mss_per4ft.oer4ft (.text:ti_sysbios_knl_Clock_TimerProxy_getMaxTicks__E)
                  000039b0    0000017c     sysbios.aer4ft : BIOS.obj (.text:ti_sysbios_family_arm_exc_Exception_excHandler__I)
                  00003b2c    00000168     qspi.oer4f (.text:QSPI_open)
                  00003c94    0000000a     sysbios.aer4ft : tms570_Core_asm.obj (.text:ti_sysbios_family_arm_v7r_tms570_Core_getId__E)
                  00003c9e    00000002     mss_per4ft.oer4ft (.text:ti_sysbios_BIOS_nullFunc__I)
                  00003ca0    00000160     sysbios.aer4ft : BIOS.obj (.text:ti_sysbios_family_arm_v7r_vim_Hwi_reconfig__E)
                  00003e00    00000148     main.oer4f (.text:main)
                  00003f48    00000004     mss_per4ft.oer4ft (.text:xdc_runtime_System_Module_GateProxy_enter__E)
                  00003f4c    00000004     mss_per4ft.oer4ft (.text:xdc_runtime_System_Module_GateProxy_leave__E)
                  00003f50    00000148     sysbios.aer4ft : BIOS.obj (.text:ti_sysbios_knl_Semaphore_post__E)
                  00004098    00000002     mss_per4ft.oer4ft (.text:xdc_runtime_Startup_reset__I)
                  0000409a    00000006     --HOLE-- [fill = 0]
                  000040a0    00000140     sysbios.aer4ft : BIOS.obj (.text:ti_sysbios_heaps_HeapMem_Instance_init__E)
                  000041e0    00000138     rtsv7R4_T_le_v3D16_eabi.lib : fputs.obj (.text)
                  00004318    00000008     --HOLE-- [fill = 0]
                  00004320    00000138     sysbios.aer4ft : BIOS.obj (.text:ti_sysbios_knl_Clock_workFunc__E)
                  00004458    00000008     --HOLE-- [fill = 0]
                  00004460    00000138                    : BIOS.obj (.text:xdc_runtime_Core_createObject__I)
                  00004598    00000008     --HOLE-- [fill = 0]
                  000045a0    00000134                    : BIOS.obj (.text:xdc_runtime_Startup_startMods__I)
                  000046d4    00000120     libtestlogger_xwr16xx.aer4f : logger.oer4f (.text:MCPI_setFeatureTestResult)
                  000047f4    0000000a     mss_per4ft.oer4ft (.text:xdc_runtime_IHeap_alloc)
                  000047fe    00000002     --HOLE-- [fill = 0]
                  00004800    00000118     sysbios.aer4ft : BIOS.obj (.text:ti_sysbios_family_arm_v7r_vim_Hwi_Instance_init__E)
                  00004918    00000114     libsoc_xwr16xx.aer4f : soc_xwr16xx_mss.oer4f (.text:SOC_setPeripheralClock)
                  00004a2c    00000004     --HOLE-- [fill = 0]
                  00004a30    00000114     sysbios.aer4ft : BIOS.obj (.text:ti_sysbios_knl_Swi_run__I)
                  00004b44    0000000a     mss_per4ft.oer4ft (.text:xdc_runtime_IHeap_free)
                  00004b4e    00000002     --HOLE-- [fill = 0]
                  00004b50    00000104     sysbios.aer4ft : BIOS.obj (.text:ti_sysbios_timers_rti_Timer_getFreq__E)
                  00004c54    0000000c     --HOLE-- [fill = 0]
                  00004c60    00000100                    : BIOS.obj (.text:xdc_runtime_Core_constructObject__I)
                  00004d60    000000f0                    : BIOS.obj (.text:ti_sysbios_family_arm_v7r_vim_Hwi_Module_startup__E)
                  00004e50    000000ec     rtsv7R4_T_le_v3D16_eabi.lib : s_scalbn.obj (.text)
                  00004f3c    00000004     --HOLE-- [fill = 0]
                  00004f40    000000ec     sysbios.aer4ft : BIOS.obj (.text:ti_sysbios_heaps_HeapBuf_Module_startup__E)
                  0000502c    000000dc     rtsv7R4_T_le_v3D16_eabi.lib : setvbuf.obj (.text)
                  00005108    00000008     --HOLE-- [fill = 0]
                  00005110    000000d4     sysbios.aer4ft : BIOS.obj (.text:ti_sysbios_knl_Task_schedule__I)
                  000051e4    000000d0                    : exc_Exception_asm.obj (.text:ti_sysbios_family_arm_exc_Exception_excHandlerAsm__I)
                  000052b4    0000000c     --HOLE-- [fill = 0]
                  000052c0    000000d0                    : BIOS.obj (.text:ti_sysbios_knl_Task_exit__E)
                  00005390    000000cc     rtsv7R4_T_le_v3D16_eabi.lib : fflush.obj (.text)
                  0000545c    00000004     --HOLE-- [fill = 0]
                  00005460    000000cc     sysbios.aer4ft : BIOS.obj (.text:ti_sysbios_knl_Task_checkStacks__E)
                  0000552c    00000004     --HOLE-- [fill = 0]
                  00005530    000000c0                    : BIOS.obj (.text:ti_sysbios_timers_rti_Timer_startup__E)
                  000055f0    000000bc     rtsv7R4_T_le_v3D16_eabi.lib : open.obj (.text)
                  000056ac    00000004     --HOLE-- [fill = 0]
                  000056b0    000000b8     sysbios.aer4ft : BIOS.obj (.text:ti_sysbios_knl_Task_postInit__I)
                  00005768    000000b6     libsoc_xwr16xx.aer4f : soc_mpu.o (.text)
                  0000581e    00000002     --HOLE-- [fill = 0]
                  00005820    000000b4     sysbios.aer4ft : BIOS.obj (.text:ti_sysbios_gates_GateMutex_enter__E)
                  000058d4    0000000c     --HOLE-- [fill = 0]
                  000058e0    000000b4                    : BIOS.obj (.text:ti_sysbios_knl_Task_startCore__E)
                  00005994    0000000c     --HOLE-- [fill = 0]
                  000059a0    000000b0                    : BIOS.obj (.text:xdc_runtime_Text_putMod__E)
                  00005a50    000000ae     rtsv7R4_T_le_v3D16_eabi.lib : _io_perm.obj (.text)
                  00005afe    00000002     --HOLE-- [fill = 0]
                  00005b00    000000ac     libesm_xwr16xx.aer4f : esm.oer4f (.text:ESM_processInterrupt)
                  00005bac    000000a4                          : esm.oer4f (.text:ESM_init)
                  00005c50    000000a4     libsoc_xwr16xx.aer4f : soc_xwr16xx_mss.oer4f (.text:SOC_unhaltDSS)
                  00005cf4    0000000c     --HOLE-- [fill = 0]
                  00005d00    000000a4     sysbios.aer4ft : BIOS.obj (.text:ti_sysbios_knl_Swi_post__E)
                  00005da4    000000a0     auto_init.aer4ft : auto_init.oer4ft (.text)
                  00005e44    0000000c     --HOLE-- [fill = 0]
                  00005e50    0000009e     sysbios.aer4ft : BIOS.obj (.text:xdc_runtime_Text_putSite__E)
                  00005eee    0000009c     rtsv7R4_T_le_v3D16_eabi.lib : memcpy_t2.obj (.text)
                  00005f8a    00000006     --HOLE-- [fill = 0]
                  00005f90    0000009c     sysbios.aer4ft : BIOS.obj (.text:ti_sysbios_family_arm_v7r_vim_Hwi_initIntController__I)
                  0000602c    00000004     --HOLE-- [fill = 0]
                  00006030    0000009c                    : BIOS.obj (.text:ti_sysbios_family_arm_v7r_vim_Hwi_mapChannel__I)
                  000060cc    00000004     --HOLE-- [fill = 0]
                  000060d0    0000009c                    : BIOS.obj (.text:ti_sysbios_knl_Semaphore_Instance_init__E)
                  0000616c    00000004     --HOLE-- [fill = 0]
                  00006170    0000009c                    : BIOS.obj (.text:ti_sysbios_knl_Task_blockI__E)
                  0000620c    00000098     rtsv7R4_T_le_v3D16_eabi.lib : fclose.obj (.text)
                  000062a4    00000098                                 : fputc.obj (.text)
                  0000633c    00000098     sysbios.aer4ft : vim_Hwi_asm_switch.obj (.text)
                  000063d4    00000094     rtsv7R4_T_le_v3D16_eabi.lib : snprintf.obj (.text)
                  00006468    00000094     sysbios.aer4ft : vim_Hwi_asm.obj (.text:ti_sysbios_family_arm_v7r_vim_Hwi_dispatchIRQ__I)
                  000064fc    00000004     --HOLE-- [fill = 0]
                  00006500    0000008c                    : BIOS.obj (.text:ti_sysbios_family_arm_v7r_vim_Hwi_Instance_finalize__E)
                  0000658c    00000004     --HOLE-- [fill = 0]
                  00006590    0000008c                    : BIOS.obj (.text:ti_sysbios_knl_Task_unblockI__E)
                  0000661c    00000004     --HOLE-- [fill = 0]
                  00006620    0000008c                    : BIOS.obj (.text:xdc_runtime_Memory_alloc__E)
                  000066ac    00000004     --HOLE-- [fill = 0]
                  000066b0    00000085                    : BIOS.obj (.text:xdc_runtime_System_formatNum__I)
                  00006735    0000000b     --HOLE-- [fill = 0]
                  00006740    00000080                    : BIOS.obj (.text:ti_sysbios_timers_rti_Timer_initDevice__I)
                  000067c0    00000080                    : BIOS.obj (.text:xdc_runtime_Text_visitRope2__I)
                  00006840    0000007e     libosal_xwr16xx.aer4f : HwiP_tirtos.oer4f (.text:HwiP_create)
                  000068be    00000002     --HOLE-- [fill = 0]
                  000068c0    0000007c     sysbios.aer4ft : arm_TaskSupport_asm.obj (.text:_ti_sysbios_family_arm_TaskSupport_buildTaskStack)
                  0000693c    00000004     --HOLE-- [fill = 0]
                  00006940    0000007c                    : BIOS.obj (.text:xdc_runtime_Core_deleteObject__I)
                  000069bc    0000007a     rtsv7R4_T_le_v3D16_eabi.lib : memset_t2.obj (.text)
                  00006a36    00000002     --HOLE-- [fill = 0]
                  00006a38    00000078     qspi.oer4f (.text:QSPI_cfgRead)
                  00006ab0    00000074     libsoc_xwr16xx.aer4f : soc.oer4f (.text:SOC_init)
                  00006b24    00000074     boot.aer4ft : boot.oer4ft (.text)
                  00006b98    00000074     rtsv7R4_T_le_v3D16_eabi.lib : getdevice.obj (.text)
                  00006c0c    00000074                                 : s_frexp.obj (.text)
                  00006c80    00000070                                 : printf.obj (.text)
                  00006cf0    00000070     sysbios.aer4ft : BIOS.obj (.text:xdc_runtime_Error_print__E)
                  00006d60    0000006c     rtsv7R4_T_le_v3D16_eabi.lib : copy_decompress_lzss.obj (.text:decompress:lzss)
                  00006dcc    0000006c                                 : trgmsg.obj (.text)
                  00006e38    00000068                                 : hostlseek.obj (.text)
                  00006ea0    00000068                                 : hostrename.obj (.text)
                  00006f08    00000064     qspi.oer4f (.text:QSPI_close)
                  00006f6c    00000064     rtsv7R4_T_le_v3D16_eabi.lib : fseek.obj (.text)
                  00006fd0    00000064     sysbios.aer4ft : exc_Exception_asm.obj (.text:ti_sysbios_family_arm_exc_Exception_initCore0__I)
                  00007034    0000000c     --HOLE-- [fill = 0]
                  00007040    00000064                    : BIOS.obj (.text:ti_sysbios_family_arm_v7r_vim_Hwi_phantomIntHandler__I)
                  000070a4    0000000c     --HOLE-- [fill = 0]
                  000070b0    00000064                    : BIOS.obj (.text:ti_sysbios_knl_Swi_schedule__I)
                  00007114    0000000c     --HOLE-- [fill = 0]
                  00007120    00000064                    : BIOS.obj (.text:xdc_runtime_Startup_exec__E)
                  00007184    0000000c     --HOLE-- [fill = 0]
                  00007190    00000060                    : BIOS.obj (.text:ti_sysbios_heaps_HeapMem_alloc__E)
                  000071f0    00000060                    : BIOS.obj (.text:ti_sysbios_knl_Clock_logTick__E)
                  00007250    0000005c     rtsv7R4_T_le_v3D16_eabi.lib : hostopen.obj (.text)
                  000072ac    0000005c                                 : hostread.obj (.text)
                  00007308    00000008     --HOLE-- [fill = 0]
                  00007310    0000005c     sysbios.aer4ft : BIOS.obj (.text:xdc_runtime_Assert_raise__I)
                  0000736c    00000004     --HOLE-- [fill = 0]
                  00007370    0000005b                    : BIOS.obj (.text:xdc_runtime_Text_putLab__E)
                  000073cb    00000001     --HOLE-- [fill = 0]
                  000073cc    00000058     libesm_xwr16xx.aer4f : esm.oer4f (.text:ESM_highpriority_FIQ)
                  00007424    00000058     rtsv7R4_T_le_v3D16_eabi.lib : close.obj (.text)
                  0000747c    00000058                                 : hostwrite.obj (.text)
                  000074d4    0000000c     --HOLE-- [fill = 0]
                  000074e0    00000058     sysbios.aer4ft : BIOS.obj (.text:ti_sysbios_knl_Swi_restoreHwi__E)
                  00007538    00000054     rtsv7R4_T_le_v3D16_eabi.lib : ltoa.obj (.text)
                  0000758c    00000054     mss_per4ft.oer4ft (.text:ti_sysbios_family_arm_v7r_vim_Hwi_create)
                  000075e0    00000054     sysbios.aer4ft : BIOS.obj (.text:ti_sysbios_heaps_HeapMem_getStats__E)
                  00007634    0000000c     --HOLE-- [fill = 0]
                  00007640    00000054                    : BIOS.obj (.text:ti_sysbios_knl_Swi_runLoop__I)
                  00007694    0000000c     --HOLE-- [fill = 0]
                  000076a0    00000054                    : BIOS.obj (.text:xdc_runtime_Core_assignLabel__I)
                  000076f4    00000050     rtsv7R4_T_le_v3D16_eabi.lib : atoi.obj (.text)
                  00007744    00000050                                 : exit.obj (.text)
                  00007794    00000050                                 : u_div32.obj (.text)
                  000077e4    0000000c     --HOLE-- [fill = 0]
                  000077f0    00000050     sysbios.aer4ft : BIOS.obj (.text:xdc_runtime_System_exit__E)
                  00007840    0000004c     rtsv7R4_T_le_v3D16_eabi.lib : cpy_tbl.obj (.text)
                  0000788c    00000004     --HOLE-- [fill = 0]
                  00007890    0000004c     sysbios.aer4ft : BIOS.obj (.text:ti_sysbios_family_arm_v7r_vim_Hwi_getStackInfo__E)
                  000078dc    00000004     --HOLE-- [fill = 0]
                  000078e0    0000004c                    : BIOS.obj (.text:ti_sysbios_knl_Swi_startup__E)
                  0000792c    0000004c     mss_per4ft.oer4ft (.text:ti_sysbios_knl_Task_create)
                  00007978    00000008     --HOLE-- [fill = 0]
                  00007980    0000004a     sysbios.aer4ft : BIOS.obj (.text:xdc_runtime_Text_xprintf__I)
                  000079ca    00000006     --HOLE-- [fill = 0]
                  000079d0    00000048                    : BIOS.obj (.text:xdc_runtime_Core_assignParams__I)
                  00007a18    00000044     rtsv7R4_T_le_v3D16_eabi.lib : hostclose.obj (.text)
                  00007a5c    00000044                                 : hostunlink.obj (.text)
                  00007aa0    00000044     sysbios.aer4ft : BIOS.obj (.text:ti_sysbios_family_arm_v7r_tms570_Core_Module_startup__E)
                  00007ae4    0000000c     --HOLE-- [fill = 0]
                  00007af0    00000044                    : BIOS.obj (.text:ti_sysbios_knl_Task_allBlockedFunction__I)
                  00007b34    0000000c     --HOLE-- [fill = 0]
                  00007b40    00000044                    : BIOS.obj (.text:xdc_runtime_System_atexit__E)
                  00007b84    0000000c     --HOLE-- [fill = 0]
                  00007b90    00000040                    : BIOS.obj (.text:ti_sysbios_timers_rti_Timer_stop__E)
                  00007bd0    0000003e     libsoc_xwr16xx.aer4f : soc.oer4f (.text:CSL_FINSR)
                  00007c0e    0000003e                          : soc_xwr16xx_mss.oer4f (.text:CSL_FINSR)
                  00007c4c    0000003e     qspi.oer4f (.text:CSL_FINSR)
                  00007c8a    00000002     --HOLE-- [fill = 0]
                  00007c8c    0000003c     libsoc_xwr16xx.aer4f : soc.oer4f (.text:SOC_unhaltBSS)
                  00007cc8    0000003c     sysbios.aer4ft : vim_Hwi_asm.obj (.text:ti_sysbios_family_arm_v7r_vim_Hwi_init__I)
                  00007d04    0000000c     --HOLE-- [fill = 0]
                  00007d10    0000003c                    : BIOS.obj (.text:ti_sysbios_hal_Hwi_checkStack)
                  00007d4c    00000004     --HOLE-- [fill = 0]
                  00007d50    0000003c                    : BIOS.obj (.text:ti_sysbios_heaps_HeapMem_init__I)
                  00007d8c    00000036     rtsv7R4_T_le_v3D16_eabi.lib : strncpy.obj (.text)
                  00007dc2    0000000e                                 : copy_decompress_none.obj (.text:decompress:none)
                  00007dd0    00000033     sysbios.aer4ft : BIOS.obj (.text:xdc_runtime_Text_printVisFxn__I)
                  00007e03    0000000d     --HOLE-- [fill = 0]
                  00007e10    00000032                    : BIOS.obj (.text:ti_sysbios_hal_Hwi_initStack)
                  00007e42    00000002     --HOLE-- [fill = 0]
                  00007e44    00000030     mss_per4ft.oer4ft (.text:ti_sysbios_BIOS_atExitFunc__I)
                  00007e74    00000030     mss_per4ft.oer4ft (.text:ti_sysbios_BIOS_startFunc__I)
                  00007ea4    0000000c     --HOLE-- [fill = 0]
                  00007eb0    00000030     sysbios.aer4ft : BIOS.obj (.text:ti_sysbios_family_arm_TaskSupport_start__E)
                  00007ee0    00000030     mss_per4ft.oer4ft (.text:ti_sysbios_gates_GateHwi_Object__create__S)
                  00007f10    00000030     mss_per4ft.oer4ft (.text:ti_sysbios_gates_GateMutex_Object__create__S)
                  00007f40    00000030     mss_per4ft.oer4ft (.text:ti_sysbios_heaps_HeapMem_Object__create__S)
                  00007f70    00000030     sysbios.aer4ft : BIOS.obj (.text:ti_sysbios_heaps_HeapMem_free__E)
                  00007fa0    00000030     mss_per4ft.oer4ft (.text:ti_sysbios_knl_Semaphore_construct)
                  00007fd0    0000002e     sysbios.aer4ft : BIOS.obj (.text:ti_sysbios_knl_Semaphore_pendTimeout__I)
                  00007ffe    0000002e     mss_per4ft.oer4ft (.text:ti_sysbios_rts_gnu_MemAlloc_alloc)
                  0000802c    0000002c     libsoc_xwr16xx.aer4f : soc_xwr16xx_mss.oer4f (.text:SOC_waitBSSPowerUp)
                  00008058    0000002c     rtsv7R4_T_le_v3D16_eabi.lib : unlink.obj (.text)
                  00008084    0000002c     mss_per4ft.oer4ft (.text:ti_sysbios_knl_Clock_doTick__I)
                  000080b0    0000002c     mss_per4ft.oer4ft (.text:ti_sysbios_knl_Queue_construct)
                  000080dc    00000004     --HOLE-- [fill = 0]
                  000080e0    0000002c     sysbios.aer4ft : BIOS.obj (.text:ti_sysbios_knl_Swi_Module_startup__E)
                  0000810c    00000004     --HOLE-- [fill = 0]
                  00008110    0000002c                    : BIOS.obj (.text:ti_sysbios_timers_rti_Timer_periodicStub__E)
                  0000813c    0000002a     libsoc_xwr16xx.aer4f : soc.oer4f (.text:SOC_SystemISR)
                  00008166    00000002     --HOLE-- [fill = 0]
                  00008168    00000028     rtsv7R4_T_le_v3D16_eabi.lib : lseek.obj (.text)
                  00008190    00000028                                 : write.obj (.text)
                  000081b8    00000008     --HOLE-- [fill = 0]
                  000081c0    00000028     sysbios.aer4ft : BIOS.obj (.text:ti_sysbios_knl_Idle_run__E)
                  000081e8    00000008     --HOLE-- [fill = 0]
                  000081f0    00000028                    : BIOS.obj (.text:xdc_runtime_SysStd_abort__E)
                  00008218    00000008     --HOLE-- [fill = 0]
                  00008220    00000028                    : BIOS.obj (.text:xdc_runtime_System_aprintf_va__F)
                  00008248    00000008     --HOLE-- [fill = 0]
                  00008250    00000026                    : BIOS.obj (.text:xdc_runtime_System_printf_va__F)
                  00008276    00000002     --HOLE-- [fill = 0]
                  00008278    00000024     libtestlogger_xwr16xx.aer4f : logger.oer4f (.text:MCPI_Initialize)
                  0000829c    00000024     mss_per4ft.oer4ft (.text:ti_sysbios_BIOS_errorRaiseHook__I)
                  000082c0    00000024     mss_per4ft.oer4ft (.text:ti_sysbios_BIOS_registerRTSLock__I)
                  000082e4    00000024     mss_per4ft.oer4ft (.text:ti_sysbios_BIOS_removeRTSLock__I)
                  00008308    00000024     mss_per4ft.oer4ft (.text:ti_sysbios_gates_GateMutex_Object__delete__S)
                  0000832c    00000004     --HOLE-- [fill = 0]
                  00008330    00000024     sysbios.aer4ft : BIOS.obj (.text:ti_sysbios_knl_Task_restoreHwi__E)
                  00008354    00000020     libesm_xwr16xx.aer4f : esm.oer4f (.text:ESM_lowpriority_IRQ)
                  00008374    00000020     rtsv7R4_T_le_v3D16_eabi.lib : memchr.obj (.text)
                  00008394    0000000c     --HOLE-- [fill = 0]
                  000083a0    00000020     sysbios.aer4ft : BIOS.obj (.text:ti_sysbios_family_arm_v7a_Pmu_Module_startup__E)
                  000083c0    00000020                    : BIOS.obj (.text:ti_sysbios_family_arm_v7r_vim_Hwi_disableInterrupt__E)
                  000083e0    00000020                    : BIOS.obj (.text:ti_sysbios_family_arm_v7r_vim_Hwi_enableInterrupt__E)
                  00008400    00000020     mss_per4ft.oer4ft (.text:ti_sysbios_gates_GateHwi_Object__delete__S)
                  00008420    00000020     mss_per4ft.oer4ft (.text:ti_sysbios_heaps_HeapMem_Object__delete__S)
                  00008440    00000020     sysbios.aer4ft : BIOS.obj (.text:ti_sysbios_knl_Clock_Module_startup__E)
                  00008460    00000020     mss_per4ft.oer4ft (.text:ti_sysbios_knl_Semaphore_destruct)
                  00008480    00000020     sysbios.aer4ft : BIOS.obj (.text:xdc_runtime_SysMin_Module_startup__E)
                  000084a0    0000001e     rtsv7R4_T_le_v3D16_eabi.lib : strcat.obj (.text)
                  000084be    0000001c     libsoc_xwr16xx.aer4f : soc_xwr16xx_mss.oer4f (.text:CSL_FEXTR)
                  000084da    00000002     --HOLE-- [fill = 0]
                  000084dc    0000001c     sysbios.aer4ft : arm_TaskSupport_asm.obj (.text:_ti_sysbios_family_arm_TaskSupport_glue)
                  000084f8    0000001c     rtsv7R4_T_le_v3D16_eabi.lib : memccpy.obj (.text)
                  00008514    0000001c     mss_per4ft.oer4ft (.text:ti_sysbios_BIOS_rtsLock__I)
                  00008530    0000001c     sysbios.aer4ft : BIOS.obj (.text:ti_sysbios_family_arm_v7r_vim_Hwi_clearInterrupt__E)
                  0000854c    00000004     --HOLE-- [fill = 0]
                  00008550    0000001c                    : BIOS.obj (.text:ti_sysbios_gates_GateMutex_Instance_init__E)
                  0000856c    00000004     --HOLE-- [fill = 0]
                  00008570    0000001c                    : BIOS.obj (.text:ti_sysbios_gates_GateMutex_leave__E)
                  0000858c    0000001c     mss_per4ft.oer4ft (.text:ti_sysbios_knl_Queue_destruct)
                  000085a8    0000001a     libsoc_xwr16xx.aer4f : soc.oer4f (.text:CSL_FEXTR)
                  000085c2    0000001a     mss_per4ft.oer4ft (.text:free)
                  000085dc    0000001a     rtsv7R4_T_le_v3D16_eabi.lib : s_copysign.obj (.text)
                  000085f6    0000001a     mss_per4ft.oer4ft (.text:ti_sysbios_gates_GateHwi_Handle__label__S)
                  00008610    0000001a     mss_per4ft.oer4ft (.text:ti_sysbios_gates_GateMutex_Handle__label__S)
                  0000862a    0000001a     mss_per4ft.oer4ft (.text:ti_sysbios_heaps_HeapMem_Handle__label__S)
                  00008644    0000001a     mss_per4ft.oer4ft (.text:xdc_runtime_System_aprintf__E)
                  0000865e    0000001a     mss_per4ft.oer4ft (.text:xdc_runtime_System_printf__E)
                  00008678    00000018     sysbios.aer4ft : arm_TaskSupport_asm.obj (.text:_ti_sysbios_family_arm_TaskSupport_swap__E)
                  00008690    00000018     rtsv7R4_T_le_v3D16_eabi.lib : args_main.obj (.text)
                  000086a8    00000018                                 : strcmp.obj (.text)
                  000086c0    00000018     mss_per4ft.oer4ft (.text:ti_sysbios_BIOS_rtsUnlock__I)
                  000086d8    00000018     sysbios.aer4ft : BIOS.obj (.text:ti_sysbios_family_arm_v7a_Pmu_initCounters__I)
                  000086f0    00000018     mss_per4ft.oer4ft (.text:ti_sysbios_family_arm_v7r_vim_Hwi_Module__startupDone__F)
                  00008708    00000018     mss_per4ft.oer4ft (.text:ti_sysbios_family_arm_v7r_vim_Hwi_Params__init__S)
                  00008720    00000018     mss_per4ft.oer4ft (.text:ti_sysbios_knl_Task_Params__init__S)
                  00008738    00000008     --HOLE-- [fill = 0]
                  00008740    00000018     sysbios.aer4ft : BIOS.obj (.text:ti_sysbios_knl_Task_enter__I)
                  00008758    00000018     mss_per4ft.oer4ft (.text:ti_sysbios_timers_rti_Timer_Module__startupDone__F)
                  00008770    00000018     sysbios.aer4ft : BIOS.obj (.text:xdc_runtime_Error_init__E)
                  00008788    00000016     rtsv7R4_T_le_v3D16_eabi.lib : strchr.obj (.text)
                  0000879e    00000016                                 : strlen.obj (.text)
                  000087b4    00000016     mss_per4ft.oer4ft (.text:ti_sysbios_BIOS_exitFunc__I)
                  000087ca    00000006     --HOLE-- [fill = 0]
                  000087d0    00000016     sysbios.aer4ft : BIOS.obj (.text:ti_sysbios_knl_Idle_loop__E)
                  000087e6    00000014     libosal_xwr16xx.aer4f : HwiP_tirtos.oer4f (.text:HwiP_Params_init)
                  000087fa    00000002     --HOLE-- [fill = 0]
                  000087fc    00000014     libtestlogger_xwr16xx.aer4f : logger.oer4f (.text:MCPI_setTestResult)
                  00008810    00000014     libosal_xwr16xx.aer4f : DebugP_tirtos.oer4f (.text:_DebugP_assert)
                  00008824    00000014     rtsv7R4_T_le_v3D16_eabi.lib : _lock.obj (.text)
                  00008838    00000014                                 : strcpy.obj (.text)
                  0000884c    00000014     mss_per4ft.oer4ft (.text:ti_sysbios_heaps_HeapMem_Object__get__S)
                  00008860    00000014     mss_per4ft.oer4ft (.text:ti_sysbios_knl_Swi_Object__get__S)
                  00008874    00000012     libosal_xwr16xx.aer4f : MemoryP_tirtos.oer4f (.text:MemoryP_ctrlAlloc)
                  00008886    0000000a     --HOLE-- [fill = 0]
                  00008890    00000012     sysbios.aer4ft : BIOS.obj (.text:ti_sysbios_hal_Hwi_Module_startup__E)
                  000088a2    00000012     mss_per4ft.oer4ft (.text:xdc_runtime_Startup_exec__I)
                  000088b4    00000010     qspi.oer4f (.text:QSPI_Params_init)
                  000088c4    0000000c     --HOLE-- [fill = 0]
                  000088d0    00000010     sysbios.aer4ft : BIOS.obj (.text:ti_sysbios_BIOS_exit__E)
                  000088e0    00000010                    : BIOS.obj (.text:ti_sysbios_BIOS_setThreadType__E)
                  000088f0    00000010                    : BIOS.obj (.text:ti_sysbios_BIOS_start__E)
                  00008900    00000010                    : BIOS.obj (.text:ti_sysbios_family_arm_v7a_Pmu_getNumCounters__E)
                  00008910    00000010                    : BIOS.obj (.text:ti_sysbios_gates_GateMutex_Instance_finalize__E)
                  00008920    00000010     mss_per4ft.oer4ft (.text:ti_sysbios_heaps_HeapBuf_Object__get__S)
                  00008930    00000010     sysbios.aer4ft : BIOS.obj (.text:ti_sysbios_knl_Semaphore_Instance_finalize__E)
                  00008940    00000010                    : BIOS.obj (.text:ti_sysbios_knl_Swi_disable__E)
                  00008950    00000010     mss_per4ft.oer4ft (.text:ti_sysbios_knl_Task_Object__get__S)
                  00008960    00000010     sysbios.aer4ft : BIOS.obj (.text:ti_sysbios_knl_Task_disable__E)
                  00008970    00000010                    : BIOS.obj (.text:xdc_runtime_Memory_free__E)
                  00008980    00000010     mss_per4ft.oer4ft (.text:xdc_runtime_Text_visitRope__I)
                  00008990    0000000e     sysbios.aer4ft : BIOS.obj (.text:ti_sysbios_knl_Queue_empty__E)
                  0000899e    00000002     --HOLE-- [fill = 0]
                  000089a0    0000000c                    : BIOS.obj (.text:ti_sysbios_family_arm_TaskSupport_checkStack__E)
                  000089ac    00000004     --HOLE-- [fill = 0]
                  000089b0    0000000c                    : BIOS.obj (.text:ti_sysbios_family_arm_TaskSupport_getStackAlignment__E)
                  000089bc    00000004     --HOLE-- [fill = 0]
                  000089c0    0000000c                    : BIOS.obj (.text:ti_sysbios_family_arm_exc_Exception_Module_startup__E)
                  000089cc    00000004     --HOLE-- [fill = 0]
                  000089d0    0000000c                    : BIOS.obj (.text:ti_sysbios_family_arm_v7r_vim_Hwi_switchFromBootStack__E)
                  000089dc    00000004     --HOLE-- [fill = 0]
                  000089e0    0000000c                    : BIOS.obj (.text:xdc_runtime_Startup_rtsDone__E)
                  000089ec    00000004     --HOLE-- [fill = 0]
                  000089f0    0000000c                    : BIOS.obj (.text:xdc_runtime_SysStd_exit__E)
                  000089fc    00000004     --HOLE-- [fill = 0]
                  00008a00    00000008                    : BIOS.obj (.text:ti_sysbios_gates_GateHwi_enter__E)
                  00008a08    00000008     --HOLE-- [fill = 0]
                  00008a10    00000006                    : BIOS.obj (.text:ti_sysbios_family_arm_v7r_vim_Hwi_startup__E)
                  00008a16    0000000a     --HOLE-- [fill = 0]
                  00008a20    00000006                    : BIOS.obj (.text:ti_sysbios_gates_GateHwi_leave__E)
                  00008a26    0000000a     --HOLE-- [fill = 0]
                  00008a30    00000006                    : BIOS.obj (.text:ti_sysbios_heaps_HeapMem_isBlocking__E)
                  00008a36    0000000a     --HOLE-- [fill = 0]
                  00008a40    00000006                    : BIOS.obj (.text:ti_sysbios_knl_Queue_Instance_init__E)
                  00008a46    0000000a     --HOLE-- [fill = 0]
                  00008a50    00000006                    : BIOS.obj (.text:xdc_runtime_System_Module_startup__E)
                  00008a56    0000000a     --HOLE-- [fill = 0]
                  00008a60    00000004                    : BIOS.obj (.text:ti_sysbios_gates_GateHwi_query__E)
                  00008a64    0000000c     --HOLE-- [fill = 0]
                  00008a70    00000004                    : BIOS.obj (.text:ti_sysbios_gates_GateMutex_query__E)
                  00008a74    0000000c     --HOLE-- [fill = 0]
                  00008a80    00000004                    : BIOS.obj (.text:ti_sysbios_knl_Task_startup__E)
                  00008a84    0000000c     --HOLE-- [fill = 0]
                  00008a90    00000004                    : BIOS.obj (.text:ti_sysbios_timers_rti_Timer_getMaxTicks__E)
                  00008a94    0000000c     --HOLE-- [fill = 0]
                  00008aa0    00000004                    : BIOS.obj (.text:xdc_runtime_SysStd_putch__E)
                  00008aa4    0000000c     --HOLE-- [fill = 0]
                  00008ab0    00000004                    : BIOS.obj (.text:xdc_runtime_SysStd_ready__E)
                  00008ab4    0000000c     --HOLE-- [fill = 0]
                  00008ac0    00000002                    : BIOS.obj (.text:ti_sysbios_BIOS_linkedWithIncorrectBootLibrary__E)
                  00008ac2    0000000e     --HOLE-- [fill = 0]
                  00008ad0    00000002                    : BIOS.obj (.text:ti_sysbios_gates_GateHwi_Instance_init__E)

.const     0    00008ad8    000022b0     
                  00008ad8    00001a9f     mss_per4ft.oer4ft (.const:xdc_runtime_Text_charTab__A)
                  0000a577    00000101     rtsv7R4_T_le_v3D16_eabi.lib : ctype.obj (.const:.string:_ctypes_)
                  0000a678    000000dc     mss_per4ft.oer4ft (.const:xdc_runtime_Text_nodeTab__A)
                  0000a754    00000080     mss_per4ft.oer4ft (.const:ti_sysbios_family_arm_v7r_vim_Hwi_channelMap__A)
                  0000a7d4    00000048     mss_per4ft.oer4ft (.const:.string)
                  0000a81c    0000003c     mss_per4ft.oer4ft (.const:ti_sysbios_knl_Task_Object__PARAMS__C)
                  0000a858    00000030     mss_per4ft.oer4ft (.const:ti_sysbios_family_arm_v7r_vim_Hwi_Object__PARAMS__C)
                  0000a888    00000030     mss_per4ft.oer4ft (.const:xdc_runtime_Startup_sfxnTab__A)
                  0000a8b8    00000028     mss_per4ft.oer4ft (.const:ti_sysbios_heaps_HeapMem_Module__FXNS__C)
                  0000a8e0    00000024     mss_per4ft.oer4ft (.const:ti_sysbios_gates_GateHwi_Module__FXNS__C)
                  0000a904    00000024     mss_per4ft.oer4ft (.const:ti_sysbios_gates_GateMutex_Module__FXNS__C)
                  0000a928    00000024     mss_per4ft.oer4ft (.const:ti_sysbios_heaps_HeapMem_Object__PARAMS__C)
                  0000a94c    00000024     mss_per4ft.oer4ft (.const:ti_sysbios_knl_Semaphore_Object__PARAMS__C)
                  0000a970    00000020     mss_per4ft.oer4ft (.const:ti_sysbios_family_arm_v7r_vim_Hwi_Object__DESC__C)
                  0000a990    00000020     mss_per4ft.oer4ft (.const:ti_sysbios_gates_GateHwi_Object__DESC__C)
                  0000a9b0    00000020     mss_per4ft.oer4ft (.const:ti_sysbios_gates_GateMutex_Object__DESC__C)
                  0000a9d0    00000020     mss_per4ft.oer4ft (.const:ti_sysbios_heaps_HeapMem_Object__DESC__C)
                  0000a9f0    00000020     mss_per4ft.oer4ft (.const:ti_sysbios_knl_Queue_Object__DESC__C)
                  0000aa10    00000020     mss_per4ft.oer4ft (.const:ti_sysbios_knl_Semaphore_Object__DESC__C)
                  0000aa30    00000020     mss_per4ft.oer4ft (.const:ti_sysbios_knl_Task_Object__DESC__C)
                  0000aa50    00000018     mss_per4ft.oer4ft (.const:ti_sysbios_gates_GateHwi_Object__PARAMS__C)
                  0000aa68    00000018     mss_per4ft.oer4ft (.const:ti_sysbios_gates_GateMutex_Object__PARAMS__C)
                  0000aa80    00000018     mss_per4ft.oer4ft (.const:ti_sysbios_knl_Queue_Object__PARAMS__C)
                  0000aa98    00000018     mss_per4ft.oer4ft (.const:xdc_runtime_Startup_sfxnRts__A)
                  0000aab0    00000010     qspi.oer4f (.const:QSPI_defaultParams)
                  0000aac0    00000010     mss_per4ft.oer4ft (.const:ti_sysbios_family_arm_v7r_vim_Hwi_intReqEnaSet__A)
                  0000aad0    00000010     mss_per4ft.oer4ft (.const:ti_sysbios_family_arm_v7r_vim_Hwi_wakeEnaSet__A)
                  0000aae0    00000008     mss_per4ft.oer4ft (.const:ti_sysbios_knl_Idle_funcList__C)
                  0000aae8    00000008     mss_per4ft.oer4ft (.const:xdc_runtime_Startup_firstFxns__A)
                  0000aaf0    00000008     mss_per4ft.oer4ft (.const:xdc_runtime_Startup_firstFxns__C)
                  0000aaf8    00000008     mss_per4ft.oer4ft (.const:xdc_runtime_Startup_lastFxns__C)
                  0000ab00    00000004     mss_per4ft.oer4ft (.const:ti_sysbios_family_arm_TaskSupport_stackAlignment__C)
                  0000ab04    00000004     mss_per4ft.oer4ft (.const:ti_sysbios_family_arm_exc_Exception_E_dataAbort__C)
                  0000ab08    00000004     mss_per4ft.oer4ft (.const:ti_sysbios_family_arm_exc_Exception_E_prefetchAbort__C)
                  0000ab0c    00000004     mss_per4ft.oer4ft (.const:ti_sysbios_family_arm_exc_Exception_E_swi__C)
                  0000ab10    00000004     mss_per4ft.oer4ft (.const:ti_sysbios_family_arm_exc_Exception_E_undefinedInstruction__C)
                  0000ab14    00000004     mss_per4ft.oer4ft (.const:ti_sysbios_family_arm_exc_Exception_excHookFuncs__A)
                  0000ab18    00000004     mss_per4ft.oer4ft (.const:ti_sysbios_family_arm_exc_Exception_excHookFuncs__C)
                  0000ab1c    00000004     mss_per4ft.oer4ft (.const:ti_sysbios_family_arm_v7r_tms570_Core_E_mismatchedIds__C)
                  0000ab20    00000004     mss_per4ft.oer4ft (.const:ti_sysbios_family_arm_v7r_tms570_Core_id__C)
                  0000ab24    00000004     mss_per4ft.oer4ft (.const:ti_sysbios_family_arm_v7r_vim_Hwi_A_badChannelId__C)
                  0000ab28    00000004     mss_per4ft.oer4ft (.const:ti_sysbios_family_arm_v7r_vim_Hwi_E_alreadyDefined__C)
                  0000ab2c    00000004     mss_per4ft.oer4ft (.const:ti_sysbios_family_arm_v7r_vim_Hwi_E_badIntNum__C)
                  0000ab30    00000004     mss_per4ft.oer4ft (.const:ti_sysbios_family_arm_v7r_vim_Hwi_E_phantomInterrupt__C)
                  0000ab34    00000004     mss_per4ft.oer4ft (.const:ti_sysbios_family_arm_v7r_vim_Hwi_E_undefined__C)
                  0000ab38    00000004     mss_per4ft.oer4ft (.const:ti_sysbios_family_arm_v7r_vim_Hwi_E_unsupportedMaskingOption__C)
                  0000ab3c    00000004     mss_per4ft.oer4ft (.const:ti_sysbios_family_arm_v7r_vim_Hwi_LD_end__C)
                  0000ab40    00000004     mss_per4ft.oer4ft (.const:ti_sysbios_family_arm_v7r_vim_Hwi_LM_begin__C)
                  0000ab44    00000004     mss_per4ft.oer4ft (.const:ti_sysbios_family_arm_v7r_vim_Hwi_Module__diagsEnabled__C)
                  0000ab48    00000004     mss_per4ft.oer4ft (.const:ti_sysbios_family_arm_v7r_vim_Hwi_Module__diagsIncluded__C)
                  0000ab4c    00000004     mss_per4ft.oer4ft (.const:ti_sysbios_family_arm_v7r_vim_Hwi_Module__diagsMask__C)
                  0000ab50    00000004     mss_per4ft.oer4ft (.const:ti_sysbios_family_arm_v7r_vim_Hwi_Module__loggerFxn1__C)
                  0000ab54    00000004     mss_per4ft.oer4ft (.const:ti_sysbios_family_arm_v7r_vim_Hwi_Module__loggerFxn8__C)
                  0000ab58    00000004     mss_per4ft.oer4ft (.const:ti_sysbios_family_arm_v7r_vim_Hwi_Module__loggerObj__C)
                  0000ab5c    00000004     mss_per4ft.oer4ft (.const:ti_sysbios_family_arm_v7r_vim_Hwi_NUM_INTERRUPTS__C)
                  0000ab60    00000004     mss_per4ft.oer4ft (.const:ti_sysbios_family_arm_v7r_vim_Hwi_channelMap__C)
                  0000ab64    00000004     mss_per4ft.oer4ft (.const:ti_sysbios_family_arm_v7r_vim_Hwi_intReqEnaSet__C)
                  0000ab68    00000004     mss_per4ft.oer4ft (.const:ti_sysbios_family_arm_v7r_vim_Hwi_phantomFunc__C)
                  0000ab6c    00000004     mss_per4ft.oer4ft (.const:ti_sysbios_family_arm_v7r_vim_Hwi_swiDisable__C)
                  0000ab70    00000004     mss_per4ft.oer4ft (.const:ti_sysbios_family_arm_v7r_vim_Hwi_swiRestoreHwi__C)
                  0000ab74    00000004     mss_per4ft.oer4ft (.const:ti_sysbios_family_arm_v7r_vim_Hwi_taskDisable__C)
                  0000ab78    00000004     mss_per4ft.oer4ft (.const:ti_sysbios_family_arm_v7r_vim_Hwi_taskRestoreHwi__C)
                  0000ab7c    00000004     mss_per4ft.oer4ft (.const:ti_sysbios_family_arm_v7r_vim_Hwi_wakeEnaSet__C)
                  0000ab80    00000004     mss_per4ft.oer4ft (.const:ti_sysbios_gates_GateMutex_A_badContext__C)
                  0000ab84    00000004     mss_per4ft.oer4ft (.const:ti_sysbios_gates_GateMutex_Instance_State_sem__O)
                  0000ab88    00000004     mss_per4ft.oer4ft (.const:ti_sysbios_gates_GateMutex_Module__diagsEnabled__C)
                  0000ab8c    00000004     mss_per4ft.oer4ft (.const:ti_sysbios_gates_GateMutex_Module__diagsIncluded__C)
                  0000ab90    00000004     mss_per4ft.oer4ft (.const:ti_sysbios_gates_GateMutex_Module__diagsMask__C)
                  0000ab94    00000004     mss_per4ft.oer4ft (.const:ti_sysbios_hal_Hwi_E_stackOverflow__C)
                  0000ab98    00000004     mss_per4ft.oer4ft (.const:ti_sysbios_heaps_HeapBuf_Instance_State_freeList__O)
                  0000ab9c    00000004     mss_per4ft.oer4ft (.const:ti_sysbios_heaps_HeapBuf_Object__count__C)
                  0000aba0    00000004     mss_per4ft.oer4ft (.const:ti_sysbios_heaps_HeapBuf_numConstructedHeaps__C)
                  0000aba4    00000004     mss_per4ft.oer4ft (.const:ti_sysbios_heaps_HeapMem_A_align__C)
                  0000aba8    00000004     mss_per4ft.oer4ft (.const:ti_sysbios_heaps_HeapMem_A_heapSize__C)
                  0000abac    00000004     mss_per4ft.oer4ft (.const:ti_sysbios_heaps_HeapMem_A_invalidFree__C)
                  0000abb0    00000004     mss_per4ft.oer4ft (.const:ti_sysbios_heaps_HeapMem_A_zeroBlock__C)
                  0000abb4    00000004     mss_per4ft.oer4ft (.const:ti_sysbios_heaps_HeapMem_E_memory__C)
                  0000abb8    00000004     mss_per4ft.oer4ft (.const:ti_sysbios_heaps_HeapMem_Module__diagsEnabled__C)
                  0000abbc    00000004     mss_per4ft.oer4ft (.const:ti_sysbios_heaps_HeapMem_Module__diagsIncluded__C)
                  0000abc0    00000004     mss_per4ft.oer4ft (.const:ti_sysbios_heaps_HeapMem_Module__diagsMask__C)
                  0000abc4    00000004     mss_per4ft.oer4ft (.const:ti_sysbios_heaps_HeapMem_Module__gateObj__C)
                  0000abc8    00000004     mss_per4ft.oer4ft (.const:ti_sysbios_heaps_HeapMem_Object__count__C)
                  0000abcc    00000004     mss_per4ft.oer4ft (.const:ti_sysbios_heaps_HeapMem_reqAlign__C)
                  0000abd0    00000004     mss_per4ft.oer4ft (.const:ti_sysbios_knl_Clock_LM_begin__C)
                  0000abd4    00000004     mss_per4ft.oer4ft (.const:ti_sysbios_knl_Clock_LM_tick__C)
                  0000abd8    00000004     mss_per4ft.oer4ft (.const:ti_sysbios_knl_Clock_LW_delayed__C)
                  0000abdc    00000004     mss_per4ft.oer4ft (.const:ti_sysbios_knl_Clock_Module_State_clockQ__O)
                  0000abe0    00000004     mss_per4ft.oer4ft (.const:ti_sysbios_knl_Clock_Module__diagsEnabled__C)
                  0000abe4    00000004     mss_per4ft.oer4ft (.const:ti_sysbios_knl_Clock_Module__diagsIncluded__C)
                  0000abe8    00000004     mss_per4ft.oer4ft (.const:ti_sysbios_knl_Clock_Module__diagsMask__C)
                  0000abec    00000004     mss_per4ft.oer4ft (.const:ti_sysbios_knl_Clock_Module__loggerFxn1__C)
                  0000abf0    00000004     mss_per4ft.oer4ft (.const:ti_sysbios_knl_Clock_Module__loggerFxn2__C)
                  0000abf4    00000004     mss_per4ft.oer4ft (.const:ti_sysbios_knl_Clock_Module__loggerObj__C)
                  0000abf8    00000004     mss_per4ft.oer4ft (.const:ti_sysbios_knl_Idle_funcList__A)
                  0000abfc    00000004     mss_per4ft.oer4ft (.const:ti_sysbios_knl_Semaphore_A_badContext__C)
                  0000ac00    00000004     mss_per4ft.oer4ft (.const:ti_sysbios_knl_Semaphore_A_noEvents__C)
                  0000ac04    00000004     mss_per4ft.oer4ft (.const:ti_sysbios_knl_Semaphore_A_overflow__C)
                  0000ac08    00000004     mss_per4ft.oer4ft (.const:ti_sysbios_knl_Semaphore_A_pendTaskDisabled__C)
                  0000ac0c    00000004     mss_per4ft.oer4ft (.const:ti_sysbios_knl_Semaphore_Instance_State_pendQ__O)
                  0000ac10    00000004     mss_per4ft.oer4ft (.const:ti_sysbios_knl_Semaphore_LM_pend__C)
                  0000ac14    00000004     mss_per4ft.oer4ft (.const:ti_sysbios_knl_Semaphore_LM_post__C)
                  0000ac18    00000004     mss_per4ft.oer4ft (.const:ti_sysbios_knl_Semaphore_Module__diagsEnabled__C)
                  0000ac1c    00000004     mss_per4ft.oer4ft (.const:ti_sysbios_knl_Semaphore_Module__diagsIncluded__C)
                  0000ac20    00000004     mss_per4ft.oer4ft (.const:ti_sysbios_knl_Semaphore_Module__diagsMask__C)
                  0000ac24    00000004     mss_per4ft.oer4ft (.const:ti_sysbios_knl_Semaphore_Module__loggerFxn2__C)
                  0000ac28    00000004     mss_per4ft.oer4ft (.const:ti_sysbios_knl_Semaphore_Module__loggerFxn4__C)
                  0000ac2c    00000004     mss_per4ft.oer4ft (.const:ti_sysbios_knl_Semaphore_Module__loggerObj__C)
                  0000ac30    00000004     mss_per4ft.oer4ft (.const:ti_sysbios_knl_Swi_LD_end__C)
                  0000ac34    00000004     mss_per4ft.oer4ft (.const:ti_sysbios_knl_Swi_LM_begin__C)
                  0000ac38    00000004     mss_per4ft.oer4ft (.const:ti_sysbios_knl_Swi_LM_post__C)
                  0000ac3c    00000004     mss_per4ft.oer4ft (.const:ti_sysbios_knl_Swi_Module__diagsEnabled__C)
                  0000ac40    00000004     mss_per4ft.oer4ft (.const:ti_sysbios_knl_Swi_Module__diagsIncluded__C)
                  0000ac44    00000004     mss_per4ft.oer4ft (.const:ti_sysbios_knl_Swi_Module__diagsMask__C)
                  0000ac48    00000004     mss_per4ft.oer4ft (.const:ti_sysbios_knl_Swi_Module__loggerFxn1__C)
                  0000ac4c    00000004     mss_per4ft.oer4ft (.const:ti_sysbios_knl_Swi_Module__loggerFxn4__C)
                  0000ac50    00000004     mss_per4ft.oer4ft (.const:ti_sysbios_knl_Swi_Module__loggerObj__C)
                  0000ac54    00000004     mss_per4ft.oer4ft (.const:ti_sysbios_knl_Swi_Object__count__C)
                  0000ac58    00000004     mss_per4ft.oer4ft (.const:ti_sysbios_knl_Task_A_badPriority__C)
                  0000ac5c    00000004     mss_per4ft.oer4ft (.const:ti_sysbios_knl_Task_A_badTaskState__C)
                  0000ac60    00000004     mss_per4ft.oer4ft (.const:ti_sysbios_knl_Task_A_badThreadType__C)
                  0000ac64    00000004     mss_per4ft.oer4ft (.const:ti_sysbios_knl_Task_A_noPendElem__C)
                  0000ac68    00000004     mss_per4ft.oer4ft (.const:ti_sysbios_knl_Task_E_spOutOfBounds__C)
                  0000ac6c    00000004     mss_per4ft.oer4ft (.const:ti_sysbios_knl_Task_E_stackOverflow__C)
                  0000ac70    00000004     mss_per4ft.oer4ft (.const:ti_sysbios_knl_Task_LD_block__C)
                  0000ac74    00000004     mss_per4ft.oer4ft (.const:ti_sysbios_knl_Task_LD_exit__C)
                  0000ac78    00000004     mss_per4ft.oer4ft (.const:ti_sysbios_knl_Task_LD_ready__C)
                  0000ac7c    00000004     mss_per4ft.oer4ft (.const:ti_sysbios_knl_Task_LM_switch__C)
                  0000ac80    00000004     mss_per4ft.oer4ft (.const:ti_sysbios_knl_Task_Module_State_inactiveQ__O)
                  0000ac84    00000004     mss_per4ft.oer4ft (.const:ti_sysbios_knl_Task_Module__diagsEnabled__C)
                  0000ac88    00000004     mss_per4ft.oer4ft (.const:ti_sysbios_knl_Task_Module__diagsIncluded__C)
                  0000ac8c    00000004     mss_per4ft.oer4ft (.const:ti_sysbios_knl_Task_Module__diagsMask__C)
                  0000ac90    00000004     mss_per4ft.oer4ft (.const:ti_sysbios_knl_Task_Module__loggerFxn2__C)
                  0000ac94    00000004     mss_per4ft.oer4ft (.const:ti_sysbios_knl_Task_Module__loggerFxn4__C)
                  0000ac98    00000004     mss_per4ft.oer4ft (.const:ti_sysbios_knl_Task_Module__loggerObj__C)
                  0000ac9c    00000004     mss_per4ft.oer4ft (.const:ti_sysbios_knl_Task_Object__count__C)
                  0000aca0    00000004     mss_per4ft.oer4ft (.const:ti_sysbios_knl_Task_allBlockedFunc__C)
                  0000aca4    00000004     mss_per4ft.oer4ft (.const:ti_sysbios_knl_Task_defaultStackHeap__C)
                  0000aca8    00000004     mss_per4ft.oer4ft (.const:ti_sysbios_knl_Task_defaultStackSize__C)
                  0000acac    00000004     mss_per4ft.oer4ft (.const:ti_sysbios_knl_Task_numConstructedTasks__C)
                  0000acb0    00000004     mss_per4ft.oer4ft (.const:ti_sysbios_timers_rti_Timer_E_cannotSupport__C)
                  0000acb4    00000004     mss_per4ft.oer4ft (.const:ti_sysbios_timers_rti_Timer_Module__diagsEnabled__C)
                  0000acb8    00000004     mss_per4ft.oer4ft (.const:ti_sysbios_timers_rti_Timer_Module__diagsIncluded__C)
                  0000acbc    00000004     mss_per4ft.oer4ft (.const:ti_sysbios_timers_rti_Timer_Module__diagsMask__C)
                  0000acc0    00000004     mss_per4ft.oer4ft (.const:ti_sysbios_timers_rti_Timer_numTimerDevices__C)
                  0000acc4    00000004     mss_per4ft.oer4ft (.const:ti_sysbios_timers_rti_Timer_startupNeeded__C)
                  0000acc8    00000004     mss_per4ft.oer4ft (.const:xdc_runtime_Assert_E_assertFailed__C)
                  0000accc    00000004     mss_per4ft.oer4ft (.const:xdc_runtime_Core_A_initializedParams__C)
                  0000acd0    00000004     mss_per4ft.oer4ft (.const:xdc_runtime_Core_Module__diagsEnabled__C)
                  0000acd4    00000004     mss_per4ft.oer4ft (.const:xdc_runtime_Core_Module__diagsIncluded__C)
                  0000acd8    00000004     mss_per4ft.oer4ft (.const:xdc_runtime_Core_Module__diagsMask__C)
                  0000acdc    00000004     mss_per4ft.oer4ft (.const:xdc_runtime_Error_E_memory__C)
                  0000ace0    00000004     mss_per4ft.oer4ft (.const:xdc_runtime_Error_Module__diagsEnabled__C)
                  0000ace4    00000004     mss_per4ft.oer4ft (.const:xdc_runtime_Error_Module__diagsIncluded__C)
                  0000ace8    00000004     mss_per4ft.oer4ft (.const:xdc_runtime_Error_Module__diagsMask__C)
                  0000acec    00000004     mss_per4ft.oer4ft (.const:xdc_runtime_Error_Module__loggerFxn8__C)
                  0000acf0    00000004     mss_per4ft.oer4ft (.const:xdc_runtime_Error_Module__loggerObj__C)
                  0000acf4    00000004     mss_per4ft.oer4ft (.const:xdc_runtime_Error_policyFxn__C)
                  0000acf8    00000004     mss_per4ft.oer4ft (.const:xdc_runtime_Error_policy__C)
                  0000acfc    00000004     mss_per4ft.oer4ft (.const:xdc_runtime_Error_raiseHook__C)
                  0000ad00    00000004     mss_per4ft.oer4ft (.const:xdc_runtime_IGateProvider_Interface__BASE__C)
                  0000ad04    00000004     mss_per4ft.oer4ft (.const:xdc_runtime_IHeap_Interface__BASE__C)
                  0000ad08    00000004     mss_per4ft.oer4ft (.const:xdc_runtime_IModule_Interface__BASE__C)
                  0000ad0c    00000004     mss_per4ft.oer4ft (.const:xdc_runtime_Log_L_error__C)
                  0000ad10    00000004     mss_per4ft.oer4ft (.const:xdc_runtime_Memory_defaultHeapInstance__C)
                  0000ad14    00000004     mss_per4ft.oer4ft (.const:xdc_runtime_Startup_execImpl__C)
                  0000ad18    00000004     mss_per4ft.oer4ft (.const:xdc_runtime_Startup_maxPasses__C)
                  0000ad1c    00000004     mss_per4ft.oer4ft (.const:xdc_runtime_Startup_sfxnRts__C)
                  0000ad20    00000004     mss_per4ft.oer4ft (.const:xdc_runtime_Startup_sfxnTab__C)
                  0000ad24    00000004     mss_per4ft.oer4ft (.const:xdc_runtime_SysMin_bufSize__C)
                  0000ad28    00000004     mss_per4ft.oer4ft (.const:xdc_runtime_System_Module__gateObj__C)
                  0000ad2c    00000004     mss_per4ft.oer4ft (.const:xdc_runtime_System_abortFxn__C)
                  0000ad30    00000004     mss_per4ft.oer4ft (.const:xdc_runtime_System_exitFxn__C)
                  0000ad34    00000004     mss_per4ft.oer4ft (.const:xdc_runtime_System_extendFxn__C)
                  0000ad38    00000004     mss_per4ft.oer4ft (.const:xdc_runtime_System_maxAtexitHandlers__C)
                  0000ad3c    00000004     mss_per4ft.oer4ft (.const:xdc_runtime_Text_charTab__C)
                  0000ad40    00000004     mss_per4ft.oer4ft (.const:xdc_runtime_Text_nameEmpty__C)
                  0000ad44    00000004     mss_per4ft.oer4ft (.const:xdc_runtime_Text_nameStatic__C)
                  0000ad48    00000004     mss_per4ft.oer4ft (.const:xdc_runtime_Text_nameUnknown__C)
                  0000ad4c    00000004     mss_per4ft.oer4ft (.const:xdc_runtime_Text_nodeTab__C)
                  0000ad50    00000004     mss_per4ft.oer4ft (.const:xdc_runtime_Text_visitRopeFxn__C)
                  0000ad54    00000002     mss_per4ft.oer4ft (.const:ti_sysbios_family_arm_exc_Exception_Module__id__C)
                  0000ad56    00000002     mss_per4ft.oer4ft (.const:ti_sysbios_family_arm_v7r_tms570_Core_Module__id__C)
                  0000ad58    00000002     mss_per4ft.oer4ft (.const:ti_sysbios_family_arm_v7r_vim_Hwi_Module__id__C)
                  0000ad5a    00000002     mss_per4ft.oer4ft (.const:ti_sysbios_family_arm_v7r_vim_Hwi_Module__loggerDefined__C)
                  0000ad5c    00000002     mss_per4ft.oer4ft (.const:ti_sysbios_gates_GateMutex_Module__id__C)
                  0000ad5e    00000002     mss_per4ft.oer4ft (.const:ti_sysbios_hal_Hwi_Module__id__C)
                  0000ad60    00000002     mss_per4ft.oer4ft (.const:ti_sysbios_heaps_HeapMem_Module__id__C)
                  0000ad62    00000002     mss_per4ft.oer4ft (.const:ti_sysbios_knl_Clock_Module__id__C)
                  0000ad64    00000002     mss_per4ft.oer4ft (.const:ti_sysbios_knl_Clock_Module__loggerDefined__C)
                  0000ad66    00000002     mss_per4ft.oer4ft (.const:ti_sysbios_knl_Semaphore_Module__id__C)
                  0000ad68    00000002     mss_per4ft.oer4ft (.const:ti_sysbios_knl_Semaphore_Module__loggerDefined__C)
                  0000ad6a    00000002     mss_per4ft.oer4ft (.const:ti_sysbios_knl_Swi_Module__id__C)
                  0000ad6c    00000002     mss_per4ft.oer4ft (.const:ti_sysbios_knl_Swi_Module__loggerDefined__C)
                  0000ad6e    00000002     mss_per4ft.oer4ft (.const:ti_sysbios_knl_Task_Module__id__C)
                  0000ad70    00000002     mss_per4ft.oer4ft (.const:ti_sysbios_knl_Task_Module__loggerDefined__C)
                  0000ad72    00000002     mss_per4ft.oer4ft (.const:ti_sysbios_timers_rti_Timer_Module__id__C)
                  0000ad74    00000002     mss_per4ft.oer4ft (.const:ti_sysbios_timers_rti_Timer_continueOnSuspend__C)
                  0000ad76    00000002     mss_per4ft.oer4ft (.const:xdc_runtime_Core_Module__id__C)
                  0000ad78    00000002     mss_per4ft.oer4ft (.const:xdc_runtime_Error_Module__loggerDefined__C)
                  0000ad7a    00000002     mss_per4ft.oer4ft (.const:xdc_runtime_Error_maxDepth__C)
                  0000ad7c    00000002     mss_per4ft.oer4ft (.const:xdc_runtime_Main_Module__id__C)
                  0000ad7e    00000002     mss_per4ft.oer4ft (.const:xdc_runtime_Memory_Module__id__C)
                  0000ad80    00000002     mss_per4ft.oer4ft (.const:xdc_runtime_Text_charCnt__C)
                  0000ad82    00000002     mss_per4ft.oer4ft (.const:xdc_runtime_Text_isLoaded__C)
                  0000ad84    00000002     mss_per4ft.oer4ft (.const:xdc_runtime_Text_registryModsLastId__C)
                  0000ad86    00000002     mss_per4ft.oer4ft (.const:xdc_runtime_Text_unnamedModsLastId__C)

.cinit     0    0000ad88    00000270     
                  0000ad88    00000227     (.cinit..data.load) [load image, compression = lzss]
                  0000afaf    00000001     --HOLE-- [fill = 0]
                  0000afb0    0000000c     (__TI_handler_table)
                  0000afbc    00000004     --HOLE-- [fill = 0]
                  0000afc0    00000008     (.cinit..MCPILogBuffer.load) [load image, compression = zero_init]
                  0000afc8    00000008     (.cinit..bss.load) [load image, compression = zero_init]
                  0000afd0    00000008     (.cinit.systemHeap.load) [load image, compression = zero_init]
                  0000afd8    00000020     (__TI_cinit_table)

systemHeap 
*          0    08000000    0000a000     UNINITIALIZED
                  08000000    0000a000     mss_per4ft.oer4ft (systemHeap)

.MCPILogBuffer 
*          0    0800a000    00002400     UNINITIALIZED
                  0800a000    00002400     main.oer4f (.MCPILogBuffer)

.bss       0    0800c400    00002238     UNINITIALIZED
                  0800c400    00001000     (.common:ti_sysbios_family_arm_exc_Exception_Module_State_0_excStack_0__A)
                  0800d400    00000800     mss_per4ft.oer4ft (.bss:taskStackSection)
                  0800dc00    00000400     (.common:ti_sysbios_family_arm_v7r_vim_Hwi_Module_State_0_fiqStack__A)
                  0800e000    00000400     (.common:xdc_runtime_SysMin_Module_State_0_outbuf__A)
                  0800e400    00000120     rtsv7R4_T_le_v3D16_eabi.lib : trgmsg.obj (.bss:_CIOBUF_)
                  0800e520    000000a0     (.common:__TI_tmpnams)
                  0800e5c0    00000070     (.common:gEsmMCB)
                  0800e630    00000008     (.common:parmbuf)

.stack     0    0800e640    00001000     UNINITIALIZED
                  0800e640    00001000     --HOLE--

.data      0    0800f640    00000870     UNINITIALIZED
                  0800f640    00000200     mss_per4ft.oer4ft (.data:ti_sysbios_family_arm_v7r_vim_Hwi_Module_State_0_dispatchTable__A)
                  0800f840    000000f0     rtsv7R4_T_le_v3D16_eabi.lib : defs.obj (.data:_ftable)
                  0800f930    00000080     mss_per4ft.oer4ft (.data:ti_sysbios_knl_Swi_Module_State_0_readyQ__A)
                  0800f9b0    00000080     mss_per4ft.oer4ft (.data:ti_sysbios_knl_Task_Module_State_0_readyQ__A)
                  0800fa30    00000078     rtsv7R4_T_le_v3D16_eabi.lib : write.obj (.data:_device)
                  0800faa8    00000050                                 : write.obj (.data:_stream)
                  0800faf8    0000004c     mss_per4ft.oer4ft (.data:ti_sysbios_knl_Task_Object__table__V)
                  0800fb44    00000044     mss_per4ft.oer4ft (.data:ti_sysbios_knl_Task_Module__state__V)
                  0800fb88    00000040     mss_per4ft.oer4ft (.data:ti_sysbios_gates_GateMutex_Object__table__V)
                  0800fbc8    0000003c     mss_per4ft.oer4ft (.data:ti_sysbios_timers_rti_Timer_Object__table__V)
                  0800fc04    00000034     mss_per4ft.oer4ft (.data:ti_sysbios_family_arm_v7r_vim_Hwi_Module__state__V)
                  0800fc38    00000030     mss_per4ft.oer4ft (.data:ti_sysbios_knl_Swi_Object__table__V)
                  0800fc68    0000002c     mss_per4ft.oer4ft (.data:ti_sysbios_family_arm_v7r_vim_Hwi_Object__table__V)
                  0800fc94    0000002c     mss_per4ft.oer4ft (.data:ti_sysbios_knl_Clock_Module__state__V)
                  0800fcc0    00000024     mss_per4ft.oer4ft (.data:ti_sysbios_BIOS_Module__state__V)
                  0800fce4    00000020     mss_per4ft.oer4ft (.data:xdc_runtime_Error_IgnoreBlock)
                  0800fd04    00000020     mss_per4ft.oer4ft (.data:xdc_runtime_System_Module_State_0_atexitHandlers__A)
                  0800fd24    0000001c     mss_per4ft.oer4ft (.data:ti_sysbios_knl_Swi_Module__state__V)
                  0800fd40    00000018     mss_per4ft.oer4ft (.data:ti_sysbios_heaps_HeapMem_Object__table__V)
                  0800fd58    00000018     mss_per4ft.oer4ft (.data:ti_sysbios_timers_rti_Timer_Module_State_0_device__A)
                  0800fd70    00000014     libsoc_xwr16xx.aer4f : soc_xwr16xx_mss.oer4f (.data:gSOCHwAttrib)
                  0800fd84    00000014     mss_per4ft.oer4ft (.data:ti_sysbios_family_arm_exc_Exception_Module__state__V)
                  0800fd98    00000010     rtsv7R4_T_le_v3D16_eabi.lib : defs.obj (.data)
                  0800fda8    00000010     mss_per4ft.oer4ft (.data:ti_sysbios_timers_rti_Timer_Module_State_0_intFreqs__A)
                  0800fdb8    00000010     mss_per4ft.oer4ft (.data:ti_sysbios_timers_rti_Timer_Module__state__V)
                  0800fdc8    0000000c     libtestlogger_xwr16xx.aer4f : logger.oer4f (.data:$O1$$)
                  0800fdd4    0000000c     rtsv7R4_T_le_v3D16_eabi.lib : exit.obj (.data:$O1$$)
                  0800fde0    0000000c     libesm_xwr16xx.aer4f : esm_xwr1xxx.oer4f (.data:gESMHwCfgAttrs)
                  0800fdec    0000000c     qspi_xwr16xx.oer4f (.data:gQSPIHwCfg)
                  0800fdf8    0000000c     mss_per4ft.oer4ft (.data:ti_sysbios_family_arm_v7a_Pmu_Module__state__V)
                  0800fe04    0000000c     mss_per4ft.oer4ft (.data:xdc_runtime_SysMin_Module__state__V)
                  0800fe10    00000008     rtsv7R4_T_le_v3D16_eabi.lib : _lock.obj (.data:$O1$$)
                  0800fe18    00000008     mss_per4ft.oer4ft (.data:ti_sysbios_family_arm_v7r_vim_Hwi_Module__root__V)
                  0800fe20    00000008     mss_per4ft.oer4ft (.data:ti_sysbios_gates_GateHwi_Module__root__V)
                  0800fe28    00000008     mss_per4ft.oer4ft (.data:ti_sysbios_gates_GateMutex_Module__root__V)
                  0800fe30    00000008     mss_per4ft.oer4ft (.data:ti_sysbios_hal_Hwi_Object__table__V)
                  0800fe38    00000008     mss_per4ft.oer4ft (.data:ti_sysbios_heaps_HeapMem_Module__root__V)
                  0800fe40    00000008     mss_per4ft.oer4ft (.data:ti_sysbios_knl_Queue_Module__root__V)
                  0800fe48    00000008     mss_per4ft.oer4ft (.data:ti_sysbios_knl_Semaphore_Module__root__V)
                  0800fe50    00000008     mss_per4ft.oer4ft (.data:ti_sysbios_knl_Task_Module__root__V)
                  0800fe58    00000008     mss_per4ft.oer4ft (.data:ti_sysbios_timers_rti_Timer_Module_State_0_handles__A)
                  0800fe60    00000008     mss_per4ft.oer4ft (.data:xdc_runtime_Registry_Module__state__V)
                  0800fe68    00000008     mss_per4ft.oer4ft (.data:xdc_runtime_Startup_Module__state__V)
                  0800fe70    00000008     mss_per4ft.oer4ft (.data:xdc_runtime_System_Module__state__V)
                  0800fe78    00000004     main.oer4f (.data)
                  0800fe7c    00000004     qspi.oer4f (.data)
                  0800fe80    00000004     rtsv7R4_T_le_v3D16_eabi.lib : errno.obj (.data)
                  0800fe84    00000004                                 : fopen.obj (.data)
                  0800fe88    00000004                                 : open.obj (.data)
                  0800fe8c    00000004                                 : stkdepth_vars.obj (.data)
                  0800fe90    00000004     mss_per4ft.oer4ft (.data:ti_sysbios_family_arm_exc_Exception_Module_State_0_excContext__A)
                  0800fe94    00000004     mss_per4ft.oer4ft (.data:ti_sysbios_family_arm_exc_Exception_Module_State_0_excStackBuffers__A)
                  0800fe98    00000004     mss_per4ft.oer4ft (.data:ti_sysbios_family_arm_exc_Exception_Module_State_0_excStack__A)
                  0800fe9c    00000004     mss_per4ft.oer4ft (.data:ti_sysbios_gates_GateHwi_Object__table__V)
                  0800fea0    00000004     mss_per4ft.oer4ft (.data:ti_sysbios_heaps_HeapBuf_Module__state__V)
                  0800fea4    00000004     mss_per4ft.oer4ft (.data:ti_sysbios_knl_Task_Module_State_0_idleTask__A)
                  0800fea8    00000004     mss_per4ft.oer4ft (.data:xdc_runtime_Memory_Module__state__V)
                  0800feac    00000002     mss_per4ft.oer4ft (.data:ti_sysbios_family_arm_exc_Exception_Module_State_0_excActive__A)
                  0800feae    00000002     mss_per4ft.oer4ft (.data:xdc_runtime_Error_Module__state__V)

MODULE SUMMARY

       Module                          code    ro data   rw data
       ------                          ----    -------   -------
    /home/gtbldadm/nightlybuilds/mmwave_sdk/ti/drivers/qspi/test/xwr16xx/mss_configPkg_xwr16xx/package/cfg/
       mss_per4ft.oer4ft               1818    8667      50756  
    +--+-------------------------------+-------+---------+---------+
       Total:                          1818    8667      50756  
                                                                
    obj_xwr16xx/
       main.oer4f                      1496    0         9220   
       qspi.oer4f                      660     16        4      
       qspi_xwr16xx.oer4f              0       0         12     
    +--+-------------------------------+-------+---------+---------+
       Total:                          2156    16        9236   
                                                                
    /home/gtbldadm/nightlybuilds/mmwave_sdk/scripts/jenkins/../../ti/drivers/esm/lib/libesm_xwr16xx.aer4f
       esm.oer4f                       456     0         112    
       esm_xwr1xxx.oer4f               0       0         12     
    +--+-------------------------------+-------+---------+---------+
       Total:                          456     0         124    
                                                                
    /home/gtbldadm/nightlybuilds/mmwave_sdk/scripts/jenkins/../../ti/drivers/osal/lib/libosal_xwr16xx.aer4f
       HwiP_tirtos.oer4f               164     0         0      
       MemoryP_tirtos.oer4f            28      0         0      
       DebugP_tirtos.oer4f             20      0         0      
    +--+-------------------------------+-------+---------+---------+
       Total:                          212     0         0      
                                                                
    /home/gtbldadm/nightlybuilds/mmwave_sdk/scripts/jenkins/../../ti/drivers/soc/lib/libsoc_xwr16xx.aer4f
       soc_xwr16xx_mss.oer4f           1218    0         20     
       soc.oer4f                       306     0         0      
       soc_mpu.o                       182     0         0      
    +--+-------------------------------+-------+---------+---------+
       Total:                          1706    0         20     
                                                                
    /home/gtbldadm/nightlybuilds/mmwave_sdk/scripts/jenkins/../../ti/utils/testlogger/lib/libtestlogger_xwr16xx.aer4f
       logger.oer4f                    344     0         12     
    +--+-------------------------------+-------+---------+---------+
       Total:                          344     0         12     
                                                                
    /home/gtbldadm/nightlybuilds/mmwave_sdk/ti/drivers/qspi/test/xwr16xx/mss_configPkg_xwr16xx/package/cfg/mss_per4ft.src/sysbios/sysbios.aer4ft
       BIOS.obj                        17114   0         0      
       exc_Exception_asm.obj           308     0         0      
       vim_Hwi_asm.obj                 208     0         0      
       arm_TaskSupport_asm.obj         176     0         0      
       vim_Hwi_asm_switch.obj          152     0         0      
       arm_IntrinsicsSupport_asm.obj   12      0         0      
       tms570_Core_asm.obj             10      0         0      
    +--+-------------------------------+-------+---------+---------+
       Total:                          17980   0         0      
                                                                
    /opt/ti/bios_6_53_02_00/packages/ti/targets/arm/rtsarm/lib/auto_init.aer4ft
       auto_init.oer4ft                160     0         0      
    +--+-------------------------------+-------+---------+---------+
       Total:                          160     0         0      
                                                                
    /opt/ti/bios_6_53_02_00/packages/ti/targets/arm/rtsarm/lib/boot.aer4ft
       boot.oer4ft                     116     0         0      
    +--+-------------------------------+-------+---------+---------+
       Total:                          116     0         0      
                                                                
    /opt/ti/ti-cgt-arm_16.9.6.LTS/lib/rtsv7R4_T_le_v3D16_eabi.lib
       _printfi.obj                    4218    0         0      
       ull_div32.obj                   696     0         0      
       fopen.obj                       456     0         4      
       defs.obj                        0       0         416    
       trgmsg.obj                      108     0         288    
       fputs.obj                       312     0         0      
       ctype.obj                       0       257       0      
       write.obj                       40      0         200    
       s_scalbn.obj                    236     0         0      
       setvbuf.obj                     220     0         0      
       fflush.obj                      204     0         0      
       open.obj                        188     0         4      
       _io_perm.obj                    174     0         0      
       memcpy_t2.obj                   156     0         0      
       fclose.obj                      152     0         0      
       fputc.obj                       152     0         0      
       snprintf.obj                    148     0         0      
       memset_t2.obj                   122     0         0      
       getdevice.obj                   116     0         0      
       s_frexp.obj                     116     0         0      
       printf.obj                      112     0         0      
       copy_decompress_lzss.obj        108     0         0      
       hostlseek.obj                   104     0         0      
       hostrename.obj                  104     0         0      
       fseek.obj                       100     0         0      
       hostopen.obj                    92      0         8      
       exit.obj                        80      0         12     
       hostread.obj                    92      0         0      
       close.obj                       88      0         0      
       hostwrite.obj                   88      0         0      
       ltoa.obj                        84      0         0      
       atoi.obj                        80      0         0      
       u_div32.obj                     80      0         0      
       cpy_tbl.obj                     76      0         0      
       hostclose.obj                   68      0         0      
       hostunlink.obj                  68      0         0      
       strncpy.obj                     54      0         0      
       unlink.obj                      44      0         0      
       lseek.obj                       40      0         0      
       memchr.obj                      32      0         0      
       strcat.obj                      30      0         0      
       _lock.obj                       20      0         8      
       memccpy.obj                     28      0         0      
       s_copysign.obj                  26      0         0      
       args_main.obj                   24      0         0      
       strcmp.obj                      24      0         0      
       strchr.obj                      22      0         0      
       strlen.obj                      22      0         0      
       strcpy.obj                      20      0         0      
       copy_decompress_none.obj        14      0         0      
       copy_zero_init.obj              12      0         0      
       errno.obj                       0       0         4      
       stkdepth_vars.obj               0       0         4      
       i_div0.obj                      2       0         0      
    +--+-------------------------------+-------+---------+---------+
       Total:                          9652    257       948    
                                                                
       Stack:                          0       0         4096   
       Linker Generated:               0       619       0      
    +--+-------------------------------+-------+---------+---------+
       Grand Total:                    34600   9559      65192  


LINKER GENERATED COPY TABLES

__TI_cinit_table @ 0000afd8 records: 4, size/record: 8, table size: 32
	.data: load addr=0000ad88, load size=00000227 bytes, run addr=0800f640, run size=00000870 bytes, compression=lzss
	.MCPILogBuffer: load addr=0000afc0, load size=00000008 bytes, run addr=0800a000, run size=00002400 bytes, compression=zero_init
	.bss: load addr=0000afc8, load size=00000008 bytes, run addr=0800c400, run size=00002238 bytes, compression=zero_init
	systemHeap: load addr=0000afd0, load size=00000008 bytes, run addr=08000000, run size=0000a000 bytes, compression=zero_init


LINKER GENERATED HANDLER TABLE

__TI_handler_table @ 0000afb0 records: 3, size/record: 4, table size: 12
	index: 0, handler: __TI_zero_init
	index: 1, handler: __TI_decompress_lzss
	index: 2, handler: __TI_decompress_none


GLOBAL SYMBOLS: SORTED ALPHABETICALLY BY Name 

address   name                                                                 
-------   ----                                                                 
00007745  C$$EXIT                                                              
00006dff  C$$IO$$                                                              
000073cd  ESM_highpriority_FIQ                                                 
00005bad  ESM_init                                                             
00008355  ESM_lowpriority_IRQ                                                  
00005b01  ESM_processInterrupt                                                 
00007a19  HOSTclose                                                            
00006e39  HOSTlseek                                                            
00007251  HOSTopen                                                             
000072ad  HOSTread                                                             
00006ea1  HOSTrename                                                           
00007a5d  HOSTunlink                                                           
0000747d  HOSTwrite                                                            
000087e7  HwiP_Params_init                                                     
00006841  HwiP_create                                                          
00002cf9  HwiP_disable                                                         
00001aed  HwiP_disableInterrupt                                                
0000117b  HwiP_restore                                                         
0800fdcc  MCPI_FailSignature                                                   
00008279  MCPI_Initialize                                                      
0800fdc8  MCPI_Result                                                          
0800a000  MCPI_logMessage                                                      
000046d5  MCPI_setFeatureTestResult                                            
000087fd  MCPI_setTestResult                                                   
[...]
0000ab3c  ti_sysbios_family_arm_v7r_vim_Hwi_LD_end__C                          
0000ab40  ti_sysbios_family_arm_v7r_vim_Hwi_LM_begin__C                        
0000ab44  ti_sysbios_family_arm_v7r_vim_Hwi_Module__diagsEnabled__C            
0000ab48  ti_sysbios_family_arm_v7r_vim_Hwi_Module__diagsIncluded__C           
0000ab4c  ti_sysbios_family_arm_v7r_vim_Hwi_Module__diagsMask__C               
0000ab50  ti_sysbios_family_arm_v7r_vim_Hwi_Module__loggerFxn1__C              
0000ab54  ti_sysbios_family_arm_v7r_vim_Hwi_Module__loggerFxn8__C              
0000ab58  ti_sysbios_family_arm_v7r_vim_Hwi_Module__loggerObj__C               
0000ab5c  ti_sysbios_family_arm_v7r_vim_Hwi_NUM_INTERRUPTS__C                  
0000ab60  ti_sysbios_family_arm_v7r_vim_Hwi_channelMap__C                      
0000ab64  ti_sysbios_family_arm_v7r_vim_Hwi_intReqEnaSet__C                    
0000ab68  ti_sysbios_family_arm_v7r_vim_Hwi_phantomFunc__C                     
0000ab6c  ti_sysbios_family_arm_v7r_vim_Hwi_swiDisable__C                      
0000ab70  ti_sysbios_family_arm_v7r_vim_Hwi_swiRestoreHwi__C                   
0000ab74  ti_sysbios_family_arm_v7r_vim_Hwi_taskDisable__C                     
0000ab78  ti_sysbios_family_arm_v7r_vim_Hwi_taskRestoreHwi__C                  
0000ab7c  ti_sysbios_family_arm_v7r_vim_Hwi_wakeEnaSet__C                      
0000ab80  ti_sysbios_gates_GateMutex_A_badContext__C                           
0000ab84  ti_sysbios_gates_GateMutex_Instance_State_sem__O                     
0000ab88  ti_sysbios_gates_GateMutex_Module__diagsEnabled__C                   
0000ab8c  ti_sysbios_gates_GateMutex_Module__diagsIncluded__C                  
0000ab90  ti_sysbios_gates_GateMutex_Module__diagsMask__C                      
0000ab94  ti_sysbios_hal_Hwi_E_stackOverflow__C                                
0000ab98  ti_sysbios_heaps_HeapBuf_Instance_State_freeList__O                  
0000ab9c  ti_sysbios_heaps_HeapBuf_Object__count__C                            
0000aba0  ti_sysbios_heaps_HeapBuf_numConstructedHeaps__C                      
0000aba4  ti_sysbios_heaps_HeapMem_A_align__C                                  
0000aba8  ti_sysbios_heaps_HeapMem_A_heapSize__C                               
0000abac  ti_sysbios_heaps_HeapMem_A_invalidFree__C                            
0000abb0  ti_sysbios_heaps_HeapMem_A_zeroBlock__C                              
0000abb4  ti_sysbios_heaps_HeapMem_E_memory__C                                 
0000abb8  ti_sysbios_heaps_HeapMem_Module__diagsEnabled__C                     
0000abbc  ti_sysbios_heaps_HeapMem_Module__diagsIncluded__C                    
0000abc0  ti_sysbios_heaps_HeapMem_Module__diagsMask__C                        
0000abc4  ti_sysbios_heaps_HeapMem_Module__gateObj__C                          
0000abc8  ti_sysbios_heaps_HeapMem_Object__count__C                            
0000abcc  ti_sysbios_heaps_HeapMem_reqAlign__C                                 
0000abd0  ti_sysbios_knl_Clock_LM_begin__C                                     
0000abd4  ti_sysbios_knl_Clock_LM_tick__C                                      
0000abd8  ti_sysbios_knl_Clock_LW_delayed__C                                   
0000abdc  ti_sysbios_knl_Clock_Module_State_clockQ__O                          
0000abe0  ti_sysbios_knl_Clock_Module__diagsEnabled__C                         
0000abe4  ti_sysbios_knl_Clock_Module__diagsIncluded__C                        
0000abe8  ti_sysbios_knl_Clock_Module__diagsMask__C                            
0000abec  ti_sysbios_knl_Clock_Module__loggerFxn1__C                           
0000abf0  ti_sysbios_knl_Clock_Module__loggerFxn2__C                           
0000abf4  ti_sysbios_knl_Clock_Module__loggerObj__C                            
0000abf8  ti_sysbios_knl_Idle_funcList__A                                      
0000abfc  ti_sysbios_knl_Semaphore_A_badContext__C                             
0000ac00  ti_sysbios_knl_Semaphore_A_noEvents__C                               
0000ac04  ti_sysbios_knl_Semaphore_A_overflow__C                               
0000ac08  ti_sysbios_knl_Semaphore_A_pendTaskDisabled__C                       
0000ac0c  ti_sysbios_knl_Semaphore_Instance_State_pendQ__O                     
0000ac10  ti_sysbios_knl_Semaphore_LM_pend__C                                  
0000ac14  ti_sysbios_knl_Semaphore_LM_post__C                                  
0000ac18  ti_sysbios_knl_Semaphore_Module__diagsEnabled__C                     
0000ac1c  ti_sysbios_knl_Semaphore_Module__diagsIncluded__C                    
0000ac20  ti_sysbios_knl_Semaphore_Module__diagsMask__C                        
0000ac24  ti_sysbios_knl_Semaphore_Module__loggerFxn2__C                       
0000ac28  ti_sysbios_knl_Semaphore_Module__loggerFxn4__C                       
0000ac2c  ti_sysbios_knl_Semaphore_Module__loggerObj__C                        
0000ac30  ti_sysbios_knl_Swi_LD_end__C                                         
0000ac34  ti_sysbios_knl_Swi_LM_begin__C                                       
0000ac38  ti_sysbios_knl_Swi_LM_post__C                                        
0000ac3c  ti_sysbios_knl_Swi_Module__diagsEnabled__C                           
0000ac40  ti_sysbios_knl_Swi_Module__diagsIncluded__C                          
0000ac44  ti_sysbios_knl_Swi_Module__diagsMask__C                              
0000ac48  ti_sysbios_knl_Swi_Module__loggerFxn1__C                             
0000ac4c  ti_sysbios_knl_Swi_Module__loggerFxn4__C                             
0000ac50  ti_sysbios_knl_Swi_Module__loggerObj__C                              
0000ac54  ti_sysbios_knl_Swi_Object__count__C                                  
0000ac58  ti_sysbios_knl_Task_A_badPriority__C                                 
0000ac5c  ti_sysbios_knl_Task_A_badTaskState__C                                
0000ac60  ti_sysbios_knl_Task_A_badThreadType__C                               
0000ac64  ti_sysbios_knl_Task_A_noPendElem__C                                  
0000ac68  ti_sysbios_knl_Task_E_spOutOfBounds__C                               
0000ac6c  ti_sysbios_knl_Task_E_stackOverflow__C                               
0000ac70  ti_sysbios_knl_Task_LD_block__C                                      
0000ac74  ti_sysbios_knl_Task_LD_exit__C                                       
0000ac78  ti_sysbios_knl_Task_LD_ready__C                                      
0000ac7c  ti_sysbios_knl_Task_LM_switch__C                                     
0000ac80  ti_sysbios_knl_Task_Module_State_inactiveQ__O                        
0000ac84  ti_sysbios_knl_Task_Module__diagsEnabled__C                          
0000ac88  ti_sysbios_knl_Task_Module__diagsIncluded__C                         
0000ac8c  ti_sysbios_knl_Task_Module__diagsMask__C                             
0000ac90  ti_sysbios_knl_Task_Module__loggerFxn2__C                            
0000ac94  ti_sysbios_knl_Task_Module__loggerFxn4__C                            
0000ac98  ti_sysbios_knl_Task_Module__loggerObj__C                             
0000ac9c  ti_sysbios_knl_Task_Object__count__C                                 
0000aca0  ti_sysbios_knl_Task_allBlockedFunc__C                                
0000aca4  ti_sysbios_knl_Task_defaultStackHeap__C                              
0000aca8  ti_sysbios_knl_Task_defaultStackSize__C                              
0000acac  ti_sysbios_knl_Task_numConstructedTasks__C                           
0000acb0  ti_sysbios_timers_rti_Timer_E_cannotSupport__C                       
0000acb4  ti_sysbios_timers_rti_Timer_Module__diagsEnabled__C                  
0000acb8  ti_sysbios_timers_rti_Timer_Module__diagsIncluded__C                 
0000acbc  ti_sysbios_timers_rti_Timer_Module__diagsMask__C                     
0000acc0  ti_sysbios_timers_rti_Timer_numTimerDevices__C                       
0000acc4  ti_sysbios_timers_rti_Timer_startupNeeded__C                         
0000acc8  xdc_runtime_Assert_E_assertFailed__C                                 
0000accc  xdc_runtime_Core_A_initializedParams__C                              
0000acd0  xdc_runtime_Core_Module__diagsEnabled__C                             
0000acd4  xdc_runtime_Core_Module__diagsIncluded__C                            
0000acd8  xdc_runtime_Core_Module__diagsMask__C                                
0000acdc  xdc_runtime_Error_E_memory__C                                        
0000ace0  xdc_runtime_Error_Module__diagsEnabled__C                            
0000ace4  xdc_runtime_Error_Module__diagsIncluded__C                           
0000ace8  xdc_runtime_Error_Module__diagsMask__C                               
0000acec  xdc_runtime_Error_Module__loggerFxn8__C                              
0000acf0  xdc_runtime_Error_Module__loggerObj__C                               
0000acf4  xdc_runtime_Error_policyFxn__C                                       
0000acf8  xdc_runtime_Error_policy__C                                          
0000acfc  xdc_runtime_Error_raiseHook__C                                       
0000ad00  xdc_runtime_IGateProvider_Interface__BASE__C                         
0000ad04  xdc_runtime_IHeap_Interface__BASE__C                                 
0000ad08  xdc_runtime_IModule_Interface__BASE__C                               
0000ad0c  xdc_runtime_Log_L_error__C                                           
0000ad10  xdc_runtime_Memory_defaultHeapInstance__C                            
0000ad14  xdc_runtime_Startup_execImpl__C                                      
0000ad18  xdc_runtime_Startup_maxPasses__C                                     
0000ad1c  xdc_runtime_Startup_sfxnRts__C                                       
0000ad20  xdc_runtime_Startup_sfxnTab__C                                       
0000ad24  xdc_runtime_SysMin_bufSize__C                                        
0000ad28  xdc_runtime_System_Module__gateObj__C                                
0000ad2c  xdc_runtime_System_abortFxn__C                                       
0000ad30  xdc_runtime_System_exitFxn__C                                        
0000ad34  xdc_runtime_System_extendFxn__C                                      
0000ad38  xdc_runtime_System_maxAtexitHandlers__C                              
0000ad3c  xdc_runtime_Text_charTab__C                                          
0000ad40  xdc_runtime_Text_nameEmpty__C                                        
0000ad44  xdc_runtime_Text_nameStatic__C                                       
0000ad48  xdc_runtime_Text_nameUnknown__C                                      
0000ad4c  xdc_runtime_Text_nodeTab__C                                          
0000ad50  xdc_runtime_Text_visitRopeFxn__C                                     
0000ad54  ti_sysbios_family_arm_exc_Exception_Module__id__C                    
0000ad56  ti_sysbios_family_arm_v7r_tms570_Core_Module__id__C                  
0000ad58  ti_sysbios_family_arm_v7r_vim_Hwi_Module__id__C                      
0000ad5a  ti_sysbios_family_arm_v7r_vim_Hwi_Module__loggerDefined__C           
0000ad5c  ti_sysbios_gates_GateMutex_Module__id__C                             
0000ad5e  ti_sysbios_hal_Hwi_Module__id__C                                     
0000ad60  ti_sysbios_heaps_HeapMem_Module__id__C                               
0000ad62  ti_sysbios_knl_Clock_Module__id__C                                   
0000ad64  ti_sysbios_knl_Clock_Module__loggerDefined__C                        
0000ad66  ti_sysbios_knl_Semaphore_Module__id__C                               
0000ad68  ti_sysbios_knl_Semaphore_Module__loggerDefined__C                    
0000ad6a  ti_sysbios_knl_Swi_Module__id__C                                     
0000ad6c  ti_sysbios_knl_Swi_Module__loggerDefined__C                          
0000ad6e  ti_sysbios_knl_Task_Module__id__C                                    
0000ad70  ti_sysbios_knl_Task_Module__loggerDefined__C                         
0000ad72  ti_sysbios_timers_rti_Timer_Module__id__C                            
0000ad74  ti_sysbios_timers_rti_Timer_continueOnSuspend__C                     
0000ad76  xdc_runtime_Core_Module__id__C                                       
0000ad78  xdc_runtime_Error_Module__loggerDefined__C                           
0000ad7a  xdc_runtime_Error_maxDepth__C                                        
0000ad7c  xdc_runtime_Main_Module__id__C                                       
0000ad7e  xdc_runtime_Memory_Module__id__C                                     
0000ad80  xdc_runtime_Text_charCnt__C                                          
0000ad82  xdc_runtime_Text_isLoaded__C                                         
0000ad84  xdc_runtime_Text_registryModsLastId__C                               
0000ad86  xdc_runtime_Text_unnamedModsLastId__C                                
0000afb0  __TI_Handler_Table_Base                                              
0000afbc  __TI_Handler_Table_Limit                                             
0000afd8  __TI_CINIT_Base                                                      
0000aff8  __TI_CINIT_Limit                                                     
08000000  ti_sysbios_heaps_HeapMem_Instance_State_0_buf__A                     
0800a000  MCPI_logMessage                                                      
0800c400  ti_sysbios_family_arm_exc_Exception_Module_State_0_excStack_0__A     
0800d400  ti_sysbios_knl_Task_Instance_State_0_stack__A                        
0800dc00  ti_sysbios_family_arm_v7r_vim_Hwi_Module_State_0_fiqStack__A         
0800e000  xdc_runtime_SysMin_Module_State_0_outbuf__A                          
0800e400  __CIOBUF_                                                            
0800e520  __TI_tmpnams                                                         
0800e5c0  gEsmMCB                                                              
0800e630  parmbuf                                                              
0800e640  __stack                                                              
0800f640  __STACK_END                                                          
0800f640  ti_sysbios_family_arm_v7r_vim_Hwi_Module_State_0_dispatchTable__A    
0800f840  _ftable                                                              
0800f930  ti_sysbios_knl_Swi_Module_State_0_readyQ__A                          
0800f9b0  ti_sysbios_knl_Task_Module_State_0_readyQ__A                         
0800fa30  _device                                                              
0800faa8  _stream                                                              
0800faf8  ti_sysbios_knl_Task_Object__table__V                                 
0800fb44  ti_sysbios_knl_Task_Module__state__V                                 
0800fb88  ti_sysbios_gates_GateMutex_Object__table__V                          
0800fbc8  ti_sysbios_timers_rti_Timer_Object__table__V                         
0800fc04  ti_sysbios_family_arm_v7r_vim_Hwi_Module__state__V                   
0800fc38  ti_sysbios_knl_Swi_Object__table__V                                  
0800fc68  ti_sysbios_family_arm_v7r_vim_Hwi_Object__table__V                   
0800fc94  ti_sysbios_knl_Clock_Module__state__V                                
0800fcc0  ti_sysbios_BIOS_Module__state__V                                     
0800fce4  xdc_runtime_Error_IgnoreBlock                                        
0800fd04  xdc_runtime_System_Module_State_0_atexitHandlers__A                  
0800fd24  ti_sysbios_knl_Swi_Module__state__V                                  
0800fd40  ti_sysbios_heaps_HeapMem_Object__table__V                            
0800fd58  ti_sysbios_timers_rti_Timer_Module_State_0_device__A                 
0800fd70  gSOCHwAttrib                                                         
0800fd84  ti_sysbios_family_arm_exc_Exception_Module__state__V                 
0800fd98  __TI_ft_end                                                          
0800fd9c  __aeabi_stdin                                                        
0800fda0  __aeabi_stdout                                                       
0800fda4  __aeabi_stderr                                                       
0800fda8  ti_sysbios_timers_rti_Timer_Module_State_0_intFreqs__A               
0800fdb8  ti_sysbios_timers_rti_Timer_Module__state__V                         
0800fdc8  MCPI_Result                                                          
0800fdcc  MCPI_FailSignature                                                   
0800fdd4  __TI_cleanup_ptr                                                     
0800fdd8  __TI_dtors_ptr                                                       
0800fddc  __TI_enable_exit_profile_output                                      
0800fde0  gESMHwCfgAttrs                                                       
0800fdec  gQSPIHwCfg                                                           
0800fdf8  ti_sysbios_family_arm_v7a_Pmu_Module__state__V                       
0800fe04  xdc_runtime_SysMin_Module__state__V                                  
0800fe10  _lock                                                                
0800fe14  _unlock                                                              
0800fe18  ti_sysbios_family_arm_v7r_vim_Hwi_Module__root__V                    
0800fe20  ti_sysbios_gates_GateHwi_Module__root__V                             
0800fe28  ti_sysbios_gates_GateMutex_Module__root__V                           
0800fe30  ti_sysbios_hal_Hwi_Object__table__V                                  
0800fe38  ti_sysbios_heaps_HeapMem_Module__root__V                             
0800fe40  ti_sysbios_knl_Queue_Module__root__V                                 
0800fe48  ti_sysbios_knl_Semaphore_Module__root__V                             
0800fe50  ti_sysbios_knl_Task_Module__root__V                                  
0800fe58  ti_sysbios_timers_rti_Timer_Module_State_0_handles__A                
0800fe60  xdc_runtime_Registry_Module__state__V                                
0800fe68  xdc_runtime_Startup_Module__state__V                                 
0800fe70  xdc_runtime_System_Module__state__V                                  
0800fe78  gMCPILogMessageSize                                                  
0800fe7c  gQSPIDriverPtr                                                       
0800fe80  errno                                                                
0800fe8c  main_func_sp                                                         
0800fe90  ti_sysbios_family_arm_exc_Exception_Module_State_0_excContext__A     
0800fe94  ti_sysbios_family_arm_exc_Exception_Module_State_0_excStackBuffers__A
0800fe98  ti_sysbios_family_arm_exc_Exception_Module_State_0_excStack__A       
0800fe9c  ti_sysbios_gates_GateHwi_Object__table__V                            
0800fea0  ti_sysbios_heaps_HeapBuf_Module__state__V                            
0800fea4  ti_sysbios_knl_Task_Module_State_0_idleTask__A                       
0800fea8  xdc_runtime_Memory_Module__state__V                                  
0800feac  ti_sysbios_family_arm_exc_Exception_Module_State_0_excActive__A      
0800feae  xdc_runtime_Error_Module__state__V                                   
fffffdec  ti_sysbios_family_arm_v7r_vim_Hwi_vim                                
ffffffff  __TI_pprof_out_hndl                                                  
ffffffff  __TI_prof_data_size                                                  
ffffffff  __TI_prof_data_start                                                 
ffffffff  __binit__                                                            
ffffffff  __c_args__                                                           
ffffffff  binit                                                                
UNDEFED   SHT$$INIT_ARRAY$$Base                                                
UNDEFED   SHT$$INIT_ARRAY$$Limit                                               

[657 symbols]
